Component: ARM Compiler 5.06 update 3 (build 300) Tool: armlink [4d35c9]

==============================================================================

Section Cross References

    startup_stm32f10x_hd.o(STACK) refers (Special) to heapauxi.o(.text) for __use_two_region_memory
    startup_stm32f10x_hd.o(HEAP) refers (Special) to heapauxi.o(.text) for __use_two_region_memory
    startup_stm32f10x_hd.o(RESET) refers (Special) to heapauxi.o(.text) for __use_two_region_memory
    startup_stm32f10x_hd.o(RESET) refers to startup_stm32f10x_hd.o(.text) for Reset_Handler
    startup_stm32f10x_hd.o(RESET) refers to stm32f10x_it.o(.text) for NMI_Handler
    startup_stm32f10x_hd.o(RESET) refers to key.o(.text) for EXTI0_IRQHandler
    startup_stm32f10x_hd.o(.text) refers (Special) to heapauxi.o(.text) for __use_two_region_memory
    startup_stm32f10x_hd.o(.text) refers to startup_stm32f10x_hd.o(STACK) for __initial_sp
    startup_stm32f10x_hd.o(.text) refers to __main.o(!!!main) for __main
    startup_stm32f10x_hd.o(.text) refers to startup_stm32f10x_hd.o(HEAP) for Heap_Mem
    main.o(.text) refers to stm32_clock.o(.text) for Stm32_Clock_Init
    main.o(.text) refers to delay.o(.text) for delay_init
    main.o(.text) refers to usart.o(.text) for Init_Usart
    main.o(.text) refers to led.o(.text) for LED_Init
    main.o(.text) refers to pwm.o(.text) for TIM3_PWM_Init
    main.o(.text) refers to wave.o(.text) for TIM4_Init
    main.o(.text) refers to key.o(.text) for KEY_Init
    main.o(.text) refers to noretval__2printf.o(.text) for __2printf
    system_stm32f10x.o(.text) refers to system_stm32f10x.o(.data) for SystemCoreClock
    delay.o(.text) refers to delay.o(.data) for fac_us
    usart.o(.text) refers (Special) to use_no_semi_2.o(.text) for __use_no_semihosting
    usart.o(.text) refers to stm32f10x_usart.o(.text) for USART_GetFlagStatus
    usart.o(.text) refers to stm32f10x_rcc.o(.text) for RCC_APB2PeriphClockCmd
    usart.o(.text) refers to stm32f10x_gpio.o(.text) for GPIO_Init
    usart.o(.data) refers (Special) to use_no_semi_2.o(.text) for __use_no_semihosting
    pwm.o(.text) refers to stm32f10x_rcc.o(.text) for RCC_APB1PeriphClockCmd
    pwm.o(.text) refers to stm32f10x_gpio.o(.text) for GPIO_Init
    key.o(.text) refers to stm32f10x_rcc.o(.text) for RCC_APB2PeriphClockCmd
    key.o(.text) refers to stm32f10x_gpio.o(.text) for GPIO_Init
    key.o(.text) refers to extigroup.o(.text) for Ex_NVIC_Config
    key.o(.text) refers to delay.o(.text) for delay_ms
    key.o(.text) refers to stm32f10x_exti.o(.text) for EXTI_ClearITPendingBit
    wave.o(.text) refers to stm32f10x_rcc.o(.text) for RCC_APB2PeriphClockCmd
    wave.o(.text) refers to stm32f10x_gpio.o(.text) for GPIO_Init
    wave.o(.text) refers to stm32f10x_dma.o(.text) for DMA_StructInit
    wave.o(.text) refers to stm32f10x_tim.o(.text) for TIM_InternalClockConfig
    wave.o(.text) refers to dflt_clz.o(x$fpl$dfltu) for __aeabi_ui2d
    wave.o(.text) refers to dmul.o(x$fpl$dmul) for __aeabi_dmul
    wave.o(.text) refers to ddiv.o(x$fpl$ddiv) for __aeabi_ddiv
    wave.o(.text) refers to sin.o(i.sin) for sin
    wave.o(.text) refers to daddsub_clz.o(x$fpl$dadd) for __aeabi_dadd
    wave.o(.text) refers to dfixu.o(x$fpl$dfixu) for __aeabi_d2uiz
    wave.o(.text) refers to wave.o(.bss) for sinwave_val
    stm32f10x_gpio.o(.text) refers to stm32f10x_rcc.o(.text) for RCC_APB2PeriphResetCmd
    stm32f10x_rcc.o(.text) refers to stm32f10x_rcc.o(.data) for APBAHBPrescTable
    stm32f10x_usart.o(.text) refers to stm32f10x_rcc.o(.text) for RCC_APB2PeriphResetCmd
    stm32f10x_dac.o(.text) refers to stm32f10x_rcc.o(.text) for RCC_APB1PeriphResetCmd
    stm32f10x_adc.o(.text) refers to stm32f10x_rcc.o(.text) for RCC_APB2PeriphResetCmd
    stm32f10x_tim.o(.text) refers to stm32f10x_rcc.o(.text) for RCC_APB2PeriphResetCmd
    use_no_semi_2.o(.text) refers (Special) to use_no_semi.o(.text) for __use_no_semihosting_swi
    __2printf.o(.text) refers to _printf_char_file.o(.text) for _printf_char_file
    __2printf.o(.text) refers to usart.o(.data) for __stdout
    noretval__2printf.o(.text) refers to _printf_char_file.o(.text) for _printf_char_file
    noretval__2printf.o(.text) refers to usart.o(.data) for __stdout
    __main.o(!!!main) refers to __rtentry.o(.ARM.Collect$$rtentry$$00000000) for __rt_entry
    daddsub_clz.o(x$fpl$dadd) refers (Special) to usenofp.o(x$fpl$usenofp) for __I$use$fp
    daddsub_clz.o(x$fpl$dadd) refers to daddsub_clz.o(x$fpl$dsub) for _dsub1
    daddsub_clz.o(x$fpl$dadd) refers to dretinf.o(x$fpl$dretinf) for __fpl_dretinf
    daddsub_clz.o(x$fpl$dadd) refers to dnaninf.o(x$fpl$dnaninf) for __fpl_dnaninf
    daddsub_clz.o(x$fpl$drsb) refers (Special) to usenofp.o(x$fpl$usenofp) for __I$use$fp
    daddsub_clz.o(x$fpl$drsb) refers to daddsub_clz.o(x$fpl$dadd) for _dadd1
    daddsub_clz.o(x$fpl$drsb) refers to daddsub_clz.o(x$fpl$dsub) for _dsub1
    daddsub_clz.o(x$fpl$dsub) refers (Special) to usenofp.o(x$fpl$usenofp) for __I$use$fp
[...]
    libinit.o(.ARM.Collect$$libinit$$00000000) refers (Special) to libinit2.o(.ARM.Collect$$libinit$$00000011) for __rt_lib_init_lc_collate_1
    libinit.o(.ARM.Collect$$libinit$$00000000) refers (Special) to libinit2.o(.ARM.Collect$$libinit$$00000013) for __rt_lib_init_lc_ctype_1
    libinit.o(.ARM.Collect$$libinit$$00000000) refers (Special) to libinit2.o(.ARM.Collect$$libinit$$00000015) for __rt_lib_init_lc_monetary_1
    libinit.o(.ARM.Collect$$libinit$$00000000) refers (Special) to libinit2.o(.ARM.Collect$$libinit$$00000017) for __rt_lib_init_lc_numeric_1
    libinit.o(.ARM.Collect$$libinit$$00000000) refers (Special) to libinit2.o(.ARM.Collect$$libinit$$00000019) for __rt_lib_init_lc_time_1
    libinit.o(.ARM.Collect$$libinit$$00000000) refers (Special) to libinit2.o(.ARM.Collect$$libinit$$00000004) for __rt_lib_init_preinit_1
    libinit.o(.ARM.Collect$$libinit$$00000000) refers (Special) to libinit2.o(.ARM.Collect$$libinit$$0000000E) for __rt_lib_init_rand_1
    libinit.o(.ARM.Collect$$libinit$$00000000) refers (Special) to libinit2.o(.ARM.Collect$$libinit$$00000033) for __rt_lib_init_return
    libinit.o(.ARM.Collect$$libinit$$00000000) refers (Special) to libinit2.o(.ARM.Collect$$libinit$$0000001D) for __rt_lib_init_signal_1
    libinit.o(.ARM.Collect$$libinit$$00000000) refers (Special) to libinit2.o(.ARM.Collect$$libinit$$00000025) for __rt_lib_init_stdio_1
    libinit.o(.ARM.Collect$$libinit$$00000000) refers (Special) to libinit2.o(.ARM.Collect$$libinit$$0000000C) for __rt_lib_init_user_alloc_1
    dcheck1.o(x$fpl$dcheck1) refers (Special) to usenofp.o(x$fpl$usenofp) for __I$use$fp
    dcheck1.o(x$fpl$dcheck1) refers to retnan.o(x$fpl$retnan) for __fpl_return_NaN
    rtexit.o(.ARM.Collect$$rtexit$$00000000) refers (Special) to rtexit2.o(.ARM.Collect$$rtexit$$00000004) for __rt_exit_exit
    rtexit.o(.ARM.Collect$$rtexit$$00000000) refers (Special) to rtexit2.o(.ARM.Collect$$rtexit$$00000003) for __rt_exit_ls
    rtexit.o(.ARM.Collect$$rtexit$$00000000) refers (Special) to rtexit2.o(.ARM.Collect$$rtexit$$00000002) for __rt_exit_prels_1
    rtexit.o(.ARM.exidx) refers (Special) to rtexit2.o(.ARM.Collect$$rtexit$$00000004) for __rt_exit_exit
    rtexit.o(.ARM.exidx) refers (Special) to rtexit2.o(.ARM.Collect$$rtexit$$00000003) for __rt_exit_ls
    rtexit.o(.ARM.exidx) refers (Special) to rtexit2.o(.ARM.Collect$$rtexit$$00000002) for __rt_exit_prels_1
    rtexit.o(.ARM.exidx) refers to rtexit.o(.ARM.Collect$$rtexit$$00000000) for .ARM.Collect$$rtexit$$00000000
    libinit2.o(.ARM.Collect$$libinit$$00000010) refers to libinit2.o(.ARM.Collect$$libinit$$0000000F) for .ARM.Collect$$libinit$$0000000F
    libinit2.o(.ARM.Collect$$libinit$$00000012) refers to libinit2.o(.ARM.Collect$$libinit$$0000000F) for .ARM.Collect$$libinit$$0000000F
    libinit2.o(.ARM.Collect$$libinit$$00000014) refers to libinit2.o(.ARM.Collect$$libinit$$0000000F) for .ARM.Collect$$libinit$$0000000F
    libinit2.o(.ARM.Collect$$libinit$$00000016) refers to libinit2.o(.ARM.Collect$$libinit$$0000000F) for .ARM.Collect$$libinit$$0000000F
    libinit2.o(.ARM.Collect$$libinit$$00000018) refers to libinit2.o(.ARM.Collect$$libinit$$0000000F) for .ARM.Collect$$libinit$$0000000F
    libinit2.o(.ARM.Collect$$libinit$$00000026) refers to argv_veneer.o(.emb_text) for __ARM_argv_veneer
    libinit2.o(.ARM.Collect$$libinit$$00000027) refers to argv_veneer.o(.emb_text) for __ARM_argv_veneer
    retnan.o(x$fpl$retnan) refers (Special) to usenofp.o(x$fpl$usenofp) for __I$use$fp
    retnan.o(x$fpl$retnan) refers to trapv.o(x$fpl$trapveneer) for __fpl_cmpreturn
    rtexit2.o(.ARM.Collect$$rtexit$$00000003) refers to libshutdown.o(.ARM.Collect$$libshutdown$$00000000) for __rt_lib_shutdown
    rtexit2.o(.ARM.Collect$$rtexit$$00000004) refers to usart.o(.text) for _sys_exit
    rtexit2.o(.ARM.exidx) refers to rtexit2.o(.ARM.Collect$$rtexit$$00000001) for .ARM.Collect$$rtexit$$00000001
    rtexit2.o(.ARM.exidx) refers to rtexit2.o(.ARM.Collect$$rtexit$$00000003) for .ARM.Collect$$rtexit$$00000003
    rtexit2.o(.ARM.exidx) refers to rtexit2.o(.ARM.Collect$$rtexit$$00000004) for .ARM.Collect$$rtexit$$00000004
    argv_veneer.o(.emb_text) refers to no_argv.o(.text) for __ARM_get_argv
    trapv.o(x$fpl$trapveneer) refers (Special) to usenofp.o(x$fpl$usenofp) for __I$use$fp
    _get_argv_nomalloc.o(.text) refers (Special) to hrguard.o(.text) for __heap_region$guard
    _get_argv_nomalloc.o(.text) refers to defsig_rtmem_outer.o(.text) for __rt_SIGRTMEM
    _get_argv_nomalloc.o(.text) refers to sys_command.o(.text) for _sys_command_string
    libshutdown.o(.ARM.Collect$$libshutdown$$00000000) refers (Special) to libshutdown2.o(.ARM.Collect$$libshutdown$$00000002) for __rt_lib_shutdown_cpp_1
    libshutdown.o(.ARM.Collect$$libshutdown$$00000000) refers (Special) to libshutdown2.o(.ARM.Collect$$libshutdown$$00000007) for __rt_lib_shutdown_fp_trap_1
    libshutdown.o(.ARM.Collect$$libshutdown$$00000000) refers (Special) to libshutdown2.o(.ARM.Collect$$libshutdown$$0000000F) for __rt_lib_shutdown_heap_1
    libshutdown.o(.ARM.Collect$$libshutdown$$00000000) refers (Special) to libshutdown2.o(.ARM.Collect$$libshutdown$$00000010) for __rt_lib_shutdown_return
    libshutdown.o(.ARM.Collect$$libshutdown$$00000000) refers (Special) to libshutdown2.o(.ARM.Collect$$libshutdown$$0000000A) for __rt_lib_shutdown_signal_1
    libshutdown.o(.ARM.Collect$$libshutdown$$00000000) refers (Special) to libshutdown2.o(.ARM.Collect$$libshutdown$$00000004) for __rt_lib_shutdown_stdio_1
    libshutdown.o(.ARM.Collect$$libshutdown$$00000000) refers (Special) to libshutdown2.o(.ARM.Collect$$libshutdown$$0000000C) for __rt_lib_shutdown_user_alloc_1
    sys_command.o(.text) refers (Special) to use_no_semi.o(.text) for __I$use$semihosting
    sys_command.o(.text) refers (Special) to indicate_semi.o(.text) for __semihosting_library_function
    defsig_rtmem_outer.o(.text) refers to defsig_rtmem_inner.o(.text) for __rt_SIGRTMEM_inner
    defsig_rtmem_outer.o(.text) refers to defsig_exit.o(.text) for __sig_exit
    defsig_rtmem_formal.o(.text) refers to rt_raise.o(.text) for __rt_raise
    rt_raise.o(.text) refers to __raise.o(.text) for __raise
    rt_raise.o(.text) refers to usart.o(.text) for _sys_exit
    defsig_exit.o(.text) refers to usart.o(.text) for _sys_exit
    defsig_rtmem_inner.o(.text) refers to defsig_general.o(.text) for __default_signal_display
    __raise.o(.text) refers to defsig.o(CL$$defsig) for __default_signal_handler
    defsig_general.o(.text) refers to sys_wrch.o(.text) for _ttywrch
    sys_wrch.o(.text) refers (Special) to use_no_semi.o(.text) for __I$use$semihosting
    sys_wrch.o(.text) refers (Special) to indicate_semi.o(.text) for __semihosting_library_function
    defsig.o(CL$$defsig) refers to defsig_rtmem_inner.o(.text) for __rt_SIGRTMEM_inner
    defsig_abrt_inner.o(.text) refers to defsig_general.o(.text) for __default_signal_display
    defsig_fpe_inner.o(.text) refers to defsig_general.o(.text) for __default_signal_display
    defsig_rtred_inner.o(.text) refers to defsig_general.o(.text) for __default_signal_display
    defsig_stak_inner.o(.text) refers to defsig_general.o(.text) for __default_signal_display
    defsig_pvfn_inner.o(.text) refers to defsig_general.o(.text) for __default_signal_display
    defsig_cppl_inner.o(.text) refers to defsig_general.o(.text) for __default_signal_display
    defsig_segv_inner.o(.text) refers to defsig_general.o(.text) for __default_signal_display
    defsig_other.o(.text) refers to defsig_general.o(.text) for __default_signal_display


==============================================================================

Removing Unused input sections from the image.

    Removing core_cm3.o(.emb_text), (32 bytes).
    Removing system_stm32f10x.o(.text), (480 bytes).
    Removing system_stm32f10x.o(.data), (20 bytes).
    Removing key.o(.data), (1 bytes).
    Removing misc.o(.text), (220 bytes).
    Removing stm32f10x_sdio.o(.text), (468 bytes).
    Removing stm32f10x_dac.o(.text), (396 bytes).
    Removing stm32f10x_adc.o(.text), (1102 bytes).

8 unused section(s) (total 2719 bytes) removed from the image.

==============================================================================

Image Symbol Table

    Local Symbols

    Symbol Name                              Value     Ov Type        Size  Object(Section)

    ../clib/angel/boardlib.s                 0x00000000   Number         0  boardinit2.o ABSOLUTE
    ../clib/angel/boardlib.s                 0x00000000   Number         0  boardinit3.o ABSOLUTE
    ../clib/angel/boardlib.s                 0x00000000   Number         0  boardinit1.o ABSOLUTE
    ../clib/angel/boardlib.s                 0x00000000   Number         0  boardshut.o ABSOLUTE
    ../clib/angel/handlers.s                 0x00000000   Number         0  __scatter_zi.o ABSOLUTE
    ../clib/angel/handlers.s                 0x00000000   Number         0  __scatter_copy.o ABSOLUTE
    ../clib/angel/kernel.s                   0x00000000   Number         0  rtexit.o ABSOLUTE
    ../clib/angel/kernel.s                   0x00000000   Number         0  __rtentry.o ABSOLUTE
    ../clib/angel/kernel.s                   0x00000000   Number         0  rtexit2.o ABSOLUTE
    ../clib/angel/kernel.s                   0x00000000   Number         0  __rtentry4.o ABSOLUTE
    ../clib/angel/kernel.s                   0x00000000   Number         0  __rtentry2.o ABSOLUTE
    ../clib/angel/rt.s                       0x00000000   Number         0  rt_errno_addr_intlibspace.o ABSOLUTE
    ../clib/angel/rt.s                       0x00000000   Number         0  rt_errno_addr.o ABSOLUTE
    ../clib/angel/rt.s                       0x00000000   Number         0  rt_raise.o ABSOLUTE
    ../clib/angel/scatter.s                  0x00000000   Number         0  __scatter.o ABSOLUTE
    ../clib/angel/startup.s                  0x00000000   Number         0  __main.o ABSOLUTE
    ../clib/angel/sys.s                      0x00000000   Number         0  sys_stackheap_outer.o ABSOLUTE
    ../clib/angel/sys.s                      0x00000000   Number         0  use_no_semi.o ABSOLUTE
    ../clib/angel/sys.s                      0x00000000   Number         0  use_no_semi_2.o ABSOLUTE
    ../clib/angel/sys.s                      0x00000000   Number         0  indicate_semi.o ABSOLUTE
    ../clib/angel/sys.s                      0x00000000   Number         0  libspace.o ABSOLUTE
    ../clib/angel/sysapp.c                   0x00000000   Number         0  sys_command.o ABSOLUTE
    ../clib/angel/sysapp.c                   0x00000000   Number         0  sys_wrch.o ABSOLUTE
    ../clib/armsys.c                         0x00000000   Number         0  argv_veneer.o ABSOLUTE
    ../clib/armsys.c                         0x00000000   Number         0  no_argv.o ABSOLUTE
    ../clib/armsys.c                         0x00000000   Number         0  argv_veneer.o ABSOLUTE
    ../clib/armsys.c                         0x00000000   Number         0  _get_argv_nomalloc.o ABSOLUTE
    ../clib/fenv.c                           0x00000000   Number         0  _rserrno.o ABSOLUTE
    ../clib/heapalloc.c                      0x00000000   Number         0  hrguard.o ABSOLUTE
    ../clib/heapaux.c                        0x00000000   Number         0  heapauxi.o ABSOLUTE
    ../clib/libinit.s                        0x00000000   Number         0  libinit.o ABSOLUTE
    ../clib/libinit.s                        0x00000000   Number         0  libshutdown.o ABSOLUTE
    ../clib/libinit.s                        0x00000000   Number         0  libshutdown2.o ABSOLUTE
    ../clib/libinit.s                        0x00000000   Number         0  libinit2.o ABSOLUTE
    ../clib/printf.c                         0x00000000   Number         0  __2printf.o ABSOLUTE
    ../clib/printf.c                         0x00000000   Number         0  noretval__2printf.o ABSOLUTE
    ../clib/printf.c                         0x00000000   Number         0  __printf_nopercent.o ABSOLUTE
    ../clib/printf.c                         0x00000000   Number         0  _printf_char_file.o ABSOLUTE
    ../clib/printf.c                         0x00000000   Number         0  _printf_char_common.o ABSOLUTE
    ../clib/signal.c                         0x00000000   Number         0  defsig_segv_inner.o ABSOLUTE
    ../clib/signal.c                         0x00000000   Number         0  __raise.o ABSOLUTE
    ../clib/signal.c                         0x00000000   Number         0  defsig_rtmem_inner.o ABSOLUTE
    ../clib/signal.c                         0x00000000   Number         0  defsig_rtmem_formal.o ABSOLUTE
    ../clib/signal.c                         0x00000000   Number         0  defsig_pvfn_inner.o ABSOLUTE
    ../clib/signal.c                         0x00000000   Number         0  defsig_general.o ABSOLUTE
    ../clib/signal.c                         0x00000000   Number         0  defsig_cppl_inner.o ABSOLUTE
    ../clib/signal.c                         0x00000000   Number         0  defsig_stak_inner.o ABSOLUTE
    ../clib/signal.c                         0x00000000   Number         0  defsig_rtred_inner.o ABSOLUTE
    ../clib/signal.c                         0x00000000   Number         0  defsig_exit.o ABSOLUTE
    ../clib/signal.c                         0x00000000   Number         0  defsig_other.o ABSOLUTE
    ../clib/signal.c                         0x00000000   Number         0  defsig_fpe_inner.o ABSOLUTE
    ../clib/signal.c                         0x00000000   Number         0  defsig_rtmem_outer.o ABSOLUTE
    ../clib/signal.c                         0x00000000   Number         0  defsig_abrt_inner.o ABSOLUTE
    ../clib/signal.s                         0x00000000   Number         0  defsig.o ABSOLUTE
    ../clib/stdio.c                          0x00000000   Number         0  ferror.o ABSOLUTE
    ../clib/stdio.c                          0x00000000   Number         0  ferror_locked.o ABSOLUTE
    ../clib/stdlib.c                         0x00000000   Number         0  exit.o ABSOLUTE
    ../fplib/daddsub.s                       0x00000000   Number         0  daddsub_clz.o ABSOLUTE
    ../fplib/dcheck1.s                       0x00000000   Number         0  dcheck1.o ABSOLUTE
    ../fplib/ddiv.s                          0x00000000   Number         0  ddiv.o ABSOLUTE
    ../fplib/dfix.s                          0x00000000   Number         0  dfix.o ABSOLUTE
    ../fplib/dfixu.s                         0x00000000   Number         0  dfixu.o ABSOLUTE
    ../fplib/dflt.s                          0x00000000   Number         0  dflt_clz.o ABSOLUTE
    ../fplib/dmul.s                          0x00000000   Number         0  dmul.o ABSOLUTE
    ../fplib/dnaninf.s                       0x00000000   Number         0  dnaninf.o ABSOLUTE
    ../fplib/dretinf.s                       0x00000000   Number         0  dretinf.o ABSOLUTE
    ../fplib/fpinit.s                        0x00000000   Number         0  fpinit.o ABSOLUTE
    ../fplib/retnan.s                        0x00000000   Number         0  retnan.o ABSOLUTE
    ../fplib/scalbn.s                        0x00000000   Number         0  scalbn.o ABSOLUTE
    ../fplib/trapv.s                         0x00000000   Number         0  trapv.o ABSOLUTE
    ../fplib/usenofp.s                       0x00000000   Number         0  usenofp.o ABSOLUTE
    ../mathlib/cos_i.c                       0x00000000   Number         0  cos_i.o ABSOLUTE
    ../mathlib/dunder.c                      0x00000000   Number         0  dunder.o ABSOLUTE
    ../mathlib/fpclassify.c                  0x00000000   Number         0  fpclassify.o ABSOLUTE
    ../mathlib/poly.c                        0x00000000   Number         0  poly.o ABSOLUTE
    ../mathlib/rred.c                        0x00000000   Number         0  rred.o ABSOLUTE
    ../mathlib/sin.c                         0x00000000   Number         0  sin.o ABSOLUTE
    ../mathlib/sin.c                         0x00000000   Number         0  sin_x.o ABSOLUTE
    ../mathlib/sin_i.c                       0x00000000   Number         0  sin_i_x.o ABSOLUTE
    ../mathlib/sin_i.c                       0x00000000   Number         0  sin_i.o ABSOLUTE
    ..\Lib\src\misc.c                        0x00000000   Number         0  misc.o ABSOLUTE
    ..\Lib\src\stm32f10x_adc.c               0x00000000   Number         0  stm32f10x_adc.o ABSOLUTE
    ..\Lib\src\stm32f10x_dac.c               0x00000000   Number         0  stm32f10x_dac.o ABSOLUTE
    ..\Lib\src\stm32f10x_dma.c               0x00000000   Number         0  stm32f10x_dma.o ABSOLUTE
    ..\Lib\src\stm32f10x_exti.c              0x00000000   Number         0  stm32f10x_exti.o ABSOLUTE
    ..\Lib\src\stm32f10x_gpio.c              0x00000000   Number         0  stm32f10x_gpio.o ABSOLUTE
    ..\Lib\src\stm32f10x_rcc.c               0x00000000   Number         0  stm32f10x_rcc.o ABSOLUTE
    ..\Lib\src\stm32f10x_sdio.c              0x00000000   Number         0  stm32f10x_sdio.o ABSOLUTE
    ..\Lib\src\stm32f10x_tim.c               0x00000000   Number         0  stm32f10x_tim.o ABSOLUTE
    ..\Lib\src\stm32f10x_usart.c             0x00000000   Number         0  stm32f10x_usart.o ABSOLUTE
    ..\Startup\core_cm3.c                    0x00000000   Number         0  core_cm3.o ABSOLUTE
    ..\Startup\startup_stm32f10x_hd.s        0x00000000   Number         0  startup_stm32f10x_hd.o ABSOLUTE
    ..\Usart\usart.c                         0x00000000   Number         0  usart.o ABSOLUTE
    ..\\Startup\\core_cm3.c                  0x00000000   Number         0  core_cm3.o ABSOLUTE
    dc.s                                     0x00000000   Number         0  dc.o ABSOLUTE
    delay.c                                  0x00000000   Number         0  delay.o ABSOLUTE
    extigroup.c                              0x00000000   Number         0  extigroup.o ABSOLUTE
    key.c                                    0x00000000   Number         0  key.o ABSOLUTE
    led.c                                    0x00000000   Number         0  led.o ABSOLUTE
    main.c                                   0x00000000   Number         0  main.o ABSOLUTE
    pwm.c                                    0x00000000   Number         0  pwm.o ABSOLUTE
    stm32_clock.c                            0x00000000   Number         0  stm32_clock.o ABSOLUTE
    stm32f10x_it.c                           0x00000000   Number         0  stm32f10x_it.o ABSOLUTE
    system_stm32f10x.c                       0x00000000   Number         0  system_stm32f10x.o ABSOLUTE
    wave.c                                   0x00000000   Number         0  wave.o ABSOLUTE
    RESET                                    0x08000000   Section      304  startup_stm32f10x_hd.o(RESET)
    !!!main                                  0x08000130   Section        8  __main.o(!!!main)
    !!!scatter                               0x08000138   Section       52  __scatter.o(!!!scatter)
    !!handler_copy                           0x0800016c   Section       26  __scatter_copy.o(!!handler_copy)
    !!handler_zi                             0x08000188   Section       28  __scatter_zi.o(!!handler_zi)
    .ARM.Collect$$libinit$$00000000          0x080001a4   Section        2  libinit.o(.ARM.Collect$$libinit$$00000000)
    .ARM.Collect$$libinit$$00000002          0x080001a6   Section        0  libinit2.o(.ARM.Collect$$libinit$$00000002)
    .ARM.Collect$$libinit$$00000004          0x080001a6   Section        0  libinit2.o(.ARM.Collect$$libinit$$00000004)
    .ARM.Collect$$libinit$$0000000A          0x080001a6   Section        0  libinit2.o(.ARM.Collect$$libinit$$0000000A)
    .ARM.Collect$$libinit$$0000000C          0x080001a6   Section        0  libinit2.o(.ARM.Collect$$libinit$$0000000C)
    .ARM.Collect$$libinit$$0000000E          0x080001a6   Section        0  libinit2.o(.ARM.Collect$$libinit$$0000000E)
    .ARM.Collect$$libinit$$00000011          0x080001a6   Section        0  libinit2.o(.ARM.Collect$$libinit$$00000011)
    .ARM.Collect$$libinit$$00000013          0x080001a6   Section        0  libinit2.o(.ARM.Collect$$libinit$$00000013)
    .ARM.Collect$$libinit$$00000015          0x080001a6   Section        0  libinit2.o(.ARM.Collect$$libinit$$00000015)
    .ARM.Collect$$libinit$$00000017          0x080001a6   Section        0  libinit2.o(.ARM.Collect$$libinit$$00000017)
    .ARM.Collect$$libinit$$00000019          0x080001a6   Section        0  libinit2.o(.ARM.Collect$$libinit$$00000019)
    .ARM.Collect$$libinit$$0000001B          0x080001a6   Section        0  libinit2.o(.ARM.Collect$$libinit$$0000001B)
    .ARM.Collect$$libinit$$0000001D          0x080001a6   Section        0  libinit2.o(.ARM.Collect$$libinit$$0000001D)
    .ARM.Collect$$libinit$$0000001F          0x080001a6   Section        0  libinit2.o(.ARM.Collect$$libinit$$0000001F)
    .ARM.Collect$$libinit$$00000021          0x080001a6   Section        0  libinit2.o(.ARM.Collect$$libinit$$00000021)
    .ARM.Collect$$libinit$$00000023          0x080001a6   Section        0  libinit2.o(.ARM.Collect$$libinit$$00000023)
    .ARM.Collect$$libinit$$00000025          0x080001a6   Section        0  libinit2.o(.ARM.Collect$$libinit$$00000025)
    .ARM.Collect$$libinit$$0000002C          0x080001a6   Section        0  libinit2.o(.ARM.Collect$$libinit$$0000002C)
    .ARM.Collect$$libinit$$0000002E          0x080001a6   Section        0  libinit2.o(.ARM.Collect$$libinit$$0000002E)
    .ARM.Collect$$libinit$$00000030          0x080001a6   Section        0  libinit2.o(.ARM.Collect$$libinit$$00000030)
    .ARM.Collect$$libinit$$00000032          0x080001a6   Section        0  libinit2.o(.ARM.Collect$$libinit$$00000032)
    .ARM.Collect$$libinit$$00000033          0x080001a6   Section        2  libinit2.o(.ARM.Collect$$libinit$$00000033)
    .ARM.Collect$$libshutdown$$00000000      0x080001a8   Section        2  libshutdown.o(.ARM.Collect$$libshutdown$$00000000)
    .ARM.Collect$$libshutdown$$00000002      0x080001aa   Section        0  libshutdown2.o(.ARM.Collect$$libshutdown$$00000002)
    .ARM.Collect$$libshutdown$$00000004      0x080001aa   Section        0  libshutdown2.o(.ARM.Collect$$libshutdown$$00000004)
    .ARM.Collect$$libshutdown$$00000007      0x080001aa   Section        0  libshutdown2.o(.ARM.Collect$$libshutdown$$00000007)
    .ARM.Collect$$libshutdown$$0000000A      0x080001aa   Section        0  libshutdown2.o(.ARM.Collect$$libshutdown$$0000000A)
    .ARM.Collect$$libshutdown$$0000000C      0x080001aa   Section        0  libshutdown2.o(.ARM.Collect$$libshutdown$$0000000C)
    .ARM.Collect$$libshutdown$$0000000F      0x080001aa   Section        0  libshutdown2.o(.ARM.Collect$$libshutdown$$0000000F)
    .ARM.Collect$$libshutdown$$00000010      0x080001aa   Section        2  libshutdown2.o(.ARM.Collect$$libshutdown$$00000010)
    .ARM.Collect$$rtentry$$00000000          0x080001ac   Section        0  __rtentry.o(.ARM.Collect$$rtentry$$00000000)
    .ARM.Collect$$rtentry$$00000002          0x080001ac   Section        0  __rtentry2.o(.ARM.Collect$$rtentry$$00000002)
    .ARM.Collect$$rtentry$$00000004          0x080001ac   Section        6  __rtentry4.o(.ARM.Collect$$rtentry$$00000004)
    .ARM.Collect$$rtentry$$00000009          0x080001b2   Section        0  __rtentry2.o(.ARM.Collect$$rtentry$$00000009)
    .ARM.Collect$$rtentry$$0000000A          0x080001b2   Section        4  __rtentry2.o(.ARM.Collect$$rtentry$$0000000A)
    .ARM.Collect$$rtentry$$0000000C          0x080001b6   Section        0  __rtentry2.o(.ARM.Collect$$rtentry$$0000000C)
    .ARM.Collect$$rtentry$$0000000D          0x080001b6   Section        8  __rtentry2.o(.ARM.Collect$$rtentry$$0000000D)
    .ARM.Collect$$rtexit$$00000000           0x080001be   Section        2  rtexit.o(.ARM.Collect$$rtexit$$00000000)
    .ARM.Collect$$rtexit$$00000002           0x080001c0   Section        0  rtexit2.o(.ARM.Collect$$rtexit$$00000002)
    .ARM.Collect$$rtexit$$00000003           0x080001c0   Section        4  rtexit2.o(.ARM.Collect$$rtexit$$00000003)
    .ARM.Collect$$rtexit$$00000004           0x080001c4   Section        6  rtexit2.o(.ARM.Collect$$rtexit$$00000004)
    .text                                    0x080001cc   Section       72  startup_stm32f10x_hd.o(.text)
    .text                                    0x08000214   Section        0  main.o(.text)
    .text                                    0x08000290   Section        0  stm32f10x_it.o(.text)
    .text                                    0x080002ac   Section        0  extigroup.o(.text)
    .text                                    0x0800040c   Section        0  delay.o(.text)
    .text                                    0x080004ac   Section        0  usart.o(.text)
    .text                                    0x0800058c   Section        0  stm32_clock.o(.text)
    .text                                    0x08000618   Section        0  led.o(.text)
    .text                                    0x08000684   Section        0  pwm.o(.text)
    .text                                    0x0800071c   Section        0  key.o(.text)
    .text                                    0x08000788   Section        0  wave.o(.text)
    .text                                    0x0800098c   Section        0  stm32f10x_gpio.o(.text)
    .text                                    0x08000ce8   Section        0  stm32f10x_rcc.o(.text)
    .text                                    0x0800108c   Section        0  stm32f10x_dma.o(.text)
    .text                                    0x080012e0   Section        0  stm32f10x_usart.o(.text)
    .text                                    0x080016e8   Section        0  stm32f10x_tim.o(.text)
    TI4_Config                               0x08001b8f   Thumb Code   130  stm32f10x_tim.o(.text)
    TI3_Config                               0x08001c23   Thumb Code   122  stm32f10x_tim.o(.text)
    TI2_Config                               0x08001cb7   Thumb Code   130  stm32f10x_tim.o(.text)
    TI1_Config                               0x08001d4b   Thumb Code   108  stm32f10x_tim.o(.text)
    .text                                    0x08002504   Section        0  stm32f10x_exti.o(.text)
    .text                                    0x08002620   Section        2  use_no_semi_2.o(.text)
    .text                                    0x08002624   Section        0  noretval__2printf.o(.text)
    .text                                    0x0800263c   Section        0  heapauxi.o(.text)
    .text                                    0x08002642   Section        2  use_no_semi.o(.text)
    .text                                    0x08002644   Section        0  _rserrno.o(.text)
    .text                                    0x0800265c   Section        0  _printf_char_file.o(.text)
    .text                                    0x08002680   Section        8  rt_errno_addr_intlibspace.o(.text)
    .text                                    0x08002688   Section        0  _printf_char_common.o(.text)
    _printf_input_char                       0x08002689   Thumb Code    10  _printf_char_common.o(.text)
    .text                                    0x080026b8   Section        0  ferror.o(.text)
    .text                                    0x080026c0   Section        8  libspace.o(.text)
    .text                                    0x080026c8   Section       74  sys_stackheap_outer.o(.text)
    .text                                    0x08002712   Section        0  __printf_nopercent.o(.text)
    .text                                    0x0800273a   Section        0  exit.o(.text)
    i.__ARM_fpclassify                       0x0800274c   Section        0  fpclassify.o(i.__ARM_fpclassify)
    i.__ieee754_rem_pio2                     0x08002774   Section        0  rred.o(i.__ieee754_rem_pio2)
    i.__kernel_cos                           0x08002afc   Section        0  cos_i.o(i.__kernel_cos)
    i.__kernel_poly                          0x08002bf8   Section        0  poly.o(i.__kernel_poly)
    i.__kernel_sin                           0x08002ca4   Section        0  sin_i.o(i.__kernel_sin)
    i.__mathlib_dbl_infnan                   0x08002d90   Section        0  dunder.o(i.__mathlib_dbl_infnan)
    i.__mathlib_dbl_invalid                  0x08002d96   Section        0  dunder.o(i.__mathlib_dbl_invalid)
    i.__mathlib_dbl_underflow                0x08002da4   Section        0  dunder.o(i.__mathlib_dbl_underflow)
    i.sin                                    0x08002db4   Section        0  sin.o(i.sin)
    x$fpl$dadd                               0x08002e54   Section      336  daddsub_clz.o(x$fpl$dadd)
    _dadd1                                   0x08002e65   Thumb Code     0  daddsub_clz.o(x$fpl$dadd)
    x$fpl$dcheck1                            0x08002fa4   Section       16  dcheck1.o(x$fpl$dcheck1)
    x$fpl$ddiv                               0x08002fb4   Section      688  ddiv.o(x$fpl$ddiv)
    ddiv_entry                               0x08002fbb   Thumb Code     0  ddiv.o(x$fpl$ddiv)
    x$fpl$dfix                               0x08003264   Section       94  dfix.o(x$fpl$dfix)
    x$fpl$dfixu                              0x080032c4   Section       90  dfixu.o(x$fpl$dfixu)
    x$fpl$dflt                               0x0800331e   Section       46  dflt_clz.o(x$fpl$dflt)
    x$fpl$dfltu                              0x0800334c   Section       38  dflt_clz.o(x$fpl$dfltu)
    x$fpl$dmul                               0x08003374   Section      340  dmul.o(x$fpl$dmul)
    x$fpl$dnaninf                            0x080034c8   Section      156  dnaninf.o(x$fpl$dnaninf)
    x$fpl$dretinf                            0x08003564   Section       12  dretinf.o(x$fpl$dretinf)
    x$fpl$drsb                               0x08003570   Section       22  daddsub_clz.o(x$fpl$drsb)
    x$fpl$dsub                               0x08003588   Section      468  daddsub_clz.o(x$fpl$dsub)
    _dsub1                                   0x08003599   Thumb Code     0  daddsub_clz.o(x$fpl$dsub)
    x$fpl$retnan                             0x0800375c   Section      100  retnan.o(x$fpl$retnan)
    x$fpl$scalbn                             0x080037c0   Section       92  scalbn.o(x$fpl$scalbn)
    x$fpl$trapveneer                         0x0800381c   Section       48  trapv.o(x$fpl$trapveneer)
    x$fpl$usenofp                            0x0800384c   Section        0  usenofp.o(x$fpl$usenofp)
    .constdata                               0x08003850   Section       48  cos_i.o(.constdata)
    C                                        0x08003850   Data          48  cos_i.o(.constdata)
    .constdata                               0x08003880   Section      200  rred.o(.constdata)
    pio2s                                    0x08003880   Data          48  rred.o(.constdata)
    twooverpi                                0x080038b0   Data         152  rred.o(.constdata)
    .constdata                               0x08003948   Section       40  sin_i.o(.constdata)
    S                                        0x08003948   Data          40  sin_i.o(.constdata)
    .data                                    0x20000000   Section        8  delay.o(.data)
    fac_us                                   0x20000000   Data           4  delay.o(.data)
    fac_ms                                   0x20000004   Data           4  delay.o(.data)
    .data                                    0x20000008   Section        4  usart.o(.data)
    .data                                    0x2000000c   Section       20  stm32f10x_rcc.o(.data)
    APBAHBPrescTable                         0x2000000c   Data          16  stm32f10x_rcc.o(.data)
    ADCPrescTable                            0x2000001c   Data           4  stm32f10x_rcc.o(.data)
    .bss                                     0x20000020   Section      512  wave.o(.bss)
    sinwave_val                              0x20000020   Data         512  wave.o(.bss)
    .bss                                     0x20000220   Section       96  libspace.o(.bss)
    HEAP                                     0x20000280   Section        0  startup_stm32f10x_hd.o(HEAP)
    STACK                                    0x20000280   Section     2048  startup_stm32f10x_hd.o(STACK)
    Heap_Mem                                 0x20000280   Data           0  startup_stm32f10x_hd.o(HEAP)
    Stack_Mem                                0x20000280   Data        2048  startup_stm32f10x_hd.o(STACK)
    __initial_sp                             0x20000a80   Data           0  startup_stm32f10x_hd.o(STACK)

    Global Symbols

    Symbol Name                              Value     Ov Type        Size  Object(Section)

    BuildAttributes$$THM_ISAv4$P$D$K$B$S$PE$A:L22UL41UL21$X:L11$S22US41US21$IEEE1$IW$USESV6$~STKCKD$USESV7$~SHL$OTIME$ROPI$IEEEX$EBA8$UX$STANDARDLIB$REQ8$PRES8$EABIv2 0x00000000   Number         0  anon$$obj.o ABSOLUTE
    __ARM_use_no_argv                        0x00000000   Number         0  main.o ABSOLUTE
    __ARM_exceptions_init                     - Undefined Weak Reference
    __alloca_initialize                       - Undefined Weak Reference
    __arm_preinit_                            - Undefined Weak Reference
    __cpp_initialize__aeabi_                  - Undefined Weak Reference
    __cxa_finalize                            - Undefined Weak Reference
    __rt_locale                               - Undefined Weak Reference
    __sigvec_lookup                           - Undefined Weak Reference
    _atexit_init                              - Undefined Weak Reference
    _call_atexit_fns                          - Undefined Weak Reference
    _clock_init                               - Undefined Weak Reference
    _fp_trap_init                             - Undefined Weak Reference
    _fp_trap_shutdown                         - Undefined Weak Reference
    _get_lc_collate                           - Undefined Weak Reference
    _get_lc_ctype                             - Undefined Weak Reference
    _get_lc_monetary                          - Undefined Weak Reference
    _get_lc_numeric                           - Undefined Weak Reference
    _get_lc_time                              - Undefined Weak Reference
    _getenv_init                              - Undefined Weak Reference
    _handle_redirection                       - Undefined Weak Reference
    _init_alloc                               - Undefined Weak Reference
    _init_user_alloc                          - Undefined Weak Reference
    _initio                                   - Undefined Weak Reference
    _mutex_acquire                            - Undefined Weak Reference
    _mutex_release                            - Undefined Weak Reference
    _rand_init                                - Undefined Weak Reference
    _signal_finish                            - Undefined Weak Reference
    _signal_init                              - Undefined Weak Reference
    _terminate_alloc                          - Undefined Weak Reference
    _terminate_user_alloc                     - Undefined Weak Reference
    _terminateio                              - Undefined Weak Reference
    __Vectors_Size                           0x00000130   Number         0  startup_stm32f10x_hd.o ABSOLUTE
    __Vectors                                0x08000000   Data           4  startup_stm32f10x_hd.o(RESET)
    __Vectors_End                            0x08000130   Data           0  startup_stm32f10x_hd.o(RESET)
    __main                                   0x08000131   Thumb Code     8  __main.o(!!!main)
    __scatterload                            0x08000139   Thumb Code     0  __scatter.o(!!!scatter)
    __scatterload_rt2                        0x08000139   Thumb Code    44  __scatter.o(!!!scatter)
    __scatterload_rt2_thumb_only             0x08000139   Thumb Code     0  __scatter.o(!!!scatter)
    __scatterload_null                       0x08000147   Thumb Code     0  __scatter.o(!!!scatter)
    __scatterload_copy                       0x0800016d   Thumb Code    26  __scatter_copy.o(!!handler_copy)
    __scatterload_zeroinit                   0x08000189   Thumb Code    28  __scatter_zi.o(!!handler_zi)
    __rt_lib_init                            0x080001a5   Thumb Code     0  libinit.o(.ARM.Collect$$libinit$$00000000)
    __rt_lib_init_alloca_1                   0x080001a7   Thumb Code     0  libinit2.o(.ARM.Collect$$libinit$$0000002E)
    __rt_lib_init_argv_1                     0x080001a7   Thumb Code     0  libinit2.o(.ARM.Collect$$libinit$$0000002C)
    __rt_lib_init_atexit_1                   0x080001a7   Thumb Code     0  libinit2.o(.ARM.Collect$$libinit$$0000001B)
    __rt_lib_init_clock_1                    0x080001a7   Thumb Code     0  libinit2.o(.ARM.Collect$$libinit$$00000021)
    __rt_lib_init_cpp_1                      0x080001a7   Thumb Code     0  libinit2.o(.ARM.Collect$$libinit$$00000032)
    __rt_lib_init_exceptions_1               0x080001a7   Thumb Code     0  libinit2.o(.ARM.Collect$$libinit$$00000030)
    __rt_lib_init_fp_1                       0x080001a7   Thumb Code     0  libinit2.o(.ARM.Collect$$libinit$$00000002)
    __rt_lib_init_fp_trap_1                  0x080001a7   Thumb Code     0  libinit2.o(.ARM.Collect$$libinit$$0000001F)
    __rt_lib_init_getenv_1                   0x080001a7   Thumb Code     0  libinit2.o(.ARM.Collect$$libinit$$00000023)
    __rt_lib_init_heap_1                     0x080001a7   Thumb Code     0  libinit2.o(.ARM.Collect$$libinit$$0000000A)
    __rt_lib_init_lc_collate_1               0x080001a7   Thumb Code     0  libinit2.o(.ARM.Collect$$libinit$$00000011)
    __rt_lib_init_lc_ctype_1                 0x080001a7   Thumb Code     0  libinit2.o(.ARM.Collect$$libinit$$00000013)
    __rt_lib_init_lc_monetary_1              0x080001a7   Thumb Code     0  libinit2.o(.ARM.Collect$$libinit$$00000015)
    __rt_lib_init_lc_numeric_1               0x080001a7   Thumb Code     0  libinit2.o(.ARM.Collect$$libinit$$00000017)
    __rt_lib_init_lc_time_1                  0x080001a7   Thumb Code     0  libinit2.o(.ARM.Collect$$libinit$$00000019)
    __rt_lib_init_preinit_1                  0x080001a7   Thumb Code     0  libinit2.o(.ARM.Collect$$libinit$$00000004)
    __rt_lib_init_rand_1                     0x080001a7   Thumb Code     0  libinit2.o(.ARM.Collect$$libinit$$0000000E)
    __rt_lib_init_return                     0x080001a7   Thumb Code     0  libinit2.o(.ARM.Collect$$libinit$$00000033)
    __rt_lib_init_signal_1                   0x080001a7   Thumb Code     0  libinit2.o(.ARM.Collect$$libinit$$0000001D)
    __rt_lib_init_stdio_1                    0x080001a7   Thumb Code     0  libinit2.o(.ARM.Collect$$libinit$$00000025)
    __rt_lib_init_user_alloc_1               0x080001a7   Thumb Code     0  libinit2.o(.ARM.Collect$$libinit$$0000000C)
    __rt_lib_shutdown                        0x080001a9   Thumb Code     0  libshutdown.o(.ARM.Collect$$libshutdown$$00000000)
    __rt_lib_shutdown_cpp_1                  0x080001ab   Thumb Code     0  libshutdown2.o(.ARM.Collect$$libshutdown$$00000002)
    __rt_lib_shutdown_fp_trap_1              0x080001ab   Thumb Code     0  libshutdown2.o(.ARM.Collect$$libshutdown$$00000007)
    __rt_lib_shutdown_heap_1                 0x080001ab   Thumb Code     0  libshutdown2.o(.ARM.Collect$$libshutdown$$0000000F)
    __rt_lib_shutdown_return                 0x080001ab   Thumb Code     0  libshutdown2.o(.ARM.Collect$$libshutdown$$00000010)
    __rt_lib_shutdown_signal_1               0x080001ab   Thumb Code     0  libshutdown2.o(.ARM.Collect$$libshutdown$$0000000A)
    __rt_lib_shutdown_stdio_1                0x080001ab   Thumb Code     0  libshutdown2.o(.ARM.Collect$$libshutdown$$00000004)
    __rt_lib_shutdown_user_alloc_1           0x080001ab   Thumb Code     0  libshutdown2.o(.ARM.Collect$$libshutdown$$0000000C)
    __rt_entry                               0x080001ad   Thumb Code     0  __rtentry.o(.ARM.Collect$$rtentry$$00000000)
    __rt_entry_presh_1                       0x080001ad   Thumb Code     0  __rtentry2.o(.ARM.Collect$$rtentry$$00000002)
    __rt_entry_sh                            0x080001ad   Thumb Code     0  __rtentry4.o(.ARM.Collect$$rtentry$$00000004)
    __rt_entry_li                            0x080001b3   Thumb Code     0  __rtentry2.o(.ARM.Collect$$rtentry$$0000000A)
    __rt_entry_postsh_1                      0x080001b3   Thumb Code     0  __rtentry2.o(.ARM.Collect$$rtentry$$00000009)
    __rt_entry_main                          0x080001b7   Thumb Code     0  __rtentry2.o(.ARM.Collect$$rtentry$$0000000D)
    __rt_entry_postli_1                      0x080001b7   Thumb Code     0  __rtentry2.o(.ARM.Collect$$rtentry$$0000000C)
    __rt_exit                                0x080001bf   Thumb Code     0  rtexit.o(.ARM.Collect$$rtexit$$00000000)
    __rt_exit_ls                             0x080001c1   Thumb Code     0  rtexit2.o(.ARM.Collect$$rtexit$$00000003)
    __rt_exit_prels_1                        0x080001c1   Thumb Code     0  rtexit2.o(.ARM.Collect$$rtexit$$00000002)
    __rt_exit_exit                           0x080001c5   Thumb Code     0  rtexit2.o(.ARM.Collect$$rtexit$$00000004)
    SystemInit_ExtMemCtl                     0x080001cd   Thumb Code     2  startup_stm32f10x_hd.o(.text)
    Reset_Handler                            0x080001cf   Thumb Code    14  startup_stm32f10x_hd.o(.text)
    ADC1_2_IRQHandler                        0x080001ef   Thumb Code     0  startup_stm32f10x_hd.o(.text)
    ADC3_IRQHandler                          0x080001ef   Thumb Code     0  startup_stm32f10x_hd.o(.text)
    CAN1_RX1_IRQHandler                      0x080001ef   Thumb Code     0  startup_stm32f10x_hd.o(.text)
    CAN1_SCE_IRQHandler                      0x080001ef   Thumb Code     0  startup_stm32f10x_hd.o(.text)
    DMA1_Channel1_IRQHandler                 0x080001ef   Thumb Code     0  startup_stm32f10x_hd.o(.text)
    DMA1_Channel2_IRQHandler                 0x080001ef   Thumb Code     0  startup_stm32f10x_hd.o(.text)
    DMA1_Channel3_IRQHandler                 0x080001ef   Thumb Code     0  startup_stm32f10x_hd.o(.text)
    DMA1_Channel4_IRQHandler                 0x080001ef   Thumb Code     0  startup_stm32f10x_hd.o(.text)
    DMA1_Channel5_IRQHandler                 0x080001ef   Thumb Code     0  startup_stm32f10x_hd.o(.text)
    DMA1_Channel6_IRQHandler                 0x080001ef   Thumb Code     0  startup_stm32f10x_hd.o(.text)
    DMA1_Channel7_IRQHandler                 0x080001ef   Thumb Code     0  startup_stm32f10x_hd.o(.text)
    DMA2_Channel1_IRQHandler                 0x080001ef   Thumb Code     0  startup_stm32f10x_hd.o(.text)
    DMA2_Channel2_IRQHandler                 0x080001ef   Thumb Code     0  startup_stm32f10x_hd.o(.text)
    DMA2_Channel3_IRQHandler                 0x080001ef   Thumb Code     0  startup_stm32f10x_hd.o(.text)
    DMA2_Channel4_5_IRQHandler               0x080001ef   Thumb Code     0  startup_stm32f10x_hd.o(.text)
    EXTI15_10_IRQHandler                     0x080001ef   Thumb Code     0  startup_stm32f10x_hd.o(.text)
    EXTI1_IRQHandler                         0x080001ef   Thumb Code     0  startup_stm32f10x_hd.o(.text)
    EXTI2_IRQHandler                         0x080001ef   Thumb Code     0  startup_stm32f10x_hd.o(.text)
    EXTI3_IRQHandler                         0x080001ef   Thumb Code     0  startup_stm32f10x_hd.o(.text)
    EXTI4_IRQHandler                         0x080001ef   Thumb Code     0  startup_stm32f10x_hd.o(.text)
    EXTI9_5_IRQHandler                       0x080001ef   Thumb Code     0  startup_stm32f10x_hd.o(.text)
    FLASH_IRQHandler                         0x080001ef   Thumb Code     0  startup_stm32f10x_hd.o(.text)
    FSMC_IRQHandler                          0x080001ef   Thumb Code     0  startup_stm32f10x_hd.o(.text)
    I2C1_ER_IRQHandler                       0x080001ef   Thumb Code     0  startup_stm32f10x_hd.o(.text)
    I2C1_EV_IRQHandler                       0x080001ef   Thumb Code     0  startup_stm32f10x_hd.o(.text)
    I2C2_ER_IRQHandler                       0x080001ef   Thumb Code     0  startup_stm32f10x_hd.o(.text)
    I2C2_EV_IRQHandler                       0x080001ef   Thumb Code     0  startup_stm32f10x_hd.o(.text)
    PVD_IRQHandler                           0x080001ef   Thumb Code     0  startup_stm32f10x_hd.o(.text)
    RCC_IRQHandler                           0x080001ef   Thumb Code     0  startup_stm32f10x_hd.o(.text)
    RTCAlarm_IRQHandler                      0x080001ef   Thumb Code     0  startup_stm32f10x_hd.o(.text)
    RTC_IRQHandler                           0x080001ef   Thumb Code     0  startup_stm32f10x_hd.o(.text)
    SDIO_IRQHandler                          0x080001ef   Thumb Code     0  startup_stm32f10x_hd.o(.text)
    SPI1_IRQHandler                          0x080001ef   Thumb Code     0  startup_stm32f10x_hd.o(.text)
    SPI2_IRQHandler                          0x080001ef   Thumb Code     0  startup_stm32f10x_hd.o(.text)
    SPI3_IRQHandler                          0x080001ef   Thumb Code     0  startup_stm32f10x_hd.o(.text)
    TAMPER_IRQHandler                        0x080001ef   Thumb Code     0  startup_stm32f10x_hd.o(.text)
    TIM1_BRK_IRQHandler                      0x080001ef   Thumb Code     0  startup_stm32f10x_hd.o(.text)
    TIM1_CC_IRQHandler                       0x080001ef   Thumb Code     0  startup_stm32f10x_hd.o(.text)
    TIM1_TRG_COM_IRQHandler                  0x080001ef   Thumb Code     0  startup_stm32f10x_hd.o(.text)
    TIM1_UP_IRQHandler                       0x080001ef   Thumb Code     0  startup_stm32f10x_hd.o(.text)
    TIM2_IRQHandler                          0x080001ef   Thumb Code     0  startup_stm32f10x_hd.o(.text)
    TIM3_IRQHandler                          0x080001ef   Thumb Code     0  startup_stm32f10x_hd.o(.text)
    TIM4_IRQHandler                          0x080001ef   Thumb Code     0  startup_stm32f10x_hd.o(.text)
    TIM5_IRQHandler                          0x080001ef   Thumb Code     0  startup_stm32f10x_hd.o(.text)
    TIM6_IRQHandler                          0x080001ef   Thumb Code     0  startup_stm32f10x_hd.o(.text)
    TIM7_IRQHandler                          0x080001ef   Thumb Code     0  startup_stm32f10x_hd.o(.text)
    TIM8_BRK_IRQHandler                      0x080001ef   Thumb Code     0  startup_stm32f10x_hd.o(.text)
    TIM8_CC_IRQHandler                       0x080001ef   Thumb Code     0  startup_stm32f10x_hd.o(.text)
    TIM8_TRG_COM_IRQHandler                  0x080001ef   Thumb Code     0  startup_stm32f10x_hd.o(.text)
    TIM8_UP_IRQHandler                       0x080001ef   Thumb Code     0  startup_stm32f10x_hd.o(.text)
    UART4_IRQHandler                         0x080001ef   Thumb Code     0  startup_stm32f10x_hd.o(.text)
    UART5_IRQHandler                         0x080001ef   Thumb Code     0  startup_stm32f10x_hd.o(.text)
    USART1_IRQHandler                        0x080001ef   Thumb Code     0  startup_stm32f10x_hd.o(.text)
    USART2_IRQHandler                        0x080001ef   Thumb Code     0  startup_stm32f10x_hd.o(.text)
    USART3_IRQHandler                        0x080001ef   Thumb Code     0  startup_stm32f10x_hd.o(.text)
    USBWakeUp_IRQHandler                     0x080001ef   Thumb Code     0  startup_stm32f10x_hd.o(.text)
    USB_HP_CAN1_TX_IRQHandler                0x080001ef   Thumb Code     0  startup_stm32f10x_hd.o(.text)
    USB_LP_CAN1_RX0_IRQHandler               0x080001ef   Thumb Code     0  startup_stm32f10x_hd.o(.text)
    WWDG_IRQHandler                          0x080001ef   Thumb Code     0  startup_stm32f10x_hd.o(.text)
    __user_initial_stackheap                 0x080001f1   Thumb Code     0  startup_stm32f10x_hd.o(.text)
    main                                     0x08000215   Thumb Code   104  main.o(.text)
    NMI_Handler                              0x08000291   Thumb Code     2  stm32f10x_it.o(.text)
    HardFault_Handler                        0x08000293   Thumb Code     4  stm32f10x_it.o(.text)
    MemManage_Handler                        0x08000297   Thumb Code     4  stm32f10x_it.o(.text)
    BusFault_Handler                         0x0800029b   Thumb Code     4  stm32f10x_it.o(.text)
    UsageFault_Handler                       0x0800029f   Thumb Code     4  stm32f10x_it.o(.text)
    SVC_Handler                              0x080002a3   Thumb Code     2  stm32f10x_it.o(.text)
    DebugMon_Handler                         0x080002a5   Thumb Code     2  stm32f10x_it.o(.text)
    PendSV_Handler                           0x080002a7   Thumb Code     2  stm32f10x_it.o(.text)
    SysTick_Handler                          0x080002a9   Thumb Code     2  stm32f10x_it.o(.text)
    MY_NVIC_PriorityGroupConfig              0x080002ad   Thumb Code    32  extigroup.o(.text)
    MY_NVIC_Init                             0x080002cd   Thumb Code   146  extigroup.o(.text)
    Ex_NVIC_Config                           0x0800035f   Thumb Code   146  extigroup.o(.text)
    delay_init                               0x0800040d   Thumb Code    38  delay.o(.text)
    delay_us                                 0x08000433   Thumb Code    56  delay.o(.text)
    delay_ms                                 0x0800046b   Thumb Code    56  delay.o(.text)
    _sys_exit                                0x080004ad   Thumb Code     4  usart.o(.text)
    fputc                                    0x080004b1   Thumb Code    32  usart.o(.text)
    USART1_Send_Byte                         0x080004d1   Thumb Code    28  usart.o(.text)
    USART1_Receive_Byte                      0x080004ed   Thumb Code    26  usart.o(.text)
    Init_Usart                               0x08000507   Thumb Code    64  usart.o(.text)
    Usart_Configuration                      0x08000547   Thumb Code    60  usart.o(.text)
    Stm32_Clock_Init                         0x0800058d   Thumb Code   132  stm32_clock.o(.text)
    LED_Init                                 0x08000619   Thumb Code    94  led.o(.text)
    TIM3_PWM_Init                            0x08000685   Thumb Code   144  pwm.o(.text)
    KEY_Init                                 0x0800071d   Thumb Code    32  key.o(.text)
    EXTIX_Init                               0x0800073d   Thumb Code    48  key.o(.text)
    EXTI0_IRQHandler                         0x0800076d   Thumb Code    24  key.o(.text)
    DAC1_CH1_DMA_Enable                      0x08000789   Thumb Code    14  wave.o(.text)
    DAC1_CH1_DMA_Disable                     0x08000797   Thumb Code    14  wave.o(.text)
    DAC_CH1_GPIO_Init                        0x080007a5   Thumb Code    38  wave.o(.text)
    DAC_CH1_Init                             0x080007cb   Thumb Code    88  wave.o(.text)
    SinWave_DMA_Init                         0x08000823   Thumb Code    86  wave.o(.text)
    TIM4_Init                                0x08000879   Thumb Code    64  wave.o(.text)
    SinWave_Init                             0x080008b9   Thumb Code   160  wave.o(.text)
    GPIO_DeInit                              0x0800098d   Thumb Code   172  stm32f10x_gpio.o(.text)
    GPIO_AFIODeInit                          0x08000a39   Thumb Code    20  stm32f10x_gpio.o(.text)
    GPIO_Init                                0x08000a4d   Thumb Code   278  stm32f10x_gpio.o(.text)
    GPIO_StructInit                          0x08000b63   Thumb Code    16  stm32f10x_gpio.o(.text)
    GPIO_ReadInputDataBit                    0x08000b73   Thumb Code    18  stm32f10x_gpio.o(.text)
    GPIO_ReadInputData                       0x08000b85   Thumb Code     8  stm32f10x_gpio.o(.text)
    GPIO_ReadOutputDataBit                   0x08000b8d   Thumb Code    18  stm32f10x_gpio.o(.text)
    GPIO_ReadOutputData                      0x08000b9f   Thumb Code     8  stm32f10x_gpio.o(.text)
    GPIO_SetBits                             0x08000ba7   Thumb Code     4  stm32f10x_gpio.o(.text)
    GPIO_ResetBits                           0x08000bab   Thumb Code     4  stm32f10x_gpio.o(.text)
    GPIO_WriteBit                            0x08000baf   Thumb Code    10  stm32f10x_gpio.o(.text)
    GPIO_Write                               0x08000bb9   Thumb Code     4  stm32f10x_gpio.o(.text)
    GPIO_PinLockConfig                       0x08000bbd   Thumb Code    18  stm32f10x_gpio.o(.text)
    GPIO_EventOutputConfig                   0x08000bcf   Thumb Code    26  stm32f10x_gpio.o(.text)
    GPIO_EventOutputCmd                      0x08000be9   Thumb Code     6  stm32f10x_gpio.o(.text)
    GPIO_PinRemapConfig                      0x08000bef   Thumb Code   138  stm32f10x_gpio.o(.text)
    GPIO_EXTILineConfig                      0x08000c79   Thumb Code    66  stm32f10x_gpio.o(.text)
    GPIO_ETH_MediaInterfaceConfig            0x08000cbb   Thumb Code     8  stm32f10x_gpio.o(.text)
    RCC_DeInit                               0x08000ce9   Thumb Code    64  stm32f10x_rcc.o(.text)
    RCC_HSEConfig                            0x08000d29   Thumb Code    70  stm32f10x_rcc.o(.text)
    RCC_GetFlagStatus                        0x08000d6f   Thumb Code    56  stm32f10x_rcc.o(.text)
    RCC_WaitForHSEStartUp                    0x08000da7   Thumb Code    56  stm32f10x_rcc.o(.text)
    RCC_AdjustHSICalibrationValue            0x08000ddf   Thumb Code    20  stm32f10x_rcc.o(.text)
    RCC_HSICmd                               0x08000df3   Thumb Code     6  stm32f10x_rcc.o(.text)
    RCC_PLLConfig                            0x08000df9   Thumb Code    24  stm32f10x_rcc.o(.text)
    RCC_PLLCmd                               0x08000e11   Thumb Code     6  stm32f10x_rcc.o(.text)
    RCC_SYSCLKConfig                         0x08000e17   Thumb Code    18  stm32f10x_rcc.o(.text)
    RCC_GetSYSCLKSource                      0x08000e29   Thumb Code    10  stm32f10x_rcc.o(.text)
    RCC_HCLKConfig                           0x08000e33   Thumb Code    18  stm32f10x_rcc.o(.text)
    RCC_PCLK1Config                          0x08000e45   Thumb Code    18  stm32f10x_rcc.o(.text)
    RCC_PCLK2Config                          0x08000e57   Thumb Code    20  stm32f10x_rcc.o(.text)
    RCC_ITConfig                             0x08000e6b   Thumb Code    26  stm32f10x_rcc.o(.text)
    RCC_USBCLKConfig                         0x08000e85   Thumb Code     8  stm32f10x_rcc.o(.text)
    RCC_ADCCLKConfig                         0x08000e8d   Thumb Code    18  stm32f10x_rcc.o(.text)
    RCC_LSEConfig                            0x08000e9f   Thumb Code    50  stm32f10x_rcc.o(.text)
    RCC_LSICmd                               0x08000ed1   Thumb Code     6  stm32f10x_rcc.o(.text)
    RCC_RTCCLKConfig                         0x08000ed7   Thumb Code    12  stm32f10x_rcc.o(.text)
    RCC_RTCCLKCmd                            0x08000ee3   Thumb Code     8  stm32f10x_rcc.o(.text)
    RCC_GetClocksFreq                        0x08000eeb   Thumb Code   192  stm32f10x_rcc.o(.text)
    RCC_AHBPeriphClockCmd                    0x08000fab   Thumb Code    26  stm32f10x_rcc.o(.text)
    RCC_APB2PeriphClockCmd                   0x08000fc5   Thumb Code    26  stm32f10x_rcc.o(.text)
    RCC_APB1PeriphClockCmd                   0x08000fdf   Thumb Code    26  stm32f10x_rcc.o(.text)
    RCC_APB2PeriphResetCmd                   0x08000ff9   Thumb Code    26  stm32f10x_rcc.o(.text)
    RCC_APB1PeriphResetCmd                   0x08001013   Thumb Code    26  stm32f10x_rcc.o(.text)
    RCC_BackupResetCmd                       0x0800102d   Thumb Code     8  stm32f10x_rcc.o(.text)
    RCC_ClockSecuritySystemCmd               0x08001035   Thumb Code     6  stm32f10x_rcc.o(.text)
    RCC_MCOConfig                            0x0800103b   Thumb Code     6  stm32f10x_rcc.o(.text)
    RCC_ClearFlag                            0x08001041   Thumb Code    14  stm32f10x_rcc.o(.text)
    RCC_GetITStatus                          0x0800104f   Thumb Code    20  stm32f10x_rcc.o(.text)
    RCC_ClearITPendingBit                    0x08001063   Thumb Code     6  stm32f10x_rcc.o(.text)
    DMA_DeInit                               0x0800108d   Thumb Code   324  stm32f10x_dma.o(.text)
    DMA_Init                                 0x080011d1   Thumb Code    60  stm32f10x_dma.o(.text)
    DMA_StructInit                           0x0800120d   Thumb Code    26  stm32f10x_dma.o(.text)
    DMA_Cmd                                  0x08001227   Thumb Code    24  stm32f10x_dma.o(.text)
    DMA_ITConfig                             0x0800123f   Thumb Code    18  stm32f10x_dma.o(.text)
    DMA_SetCurrDataCounter                   0x08001251   Thumb Code     4  stm32f10x_dma.o(.text)
    DMA_GetCurrDataCounter                   0x08001255   Thumb Code     8  stm32f10x_dma.o(.text)
    DMA_GetFlagStatus                        0x0800125d   Thumb Code    40  stm32f10x_dma.o(.text)
    DMA_ClearFlag                            0x08001285   Thumb Code    22  stm32f10x_dma.o(.text)
    DMA_GetITStatus                          0x0800129b   Thumb Code    40  stm32f10x_dma.o(.text)
    DMA_ClearITPendingBit                    0x080012c3   Thumb Code    22  stm32f10x_dma.o(.text)
    USART_DeInit                             0x080012e1   Thumb Code   134  stm32f10x_usart.o(.text)
    USART_Init                               0x08001367   Thumb Code   210  stm32f10x_usart.o(.text)
    USART_StructInit                         0x08001439   Thumb Code    24  stm32f10x_usart.o(.text)
    USART_ClockInit                          0x08001451   Thumb Code    34  stm32f10x_usart.o(.text)
    USART_ClockStructInit                    0x08001473   Thumb Code    12  stm32f10x_usart.o(.text)
    USART_Cmd                                0x0800147f   Thumb Code    24  stm32f10x_usart.o(.text)
    USART_ITConfig                           0x08001497   Thumb Code    74  stm32f10x_usart.o(.text)
    USART_DMACmd                             0x080014e1   Thumb Code    18  stm32f10x_usart.o(.text)
    USART_SetAddress                         0x080014f3   Thumb Code    18  stm32f10x_usart.o(.text)
    USART_WakeUpConfig                       0x08001505   Thumb Code    18  stm32f10x_usart.o(.text)
    USART_ReceiverWakeUpCmd                  0x08001517   Thumb Code    24  stm32f10x_usart.o(.text)
    USART_LINBreakDetectLengthConfig         0x0800152f   Thumb Code    18  stm32f10x_usart.o(.text)
    USART_LINCmd                             0x08001541   Thumb Code    24  stm32f10x_usart.o(.text)
    USART_SendData                           0x08001559   Thumb Code     8  stm32f10x_usart.o(.text)
    USART_ReceiveData                        0x08001561   Thumb Code    10  stm32f10x_usart.o(.text)
    USART_SendBreak                          0x0800156b   Thumb Code    10  stm32f10x_usart.o(.text)
    USART_SetGuardTime                       0x08001575   Thumb Code    16  stm32f10x_usart.o(.text)
    USART_SetPrescaler                       0x08001585   Thumb Code    16  stm32f10x_usart.o(.text)
    USART_SmartCardCmd                       0x08001595   Thumb Code    24  stm32f10x_usart.o(.text)
    USART_SmartCardNACKCmd                   0x080015ad   Thumb Code    24  stm32f10x_usart.o(.text)
    USART_HalfDuplexCmd                      0x080015c5   Thumb Code    24  stm32f10x_usart.o(.text)
    USART_OverSampling8Cmd                   0x080015dd   Thumb Code    22  stm32f10x_usart.o(.text)
    USART_OneBitMethodCmd                    0x080015f3   Thumb Code    24  stm32f10x_usart.o(.text)
    USART_IrDAConfig                         0x0800160b   Thumb Code    18  stm32f10x_usart.o(.text)
    USART_IrDACmd                            0x0800161d   Thumb Code    24  stm32f10x_usart.o(.text)
    USART_GetFlagStatus                      0x08001635   Thumb Code    26  stm32f10x_usart.o(.text)
    USART_ClearFlag                          0x0800164f   Thumb Code    18  stm32f10x_usart.o(.text)
    USART_GetITStatus                        0x08001661   Thumb Code    84  stm32f10x_usart.o(.text)
    USART_ClearITPendingBit                  0x080016b5   Thumb Code    52  stm32f10x_usart.o(.text)
    TIM_DeInit                               0x080016e9   Thumb Code   424  stm32f10x_tim.o(.text)
    TIM_TimeBaseInit                         0x08001891   Thumb Code   122  stm32f10x_tim.o(.text)
    TIM_OC1Init                              0x0800190b   Thumb Code   132  stm32f10x_tim.o(.text)
    TIM_OC2Init                              0x0800198f   Thumb Code   154  stm32f10x_tim.o(.text)
    TIM_OC3Init                              0x08001a29   Thumb Code   150  stm32f10x_tim.o(.text)
    TIM_OC4Init                              0x08001abf   Thumb Code   182  stm32f10x_tim.o(.text)
    TIM_SetIC4Prescaler                      0x08001b75   Thumb Code    26  stm32f10x_tim.o(.text)
    TIM_SetIC3Prescaler                      0x08001c11   Thumb Code    18  stm32f10x_tim.o(.text)
    TIM_SetIC2Prescaler                      0x08001c9d   Thumb Code    26  stm32f10x_tim.o(.text)
    TIM_SetIC1Prescaler                      0x08001d39   Thumb Code    18  stm32f10x_tim.o(.text)
    TIM_ICInit                               0x08001db7   Thumb Code   150  stm32f10x_tim.o(.text)
    TIM_PWMIConfig                           0x08001e4d   Thumb Code   124  stm32f10x_tim.o(.text)
    TIM_BDTRConfig                           0x08001ec9   Thumb Code    32  stm32f10x_tim.o(.text)
    TIM_TimeBaseStructInit                   0x08001ee9   Thumb Code    18  stm32f10x_tim.o(.text)
    TIM_OCStructInit                         0x08001efb   Thumb Code    20  stm32f10x_tim.o(.text)
    TIM_ICStructInit                         0x08001f0f   Thumb Code    18  stm32f10x_tim.o(.text)
    TIM_BDTRStructInit                       0x08001f21   Thumb Code    40  stm32f10x_tim.o(.text)
    TIM_Cmd                                  0x08001f49   Thumb Code    24  stm32f10x_tim.o(.text)
    TIM_CtrlPWMOutputs                       0x08001f61   Thumb Code    30  stm32f10x_tim.o(.text)
    TIM_ITConfig                             0x08001f7f   Thumb Code    18  stm32f10x_tim.o(.text)
    TIM_GenerateEvent                        0x08001f91   Thumb Code     4  stm32f10x_tim.o(.text)
    TIM_DMAConfig                            0x08001f95   Thumb Code    10  stm32f10x_tim.o(.text)
    TIM_DMACmd                               0x08001f9f   Thumb Code    18  stm32f10x_tim.o(.text)
    TIM_InternalClockConfig                  0x08001fb1   Thumb Code    12  stm32f10x_tim.o(.text)
    TIM_SelectInputTrigger                   0x08001fbd   Thumb Code    18  stm32f10x_tim.o(.text)
    TIM_ITRxExternalClockConfig              0x08001fcf   Thumb Code    24  stm32f10x_tim.o(.text)
    TIM_TIxExternalClockConfig               0x08001fe7   Thumb Code    62  stm32f10x_tim.o(.text)
    TIM_ETRConfig                            0x08002025   Thumb Code    28  stm32f10x_tim.o(.text)
    TIM_ETRClockMode1Config                  0x08002041   Thumb Code    54  stm32f10x_tim.o(.text)
    TIM_ETRClockMode2Config                  0x08002077   Thumb Code    32  stm32f10x_tim.o(.text)
    TIM_PrescalerConfig                      0x08002097   Thumb Code     6  stm32f10x_tim.o(.text)
    TIM_CounterModeConfig                    0x0800209d   Thumb Code    18  stm32f10x_tim.o(.text)
    TIM_EncoderInterfaceConfig               0x080020af   Thumb Code    66  stm32f10x_tim.o(.text)
    TIM_ForcedOC1Config                      0x080020f1   Thumb Code    18  stm32f10x_tim.o(.text)
    TIM_ForcedOC2Config                      0x08002103   Thumb Code    26  stm32f10x_tim.o(.text)
    TIM_ForcedOC3Config                      0x0800211d   Thumb Code    18  stm32f10x_tim.o(.text)
    TIM_ForcedOC4Config                      0x0800212f   Thumb Code    26  stm32f10x_tim.o(.text)
    TIM_ARRPreloadConfig                     0x08002149   Thumb Code    24  stm32f10x_tim.o(.text)
    TIM_SelectCOM                            0x08002161   Thumb Code    24  stm32f10x_tim.o(.text)
    TIM_SelectCCDMA                          0x08002179   Thumb Code    24  stm32f10x_tim.o(.text)
    TIM_CCPreloadControl                     0x08002191   Thumb Code    24  stm32f10x_tim.o(.text)
    TIM_OC1PreloadConfig                     0x080021a9   Thumb Code    18  stm32f10x_tim.o(.text)
    TIM_OC2PreloadConfig                     0x080021bb   Thumb Code    26  stm32f10x_tim.o(.text)
    TIM_OC3PreloadConfig                     0x080021d5   Thumb Code    18  stm32f10x_tim.o(.text)
    TIM_OC4PreloadConfig                     0x080021e7   Thumb Code    26  stm32f10x_tim.o(.text)
    TIM_OC1FastConfig                        0x08002201   Thumb Code    18  stm32f10x_tim.o(.text)
    TIM_OC2FastConfig                        0x08002213   Thumb Code    26  stm32f10x_tim.o(.text)
    TIM_OC3FastConfig                        0x0800222d   Thumb Code    18  stm32f10x_tim.o(.text)
    TIM_OC4FastConfig                        0x0800223f   Thumb Code    26  stm32f10x_tim.o(.text)
    TIM_ClearOC1Ref                          0x08002259   Thumb Code    18  stm32f10x_tim.o(.text)
    TIM_ClearOC2Ref                          0x0800226b   Thumb Code    24  stm32f10x_tim.o(.text)
    TIM_ClearOC3Ref                          0x08002283   Thumb Code    18  stm32f10x_tim.o(.text)
    TIM_ClearOC4Ref                          0x08002295   Thumb Code    24  stm32f10x_tim.o(.text)
    TIM_OC1PolarityConfig                    0x080022ad   Thumb Code    18  stm32f10x_tim.o(.text)
    TIM_OC1NPolarityConfig                   0x080022bf   Thumb Code    18  stm32f10x_tim.o(.text)
    TIM_OC2PolarityConfig                    0x080022d1   Thumb Code    26  stm32f10x_tim.o(.text)
    TIM_OC2NPolarityConfig                   0x080022eb   Thumb Code    26  stm32f10x_tim.o(.text)
    TIM_OC3PolarityConfig                    0x08002305   Thumb Code    26  stm32f10x_tim.o(.text)
    TIM_OC3NPolarityConfig                   0x0800231f   Thumb Code    26  stm32f10x_tim.o(.text)
    TIM_OC4PolarityConfig                    0x08002339   Thumb Code    26  stm32f10x_tim.o(.text)
    TIM_CCxCmd                               0x08002353   Thumb Code    30  stm32f10x_tim.o(.text)
    TIM_CCxNCmd                              0x08002371   Thumb Code    30  stm32f10x_tim.o(.text)
    TIM_SelectOCxM                           0x0800238f   Thumb Code    82  stm32f10x_tim.o(.text)
    TIM_UpdateDisableConfig                  0x080023e1   Thumb Code    24  stm32f10x_tim.o(.text)
    TIM_UpdateRequestConfig                  0x080023f9   Thumb Code    24  stm32f10x_tim.o(.text)
    TIM_SelectHallSensor                     0x08002411   Thumb Code    24  stm32f10x_tim.o(.text)
    TIM_SelectOnePulseMode                   0x08002429   Thumb Code    18  stm32f10x_tim.o(.text)
    TIM_SelectOutputTrigger                  0x0800243b   Thumb Code    18  stm32f10x_tim.o(.text)
    TIM_SelectSlaveMode                      0x0800244d   Thumb Code    18  stm32f10x_tim.o(.text)
    TIM_SelectMasterSlaveMode                0x0800245f   Thumb Code    18  stm32f10x_tim.o(.text)
    TIM_SetCounter                           0x08002471   Thumb Code     4  stm32f10x_tim.o(.text)
    TIM_SetAutoreload                        0x08002475   Thumb Code     4  stm32f10x_tim.o(.text)
    TIM_SetCompare1                          0x08002479   Thumb Code     4  stm32f10x_tim.o(.text)
    TIM_SetCompare2                          0x0800247d   Thumb Code     4  stm32f10x_tim.o(.text)
    TIM_SetCompare3                          0x08002481   Thumb Code     4  stm32f10x_tim.o(.text)
    TIM_SetCompare4                          0x08002485   Thumb Code     6  stm32f10x_tim.o(.text)
    TIM_SetClockDivision                     0x0800248b   Thumb Code    18  stm32f10x_tim.o(.text)
    TIM_GetCapture1                          0x0800249d   Thumb Code     6  stm32f10x_tim.o(.text)
    TIM_GetCapture2                          0x080024a3   Thumb Code     6  stm32f10x_tim.o(.text)
    TIM_GetCapture3                          0x080024a9   Thumb Code     6  stm32f10x_tim.o(.text)
    TIM_GetCapture4                          0x080024af   Thumb Code     8  stm32f10x_tim.o(.text)
    TIM_GetCounter                           0x080024b7   Thumb Code     6  stm32f10x_tim.o(.text)
    TIM_GetPrescaler                         0x080024bd   Thumb Code     6  stm32f10x_tim.o(.text)
    TIM_GetFlagStatus                        0x080024c3   Thumb Code    18  stm32f10x_tim.o(.text)
    TIM_ClearFlag                            0x080024d5   Thumb Code     6  stm32f10x_tim.o(.text)
    TIM_GetITStatus                          0x080024db   Thumb Code    34  stm32f10x_tim.o(.text)
    TIM_ClearITPendingBit                    0x080024fd   Thumb Code     6  stm32f10x_tim.o(.text)
    EXTI_DeInit                              0x08002505   Thumb Code    28  stm32f10x_exti.o(.text)
    EXTI_Init                                0x08002521   Thumb Code   142  stm32f10x_exti.o(.text)
    EXTI_StructInit                          0x080025af   Thumb Code    16  stm32f10x_exti.o(.text)
    EXTI_GenerateSWInterrupt                 0x080025bf   Thumb Code    16  stm32f10x_exti.o(.text)
    EXTI_GetFlagStatus                       0x080025cf   Thumb Code    22  stm32f10x_exti.o(.text)
    EXTI_ClearFlag                           0x080025e5   Thumb Code     8  stm32f10x_exti.o(.text)
    EXTI_GetITStatus                         0x080025ed   Thumb Code    34  stm32f10x_exti.o(.text)
    EXTI_ClearITPendingBit                   0x0800260f   Thumb Code     8  stm32f10x_exti.o(.text)
    __use_no_semihosting                     0x08002621   Thumb Code     2  use_no_semi_2.o(.text)
    __2printf                                0x08002625   Thumb Code    20  noretval__2printf.o(.text)
    __use_two_region_memory                  0x0800263d   Thumb Code     2  heapauxi.o(.text)
    __rt_heap_escrow$2region                 0x0800263f   Thumb Code     2  heapauxi.o(.text)
    __rt_heap_expand$2region                 0x08002641   Thumb Code     2  heapauxi.o(.text)
    __I$use$semihosting                      0x08002643   Thumb Code     0  use_no_semi.o(.text)
    __use_no_semihosting_swi                 0x08002643   Thumb Code     2  use_no_semi.o(.text)
    __read_errno                             0x08002645   Thumb Code    10  _rserrno.o(.text)
    __set_errno                              0x0800264f   Thumb Code    12  _rserrno.o(.text)
    _printf_char_file                        0x0800265d   Thumb Code    32  _printf_char_file.o(.text)
    __aeabi_errno_addr                       0x08002681   Thumb Code     8  rt_errno_addr_intlibspace.o(.text)
    __errno$intlibspace                      0x08002681   Thumb Code     0  rt_errno_addr_intlibspace.o(.text)
    __rt_errno_addr$intlibspace              0x08002681   Thumb Code     0  rt_errno_addr_intlibspace.o(.text)
    _printf_char_common                      0x08002693   Thumb Code    32  _printf_char_common.o(.text)
    ferror                                   0x080026b9   Thumb Code     8  ferror.o(.text)
    __user_libspace                          0x080026c1   Thumb Code     8  libspace.o(.text)
    __user_perproc_libspace                  0x080026c1   Thumb Code     0  libspace.o(.text)
    __user_perthread_libspace                0x080026c1   Thumb Code     0  libspace.o(.text)
    __user_setup_stackheap                   0x080026c9   Thumb Code    74  sys_stackheap_outer.o(.text)
    __printf                                 0x08002713   Thumb Code    40  __printf_nopercent.o(.text)
    exit                                     0x0800273b   Thumb Code    18  exit.o(.text)
    __ARM_fpclassify                         0x0800274d   Thumb Code    40  fpclassify.o(i.__ARM_fpclassify)
    __ieee754_rem_pio2                       0x08002775   Thumb Code   828  rred.o(i.__ieee754_rem_pio2)
    __kernel_cos                             0x08002afd   Thumb Code   230  cos_i.o(i.__kernel_cos)
    __kernel_poly                            0x08002bf9   Thumb Code   170  poly.o(i.__kernel_poly)
    __kernel_sin                             0x08002ca5   Thumb Code   224  sin_i.o(i.__kernel_sin)
    __mathlib_dbl_infnan                     0x08002d91   Thumb Code     6  dunder.o(i.__mathlib_dbl_infnan)
    __mathlib_dbl_invalid                    0x08002d97   Thumb Code    12  dunder.o(i.__mathlib_dbl_invalid)
    __mathlib_dbl_underflow                  0x08002da5   Thumb Code    10  dunder.o(i.__mathlib_dbl_underflow)
    sin                                      0x08002db5   Thumb Code   150  sin.o(i.sin)
    __aeabi_dadd                             0x08002e55   Thumb Code     0  daddsub_clz.o(x$fpl$dadd)
    _dadd                                    0x08002e55   Thumb Code   332  daddsub_clz.o(x$fpl$dadd)
    __fpl_dcheck_NaN1                        0x08002fa5   Thumb Code    10  dcheck1.o(x$fpl$dcheck1)
    __aeabi_ddiv                             0x08002fb5   Thumb Code     0  ddiv.o(x$fpl$ddiv)
    _ddiv                                    0x08002fb5   Thumb Code   552  ddiv.o(x$fpl$ddiv)
    __aeabi_d2iz                             0x08003265   Thumb Code     0  dfix.o(x$fpl$dfix)
    _dfix                                    0x08003265   Thumb Code    94  dfix.o(x$fpl$dfix)
    __aeabi_d2uiz                            0x080032c5   Thumb Code     0  dfixu.o(x$fpl$dfixu)
    _dfixu                                   0x080032c5   Thumb Code    90  dfixu.o(x$fpl$dfixu)
    __aeabi_i2d                              0x0800331f   Thumb Code     0  dflt_clz.o(x$fpl$dflt)
    _dflt                                    0x0800331f   Thumb Code    46  dflt_clz.o(x$fpl$dflt)
    __aeabi_ui2d                             0x0800334d   Thumb Code     0  dflt_clz.o(x$fpl$dfltu)
    _dfltu                                   0x0800334d   Thumb Code    38  dflt_clz.o(x$fpl$dfltu)
    __aeabi_dmul                             0x08003375   Thumb Code     0  dmul.o(x$fpl$dmul)
    _dmul                                    0x08003375   Thumb Code   332  dmul.o(x$fpl$dmul)
    __fpl_dnaninf                            0x080034c9   Thumb Code   156  dnaninf.o(x$fpl$dnaninf)
    __fpl_dretinf                            0x08003565   Thumb Code    12  dretinf.o(x$fpl$dretinf)
    __aeabi_drsub                            0x08003571   Thumb Code     0  daddsub_clz.o(x$fpl$drsb)
    _drsb                                    0x08003571   Thumb Code    22  daddsub_clz.o(x$fpl$drsb)
    __aeabi_dsub                             0x08003589   Thumb Code     0  daddsub_clz.o(x$fpl$dsub)
    _dsub                                    0x08003589   Thumb Code   464  daddsub_clz.o(x$fpl$dsub)
    __fpl_return_NaN                         0x0800375d   Thumb Code   100  retnan.o(x$fpl$retnan)
    __ARM_scalbn                             0x080037c1   Thumb Code    92  scalbn.o(x$fpl$scalbn)
    __fpl_cmpreturn                          0x0800381d   Thumb Code    48  trapv.o(x$fpl$trapveneer)
    __I$use$fp                               0x0800384c   Number         0  usenofp.o(x$fpl$usenofp)
    Region$$Table$$Base                      0x08003970   Number         0  anon$$obj.o(Region$$Table)
    Region$$Table$$Limit                     0x08003990   Number         0  anon$$obj.o(Region$$Table)
    __stdout                                 0x20000008   Data           4  usart.o(.data)
    __libspace_start                         0x20000220   Data          96  libspace.o(.bss)
    __temporary_stack_top$libspace           0x20000280   Data           0  libspace.o(.bss)



==============================================================================

Memory Map of the image

  Image Entry point : 0x08000131

  Load Region LR_IROM1 (Base: 0x08000000, Size: 0x000039b0, Max: 0x00080000, ABSOLUTE)

    Execution Region ER_IROM1 (Base: 0x08000000, Size: 0x00003990, Max: 0x00080000, ABSOLUTE)

    Base Addr    Size         Type   Attr      Idx    E Section Name        Object

    0x08000000   0x00000130   Data   RO           19    RESET               startup_stm32f10x_hd.o
    0x08000130   0x00000008   Code   RO          428  * !!!main             c_w.l(__main.o)
    0x08000138   0x00000034   Code   RO          679    !!!scatter          c_w.l(__scatter.o)
    0x0800016c   0x0000001a   Code   RO          681    !!handler_copy      c_w.l(__scatter_copy.o)
    0x08000186   0x00000002   PAD
    0x08000188   0x0000001c   Code   RO          683    !!handler_zi        c_w.l(__scatter_zi.o)
    0x080001a4   0x00000002   Code   RO          550    .ARM.Collect$$libinit$$00000000  c_w.l(libinit.o)
    0x080001a6   0x00000000   Code   RO          556    .ARM.Collect$$libinit$$00000002  c_w.l(libinit2.o)
    0x080001a6   0x00000000   Code   RO          558    .ARM.Collect$$libinit$$00000004  c_w.l(libinit2.o)
    0x080001a6   0x00000000   Code   RO          561    .ARM.Collect$$libinit$$0000000A  c_w.l(libinit2.o)
    0x080001a6   0x00000000   Code   RO          563    .ARM.Collect$$libinit$$0000000C  c_w.l(libinit2.o)
    0x080001a6   0x00000000   Code   RO          565    .ARM.Collect$$libinit$$0000000E  c_w.l(libinit2.o)
    0x080001a6   0x00000000   Code   RO          568    .ARM.Collect$$libinit$$00000011  c_w.l(libinit2.o)
    0x080001a6   0x00000000   Code   RO          570    .ARM.Collect$$libinit$$00000013  c_w.l(libinit2.o)
    0x080001a6   0x00000000   Code   RO          572    .ARM.Collect$$libinit$$00000015  c_w.l(libinit2.o)
    0x080001a6   0x00000000   Code   RO          574    .ARM.Collect$$libinit$$00000017  c_w.l(libinit2.o)
    0x080001a6   0x00000000   Code   RO          576    .ARM.Collect$$libinit$$00000019  c_w.l(libinit2.o)
    0x080001a6   0x00000000   Code   RO          578    .ARM.Collect$$libinit$$0000001B  c_w.l(libinit2.o)
    0x080001a6   0x00000000   Code   RO          580    .ARM.Collect$$libinit$$0000001D  c_w.l(libinit2.o)
    0x080001a6   0x00000000   Code   RO          582    .ARM.Collect$$libinit$$0000001F  c_w.l(libinit2.o)
    0x080001a6   0x00000000   Code   RO          584    .ARM.Collect$$libinit$$00000021  c_w.l(libinit2.o)
    0x080001a6   0x00000000   Code   RO          586    .ARM.Collect$$libinit$$00000023  c_w.l(libinit2.o)
    0x080001a6   0x00000000   Code   RO          588    .ARM.Collect$$libinit$$00000025  c_w.l(libinit2.o)
    0x080001a6   0x00000000   Code   RO          592    .ARM.Collect$$libinit$$0000002C  c_w.l(libinit2.o)
    0x080001a6   0x00000000   Code   RO          594    .ARM.Collect$$libinit$$0000002E  c_w.l(libinit2.o)
    0x080001a6   0x00000000   Code   RO          596    .ARM.Collect$$libinit$$00000030  c_w.l(libinit2.o)
    0x080001a6   0x00000000   Code   RO          598    .ARM.Collect$$libinit$$00000032  c_w.l(libinit2.o)
    0x080001a6   0x00000002   Code   RO          599    .ARM.Collect$$libinit$$00000033  c_w.l(libinit2.o)
    0x080001a8   0x00000002   Code   RO          621    .ARM.Collect$$libshutdown$$00000000  c_w.l(libshutdown.o)
    0x080001aa   0x00000000   Code   RO          631    .ARM.Collect$$libshutdown$$00000002  c_w.l(libshutdown2.o)
    0x080001aa   0x00000000   Code   RO          633    .ARM.Collect$$libshutdown$$00000004  c_w.l(libshutdown2.o)
    0x080001aa   0x00000000   Code   RO          636    .ARM.Collect$$libshutdown$$00000007  c_w.l(libshutdown2.o)
    0x080001aa   0x00000000   Code   RO          639    .ARM.Collect$$libshutdown$$0000000A  c_w.l(libshutdown2.o)
    0x080001aa   0x00000000   Code   RO          641    .ARM.Collect$$libshutdown$$0000000C  c_w.l(libshutdown2.o)
    0x080001aa   0x00000000   Code   RO          644    .ARM.Collect$$libshutdown$$0000000F  c_w.l(libshutdown2.o)
    0x080001aa   0x00000002   Code   RO          645    .ARM.Collect$$libshutdown$$00000010  c_w.l(libshutdown2.o)
    0x080001ac   0x00000000   Code   RO          462    .ARM.Collect$$rtentry$$00000000  c_w.l(__rtentry.o)
    0x080001ac   0x00000000   Code   RO          501    .ARM.Collect$$rtentry$$00000002  c_w.l(__rtentry2.o)
    0x080001ac   0x00000006   Code   RO          513    .ARM.Collect$$rtentry$$00000004  c_w.l(__rtentry4.o)
    0x080001b2   0x00000000   Code   RO          503    .ARM.Collect$$rtentry$$00000009  c_w.l(__rtentry2.o)
    0x080001b2   0x00000004   Code   RO          504    .ARM.Collect$$rtentry$$0000000A  c_w.l(__rtentry2.o)
    0x080001b6   0x00000000   Code   RO          506    .ARM.Collect$$rtentry$$0000000C  c_w.l(__rtentry2.o)
    0x080001b6   0x00000008   Code   RO          507    .ARM.Collect$$rtentry$$0000000D  c_w.l(__rtentry2.o)
    0x080001be   0x00000002   Code   RO          553    .ARM.Collect$$rtexit$$00000000  c_w.l(rtexit.o)
    0x080001c0   0x00000000   Code   RO          603    .ARM.Collect$$rtexit$$00000002  c_w.l(rtexit2.o)
    0x080001c0   0x00000004   Code   RO          604    .ARM.Collect$$rtexit$$00000003  c_w.l(rtexit2.o)
    0x080001c4   0x00000006   Code   RO          605    .ARM.Collect$$rtexit$$00000004  c_w.l(rtexit2.o)
    0x080001ca   0x00000002   PAD
    0x080001cc   0x00000048   Code   RO           20    .text               startup_stm32f10x_hd.o
    0x08000214   0x0000007c   Code   RO           24    .text               main.o
    0x08000290   0x0000001a   Code   RO          114    .text               stm32f10x_it.o
    0x080002aa   0x00000002   PAD
    0x080002ac   0x00000160   Code   RO          147    .text               extigroup.o
    0x0800040c   0x000000a0   Code   RO          188    .text               delay.o
    0x080004ac   0x000000e0   Code   RO          202    .text               usart.o
    0x0800058c   0x0000008c   Code   RO          221    .text               stm32_clock.o
    0x08000618   0x0000006c   Code   RO          233    .text               led.o
    0x08000684   0x00000098   Code   RO          245    .text               pwm.o
    0x0800071c   0x0000006c   Code   RO          260    .text               key.o
    0x08000788   0x00000204   Code   RO          275    .text               wave.o
    0x0800098c   0x0000035c   Code   RO          305    .text               stm32f10x_gpio.o
    0x08000ce8   0x000003a4   Code   RO          317    .text               stm32f10x_rcc.o
    0x0800108c   0x00000254   Code   RO          331    .text               stm32f10x_dma.o
    0x080012e0   0x00000408   Code   RO          343    .text               stm32f10x_usart.o
    0x080016e8   0x00000e1a   Code   RO          394    .text               stm32f10x_tim.o
    0x08002502   0x00000002   PAD
    0x08002504   0x0000011c   Code   RO          406    .text               stm32f10x_exti.o
    0x08002620   0x00000002   Code   RO          420    .text               c_w.l(use_no_semi_2.o)
    0x08002622   0x00000002   PAD
    0x08002624   0x00000018   Code   RO          424    .text               c_w.l(noretval__2printf.o)
    0x0800263c   0x00000006   Code   RO          426    .text               c_w.l(heapauxi.o)
    0x08002642   0x00000002   Code   RO          460    .text               c_w.l(use_no_semi.o)
    0x08002644   0x00000016   Code   RO          463    .text               c_w.l(_rserrno.o)
    0x0800265a   0x00000002   PAD
    0x0800265c   0x00000024   Code   RO          465    .text               c_w.l(_printf_char_file.o)
    0x08002680   0x00000008   Code   RO          518    .text               c_w.l(rt_errno_addr_intlibspace.o)
    0x08002688   0x00000030   Code   RO          520    .text               c_w.l(_printf_char_common.o)
    0x080026b8   0x00000008   Code   RO          522    .text               c_w.l(ferror.o)
    0x080026c0   0x00000008   Code   RO          536    .text               c_w.l(libspace.o)
    0x080026c8   0x0000004a   Code   RO          539    .text               c_w.l(sys_stackheap_outer.o)
    0x08002712   0x00000028   Code   RO          541    .text               c_w.l(__printf_nopercent.o)
    0x0800273a   0x00000012   Code   RO          543    .text               c_w.l(exit.o)
    0x0800274c   0x00000028   Code   RO          532    i.__ARM_fpclassify  m_ws.l(fpclassify.o)
    0x08002774   0x00000388   Code   RO          489    i.__ieee754_rem_pio2  m_ws.l(rred.o)
    0x08002afc   0x000000fc   Code   RO          472    i.__kernel_cos      m_ws.l(cos_i.o)
    0x08002bf8   0x000000aa   Code   RO          534    i.__kernel_poly     m_ws.l(poly.o)
    0x08002ca2   0x00000002   PAD
    0x08002ca4   0x000000ec   Code   RO          494    i.__kernel_sin      m_ws.l(sin_i.o)
    0x08002d90   0x00000006   Code   RO          476    i.__mathlib_dbl_infnan  m_ws.l(dunder.o)
    0x08002d96   0x0000000c   Code   RO          478    i.__mathlib_dbl_invalid  m_ws.l(dunder.o)
    0x08002da2   0x00000002   PAD
    0x08002da4   0x00000010   Code   RO          481    i.__mathlib_dbl_underflow  m_ws.l(dunder.o)
    0x08002db4   0x000000a0   Code   RO          453    i.sin               m_ws.l(sin.o)
    0x08002e54   0x00000150   Code   RO          430    x$fpl$dadd          fz_ws.l(daddsub_clz.o)
    0x08002fa4   0x00000010   Code   RO          551    x$fpl$dcheck1       fz_ws.l(dcheck1.o)
    0x08002fb4   0x000002b0   Code   RO          437    x$fpl$ddiv          fz_ws.l(ddiv.o)
    0x08003264   0x0000005e   Code   RO          526    x$fpl$dfix          fz_ws.l(dfix.o)
    0x080032c2   0x00000002   PAD
    0x080032c4   0x0000005a   Code   RO          440    x$fpl$dfixu         fz_ws.l(dfixu.o)
    0x0800331e   0x0000002e   Code   RO          445    x$fpl$dflt          fz_ws.l(dflt_clz.o)
    0x0800334c   0x00000026   Code   RO          444    x$fpl$dfltu         fz_ws.l(dflt_clz.o)
    0x08003372   0x00000002   PAD
    0x08003374   0x00000154   Code   RO          450    x$fpl$dmul          fz_ws.l(dmul.o)
    0x080034c8   0x0000009c   Code   RO          467    x$fpl$dnaninf       fz_ws.l(dnaninf.o)
    0x08003564   0x0000000c   Code   RO          469    x$fpl$dretinf       fz_ws.l(dretinf.o)
    0x08003570   0x00000016   Code   RO          431    x$fpl$drsb          fz_ws.l(daddsub_clz.o)
    0x08003586   0x00000002   PAD
    0x08003588   0x000001d4   Code   RO          432    x$fpl$dsub          fz_ws.l(daddsub_clz.o)
    0x0800375c   0x00000064   Code   RO          600    x$fpl$retnan        fz_ws.l(retnan.o)
    0x080037c0   0x0000005c   Code   RO          530    x$fpl$scalbn        fz_ws.l(scalbn.o)
    0x0800381c   0x00000030   Code   RO          613    x$fpl$trapveneer    fz_ws.l(trapv.o)
    0x0800384c   0x00000000   Code   RO          471    x$fpl$usenofp       fz_ws.l(usenofp.o)
    0x0800384c   0x00000004   PAD
    0x08003850   0x00000030   Data   RO          473    .constdata          m_ws.l(cos_i.o)
    0x08003880   0x000000c8   Data   RO          491    .constdata          m_ws.l(rred.o)
    0x08003948   0x00000028   Data   RO          495    .constdata          m_ws.l(sin_i.o)
    0x08003970   0x00000020   Data   RO          677    Region$$Table       anon$$obj.o


    Execution Region RW_IRAM1 (Base: 0x20000000, Size: 0x00000a80, Max: 0x00010000, ABSOLUTE)

    Base Addr    Size         Type   Attr      Idx    E Section Name        Object

    0x20000000   0x00000008   Data   RW          189    .data               delay.o
    0x20000008   0x00000004   Data   RW          203    .data               usart.o
    0x2000000c   0x00000014   Data   RW          318    .data               stm32f10x_rcc.o
    0x20000020   0x00000200   Zero   RW          276    .bss                wave.o
    0x20000220   0x00000060   Zero   RW          537    .bss                c_w.l(libspace.o)
    0x20000280   0x00000000   Zero   RW           18    HEAP                startup_stm32f10x_hd.o
    0x20000280   0x00000800   Zero   RW           17    STACK               startup_stm32f10x_hd.o


==============================================================================

Image component sizes


      Code (inc. data)   RO Data    RW Data    ZI Data      Debug   Object Name

         0          0          0          0          0       4540   core_cm3.o
       160         10          0          8          0        959   delay.o
       352         28          0          0          0     206462   extigroup.o
       108          4          0          0          0        659   key.o
       108         14          0          0          0        367   led.o
       124         20          0          0          0     256459   main.o
       152          8          0          0          0        608   pwm.o
        72         26        304          0       2048        816   startup_stm32f10x_hd.o
       140          8          0          0          0        507   stm32_clock.o
       596          8          0          0          0       4218   stm32f10x_dma.o
       284         10          0          0          0       2107   stm32f10x_exti.o
       860         38          0          0          0       5585   stm32f10x_gpio.o
        26          0          0          0          0       1146   stm32f10x_it.o
       932         36          0         20          0       8708   stm32f10x_rcc.o
      3610         88          0          0          0      22692   stm32f10x_tim.o
      1032         22          0          0          0       8312   stm32f10x_usart.o
       224         10          0          4          0       3140   usart.o
       516         52          0          0        512       2134   wave.o

    ----------------------------------------------------------------------
      9300        382        336         32       2560     529419   Object Totals
         0          0         32          0          0          0   (incl. Generated)
         4          0          0          0          0          0   (incl. Padding)

    ----------------------------------------------------------------------

      Code (inc. data)   RO Data    RW Data    ZI Data      Debug   Library Member Name

         8          0          0          0          0         68   __main.o
        40          0          0          0          0         84   __printf_nopercent.o
         0          0          0          0          0          0   __rtentry.o
        12          0          0          0          0          0   __rtentry2.o
         6          0          0          0          0          0   __rtentry4.o
        52          8          0          0          0          0   __scatter.o
        26          0          0          0          0          0   __scatter_copy.o
        28          0          0          0          0          0   __scatter_zi.o
        48          6          0          0          0         96   _printf_char_common.o
        36          4          0          0          0         80   _printf_char_file.o
        22          0          0          0          0        100   _rserrno.o
        18          0          0          0          0         80   exit.o
         8          0          0          0          0         68   ferror.o
         6          0          0          0          0        152   heapauxi.o
         2          0          0          0          0          0   libinit.o
         2          0          0          0          0          0   libinit2.o
         2          0          0          0          0          0   libshutdown.o
         2          0          0          0          0          0   libshutdown2.o
         8          4          0          0         96         68   libspace.o
        24          4          0          0          0         84   noretval__2printf.o
         8          4          0          0          0         68   rt_errno_addr_intlibspace.o
         2          0          0          0          0          0   rtexit.o
        10          0          0          0          0          0   rtexit2.o
        74          0          0          0          0         80   sys_stackheap_outer.o
         2          0          0          0          0         68   use_no_semi.o
         2          0          0          0          0         68   use_no_semi_2.o
       826         16          0          0          0        348   daddsub_clz.o
        16          4          0          0          0         68   dcheck1.o
       688        140          0          0          0        208   ddiv.o
        94          4          0          0          0         92   dfix.o
        90          4          0          0          0         92   dfixu.o
        84          0          0          0          0        136   dflt_clz.o
       340         12          0          0          0        104   dmul.o
       156          4          0          0          0         92   dnaninf.o
        12          0          0          0          0         68   dretinf.o
       100          0          0          0          0         68   retnan.o
        92          0          0          0          0         68   scalbn.o
        48          0          0          0          0         68   trapv.o
         0          0          0          0          0          0   usenofp.o
       252         22         48          0          0        124   cos_i.o
        34          6          0          0          0        204   dunder.o
        40          0          0          0          0         68   fpclassify.o
       170          0          0          0          0         96   poly.o
       904         76        200          0          0        140   rred.o
       160         10          0          0          0        108   sin.o
       236         12         40          0          0        128   sin_i.o

    ----------------------------------------------------------------------
      4812        340        288          0         96       3444   Library Totals
        22          0          0          0          0          0   (incl. Padding)

    ----------------------------------------------------------------------

      Code (inc. data)   RO Data    RW Data    ZI Data      Debug   Library Name

       448         30          0          0         96       1164   c_w.l
      2546        184          0          0          0       1412   fz_ws.l
      1796        126        288          0          0        868   m_ws.l

    ----------------------------------------------------------------------
      4812        340        288          0         96       3444   Library Totals

    ----------------------------------------------------------------------

==============================================================================


      Code (inc. data)   RO Data    RW Data    ZI Data      Debug   

     14112        722        624         32       2656     529687   Grand Totals
     14112        722        624         32       2656     529687   ELF Image Totals
     14112        722        624         32          0          0   ROM Totals

==============================================================================

    Total RO  Size (Code + RO Data)                14736 (  14.39kB)
    Total RW  Size (RW Data + ZI Data)              2688 (   2.63kB)
    Total ROM Size (Code + RO Data + RW Data)      14768 (  14.42kB)

==============================================================================

