Component: ARM Compiler 5.06 update 3 (build 300) Tool: armlink [4d35c9]

==============================================================================

Section Cross References

    startup_stm32f10x_hd.o(STACK) refers (Special) to heapauxi.o(.text) for __use_two_region_memory
    startup_stm32f10x_hd.o(HEAP) refers (Special) to heapauxi.o(.text) for __use_two_region_memory
    startup_stm32f10x_hd.o(RESET) refers (Special) to heapauxi.o(.text) for __use_two_region_memory
    startup_stm32f10x_hd.o(RESET) refers to startup_stm32f10x_hd.o(.text) for Reset_Handler
    startup_stm32f10x_hd.o(RESET) refers to stm32f10x_it.o(.text) for NMI_Handler
    startup_stm32f10x_hd.o(RESET) refers to key.o(.text) for EXTI2_IRQHandler
    startup_stm32f10x_hd.o(.text) refers (Special) to heapauxi.o(.text) for __use_two_region_memory
    startup_stm32f10x_hd.o(.text) refers to startup_stm32f10x_hd.o(STACK) for __initial_sp
    startup_stm32f10x_hd.o(.text) refers to __main.o(!!!main) for __main
    startup_stm32f10x_hd.o(.text) refers to startup_stm32f10x_hd.o(HEAP) for Heap_Mem
    main.o(.text) refers to stm32_clock.o(.text) for Stm32_Clock_Init
    main.o(.text) refers to delay.o(.text) for delay_init
    main.o(.text) refers to usart.o(.text) for Init_Usart
    main.o(.text) refers to led.o(.text) for LED_Init
    main.o(.text) refers to pwm.o(.text) for TIM3_PWM_Init
    main.o(.text) refers to wave.o(.text) for DAC1_Init
    main.o(.text) refers to key.o(.text) for KEY_Init
    main.o(.text) refers to noretval__2printf.o(.text) for __2printf
    system_stm32f10x.o(.text) refers to system_stm32f10x.o(.data) for SystemCoreClock
    delay.o(.text) refers to delay.o(.data) for fac_us
    usart.o(.text) refers (Special) to use_no_semi_2.o(.text) for __use_no_semihosting
    usart.o(.text) refers to stm32f10x_usart.o(.text) for USART_GetFlagStatus
    usart.o(.text) refers to stm32f10x_rcc.o(.text) for RCC_APB2PeriphClockCmd
    usart.o(.text) refers to stm32f10x_gpio.o(.text) for GPIO_Init
    usart.o(.data) refers (Special) to use_no_semi_2.o(.text) for __use_no_semihosting
    led.o(.text) refers to stm32f10x_rcc.o(.text) for RCC_APB2PeriphClockCmd
    led.o(.text) refers to stm32f10x_gpio.o(.text) for GPIO_Init
    pwm.o(.text) refers to stm32f10x_rcc.o(.text) for RCC_APB1PeriphClockCmd
    pwm.o(.text) refers to stm32f10x_gpio.o(.text) for GPIO_Init
    pwm.o(.text) refers to stm32f10x_tim.o(.text) for TIM_InternalClockConfig
    key.o(.text) refers to stm32f10x_rcc.o(.text) for RCC_APB2PeriphClockCmd
    key.o(.text) refers to stm32f10x_gpio.o(.text) for GPIO_Init
    key.o(.text) refers to extigroup.o(.text) for Ex_NVIC_Config
    key.o(.text) refers to delay.o(.text) for delay_ms
    key.o(.text) refers to stm32f10x_tim.o(.text) for TIM_Cmd
    key.o(.text) refers to stm32f10x_dma.o(.text) for DMA_Cmd
    key.o(.text) refers to wave.o(.text) for DAC1_WAVE_Disable
    key.o(.text) refers to stm32f10x_exti.o(.text) for EXTI_ClearITPendingBit
    wave.o(.text) refers to stm32f10x_rcc.o(.text) for RCC_APB1PeriphClockCmd
    wave.o(.text) refers to stm32f10x_gpio.o(.text) for GPIO_Init
    wave.o(.text) refers to stm32f10x_dac.o(.text) for DAC_SetChannel1Data
    wave.o(.text) refers to stm32f10x_dma.o(.text) for DMA_StructInit
    wave.o(.text) refers to stm32f10x_tim.o(.text) for TIM_InternalClockConfig
    wave.o(.text) refers to dflt_clz.o(x$fpl$dfltu) for __aeabi_ui2d
    wave.o(.text) refers to dmul.o(x$fpl$dmul) for __aeabi_dmul
    wave.o(.text) refers to ddiv.o(x$fpl$ddiv) for __aeabi_ddiv
    wave.o(.text) refers to sin.o(i.sin) for sin
    wave.o(.text) refers to daddsub_clz.o(x$fpl$dadd) for __aeabi_dadd
    wave.o(.text) refers to dfixu.o(x$fpl$dfixu) for __aeabi_d2uiz
    wave.o(.text) refers to fflt_clz.o(x$fpl$ffltu) for __aeabi_ui2f
    wave.o(.text) refers to fdiv.o(x$fpl$fdiv) for __aeabi_fdiv
    wave.o(.text) refers to fmul.o(x$fpl$fmul) for __aeabi_fmul
    wave.o(.text) refers to f2d.o(x$fpl$f2d) for __aeabi_f2d
    wave.o(.text) refers to d2f.o(x$fpl$d2f) for __aeabi_d2f
    wave.o(.text) refers to ffixu.o(x$fpl$ffixu) for __aeabi_f2uiz
    wave.o(.text) refers to wave.o(.bss) for sinwave_val
    stm32f10x_gpio.o(.text) refers to stm32f10x_rcc.o(.text) for RCC_APB2PeriphResetCmd
    stm32f10x_rcc.o(.text) refers to stm32f10x_rcc.o(.data) for APBAHBPrescTable
    stm32f10x_usart.o(.text) refers to stm32f10x_rcc.o(.text) for RCC_APB2PeriphResetCmd
    stm32f10x_dac.o(.text) refers to stm32f10x_rcc.o(.text) for RCC_APB1PeriphResetCmd
    stm32f10x_adc.o(.text) refers to stm32f10x_rcc.o(.text) for RCC_APB2PeriphResetCmd
    stm32f10x_tim.o(.text) refers to stm32f10x_rcc.o(.text) for RCC_APB2PeriphResetCmd
    use_no_semi_2.o(.text) refers (Special) to use_no_semi.o(.text) for __use_no_semihosting_swi
    __2printf.o(.text) refers to _printf_char_file.o(.text) for _printf_char_file
    __2printf.o(.text) refers to usart.o(.data) for __stdout
[...]
    defsig_rtmem_outer.o(.text) refers to defsig_rtmem_inner.o(.text) for __rt_SIGRTMEM_inner
    defsig_rtmem_outer.o(.text) refers to defsig_exit.o(.text) for __sig_exit
    defsig_rtmem_formal.o(.text) refers to rt_raise.o(.text) for __rt_raise
    rt_raise.o(.text) refers to __raise.o(.text) for __raise
    rt_raise.o(.text) refers to usart.o(.text) for _sys_exit
    defsig_exit.o(.text) refers to usart.o(.text) for _sys_exit
    defsig_rtmem_inner.o(.text) refers to defsig_general.o(.text) for __default_signal_display
    __raise.o(.text) refers to defsig.o(CL$$defsig) for __default_signal_handler
    defsig_general.o(.text) refers to sys_wrch.o(.text) for _ttywrch
    sys_wrch.o(.text) refers (Special) to use_no_semi.o(.text) for __I$use$semihosting
    sys_wrch.o(.text) refers (Special) to indicate_semi.o(.text) for __semihosting_library_function
    defsig.o(CL$$defsig) refers to defsig_rtmem_inner.o(.text) for __rt_SIGRTMEM_inner
    defsig_abrt_inner.o(.text) refers to defsig_general.o(.text) for __default_signal_display
    defsig_fpe_inner.o(.text) refers to defsig_general.o(.text) for __default_signal_display
    defsig_rtred_inner.o(.text) refers to defsig_general.o(.text) for __default_signal_display
    defsig_stak_inner.o(.text) refers to defsig_general.o(.text) for __default_signal_display
    defsig_pvfn_inner.o(.text) refers to defsig_general.o(.text) for __default_signal_display
    defsig_cppl_inner.o(.text) refers to defsig_general.o(.text) for __default_signal_display
    defsig_segv_inner.o(.text) refers to defsig_general.o(.text) for __default_signal_display
    defsig_other.o(.text) refers to defsig_general.o(.text) for __default_signal_display


==============================================================================

Removing Unused input sections from the image.

    Removing core_cm3.o(.emb_text), (32 bytes).
    Removing system_stm32f10x.o(.text), (480 bytes).
    Removing system_stm32f10x.o(.data), (20 bytes).
    Removing misc.o(.text), (220 bytes).
    Removing stm32f10x_sdio.o(.text), (468 bytes).
    Removing stm32f10x_adc.o(.text), (1102 bytes).

6 unused section(s) (total 2322 bytes) removed from the image.

==============================================================================

Image Symbol Table

    Local Symbols

    Symbol Name                              Value     Ov Type        Size  Object(Section)

    ../clib/angel/boardlib.s                 0x00000000   Number         0  boardinit1.o ABSOLUTE
    ../clib/angel/boardlib.s                 0x00000000   Number         0  boardshut.o ABSOLUTE
    ../clib/angel/boardlib.s                 0x00000000   Number         0  boardinit2.o ABSOLUTE
    ../clib/angel/boardlib.s                 0x00000000   Number         0  boardinit3.o ABSOLUTE
    ../clib/angel/handlers.s                 0x00000000   Number         0  __scatter_copy.o ABSOLUTE
    ../clib/angel/handlers.s                 0x00000000   Number         0  __scatter_zi.o ABSOLUTE
    ../clib/angel/kernel.s                   0x00000000   Number         0  rtexit2.o ABSOLUTE
    ../clib/angel/kernel.s                   0x00000000   Number         0  rtexit.o ABSOLUTE
    ../clib/angel/kernel.s                   0x00000000   Number         0  __rtentry.o ABSOLUTE
    ../clib/angel/kernel.s                   0x00000000   Number         0  __rtentry4.o ABSOLUTE
    ../clib/angel/kernel.s                   0x00000000   Number         0  __rtentry2.o ABSOLUTE
    ../clib/angel/rt.s                       0x00000000   Number         0  rt_errno_addr_intlibspace.o ABSOLUTE
    ../clib/angel/rt.s                       0x00000000   Number         0  rt_raise.o ABSOLUTE
    ../clib/angel/rt.s                       0x00000000   Number         0  rt_errno_addr.o ABSOLUTE
    ../clib/angel/scatter.s                  0x00000000   Number         0  __scatter.o ABSOLUTE
    ../clib/angel/startup.s                  0x00000000   Number         0  __main.o ABSOLUTE
    ../clib/angel/sys.s                      0x00000000   Number         0  libspace.o ABSOLUTE
    ../clib/angel/sys.s                      0x00000000   Number         0  use_no_semi.o ABSOLUTE
    ../clib/angel/sys.s                      0x00000000   Number         0  use_no_semi_2.o ABSOLUTE
    ../clib/angel/sys.s                      0x00000000   Number         0  indicate_semi.o ABSOLUTE
    ../clib/angel/sys.s                      0x00000000   Number         0  sys_stackheap_outer.o ABSOLUTE
    ../clib/angel/sysapp.c                   0x00000000   Number         0  sys_command.o ABSOLUTE
    ../clib/angel/sysapp.c                   0x00000000   Number         0  sys_wrch.o ABSOLUTE
    ../clib/armsys.c                         0x00000000   Number         0  argv_veneer.o ABSOLUTE
    ../clib/armsys.c                         0x00000000   Number         0  argv_veneer.o ABSOLUTE
    ../clib/armsys.c                         0x00000000   Number         0  no_argv.o ABSOLUTE
    ../clib/armsys.c                         0x00000000   Number         0  _get_argv_nomalloc.o ABSOLUTE
    ../clib/fenv.c                           0x00000000   Number         0  _rserrno.o ABSOLUTE
    ../clib/heapalloc.c                      0x00000000   Number         0  hrguard.o ABSOLUTE
    ../clib/heapaux.c                        0x00000000   Number         0  heapauxi.o ABSOLUTE
    ../clib/libinit.s                        0x00000000   Number         0  libinit2.o ABSOLUTE
    ../clib/libinit.s                        0x00000000   Number         0  libshutdown2.o ABSOLUTE
    ../clib/libinit.s                        0x00000000   Number         0  libshutdown.o ABSOLUTE
    ../clib/libinit.s                        0x00000000   Number         0  libinit.o ABSOLUTE
    ../clib/printf.c                         0x00000000   Number         0  _printf_char_file.o ABSOLUTE
    ../clib/printf.c                         0x00000000   Number         0  __2printf.o ABSOLUTE
    ../clib/printf.c                         0x00000000   Number         0  noretval__2printf.o ABSOLUTE
    ../clib/printf.c                         0x00000000   Number         0  _printf_char_common.o ABSOLUTE
    ../clib/printf.c                         0x00000000   Number         0  __printf_nopercent.o ABSOLUTE
    ../clib/signal.c                         0x00000000   Number         0  defsig_rtmem_outer.o ABSOLUTE
    ../clib/signal.c                         0x00000000   Number         0  defsig_other.o ABSOLUTE
    ../clib/signal.c                         0x00000000   Number         0  defsig_segv_inner.o ABSOLUTE
    ../clib/signal.c                         0x00000000   Number         0  defsig_cppl_inner.o ABSOLUTE
    ../clib/signal.c                         0x00000000   Number         0  defsig_pvfn_inner.o ABSOLUTE
    ../clib/signal.c                         0x00000000   Number         0  defsig_exit.o ABSOLUTE
    ../clib/signal.c                         0x00000000   Number         0  defsig_rtred_inner.o ABSOLUTE
    ../clib/signal.c                         0x00000000   Number         0  defsig_fpe_inner.o ABSOLUTE
    ../clib/signal.c                         0x00000000   Number         0  defsig_abrt_inner.o ABSOLUTE
    ../clib/signal.c                         0x00000000   Number         0  defsig_rtmem_inner.o ABSOLUTE
    ../clib/signal.c                         0x00000000   Number         0  defsig_stak_inner.o ABSOLUTE
    ../clib/signal.c                         0x00000000   Number         0  defsig_rtmem_formal.o ABSOLUTE
    ../clib/signal.c                         0x00000000   Number         0  defsig_general.o ABSOLUTE
    ../clib/signal.c                         0x00000000   Number         0  __raise.o ABSOLUTE
    ../clib/signal.s                         0x00000000   Number         0  defsig.o ABSOLUTE
    ../clib/stdio.c                          0x00000000   Number         0  ferror_locked.o ABSOLUTE
    ../clib/stdio.c                          0x00000000   Number         0  ferror.o ABSOLUTE
    ../clib/stdlib.c                         0x00000000   Number         0  exit.o ABSOLUTE
    ../fplib/d2f.s                           0x00000000   Number         0  d2f.o ABSOLUTE
    ../fplib/daddsub.s                       0x00000000   Number         0  daddsub_clz.o ABSOLUTE
    ../fplib/dcheck1.s                       0x00000000   Number         0  dcheck1.o ABSOLUTE
    ../fplib/ddiv.s                          0x00000000   Number         0  ddiv.o ABSOLUTE
    ../fplib/dfix.s                          0x00000000   Number         0  dfix.o ABSOLUTE
    ../fplib/dfixu.s                         0x00000000   Number         0  dfixu.o ABSOLUTE
    ../fplib/dflt.s                          0x00000000   Number         0  dflt_clz.o ABSOLUTE
    ../fplib/dmul.s                          0x00000000   Number         0  dmul.o ABSOLUTE
    ../fplib/dnaninf.s                       0x00000000   Number         0  dnaninf.o ABSOLUTE
    ../fplib/dretinf.s                       0x00000000   Number         0  dretinf.o ABSOLUTE
    ../fplib/f2d.s                           0x00000000   Number         0  f2d.o ABSOLUTE
    ../fplib/fdiv.s                          0x00000000   Number         0  fdiv.o ABSOLUTE
    ../fplib/ffixu.s                         0x00000000   Number         0  ffixu.o ABSOLUTE
    ../fplib/fflt.s                          0x00000000   Number         0  fflt_clz.o ABSOLUTE
    ../fplib/fmul.s                          0x00000000   Number         0  fmul.o ABSOLUTE
    ../fplib/fnaninf.s                       0x00000000   Number         0  fnaninf.o ABSOLUTE
    ../fplib/fpinit.s                        0x00000000   Number         0  fpinit.o ABSOLUTE
    ../fplib/fretinf.s                       0x00000000   Number         0  fretinf.o ABSOLUTE
    ../fplib/retnan.s                        0x00000000   Number         0  retnan.o ABSOLUTE
    ../fplib/scalbn.s                        0x00000000   Number         0  scalbn.o ABSOLUTE
    ../fplib/trapv.s                         0x00000000   Number         0  trapv.o ABSOLUTE
    ../fplib/usenofp.s                       0x00000000   Number         0  usenofp.o ABSOLUTE
    ../mathlib/cos_i.c                       0x00000000   Number         0  cos_i.o ABSOLUTE
    ../mathlib/dunder.c                      0x00000000   Number         0  dunder.o ABSOLUTE
    ../mathlib/fpclassify.c                  0x00000000   Number         0  fpclassify.o ABSOLUTE
    ../mathlib/poly.c                        0x00000000   Number         0  poly.o ABSOLUTE
    ../mathlib/rred.c                        0x00000000   Number         0  rred.o ABSOLUTE
    ../mathlib/sin.c                         0x00000000   Number         0  sin.o ABSOLUTE
    ../mathlib/sin.c                         0x00000000   Number         0  sin_x.o ABSOLUTE
    ../mathlib/sin_i.c                       0x00000000   Number         0  sin_i_x.o ABSOLUTE
    ../mathlib/sin_i.c                       0x00000000   Number         0  sin_i.o ABSOLUTE
    ..\Lib\src\misc.c                        0x00000000   Number         0  misc.o ABSOLUTE
    ..\Lib\src\stm32f10x_adc.c               0x00000000   Number         0  stm32f10x_adc.o ABSOLUTE
    ..\Lib\src\stm32f10x_dac.c               0x00000000   Number         0  stm32f10x_dac.o ABSOLUTE
    ..\Lib\src\stm32f10x_dma.c               0x00000000   Number         0  stm32f10x_dma.o ABSOLUTE
    ..\Lib\src\stm32f10x_exti.c              0x00000000   Number         0  stm32f10x_exti.o ABSOLUTE
    ..\Lib\src\stm32f10x_gpio.c              0x00000000   Number         0  stm32f10x_gpio.o ABSOLUTE
    ..\Lib\src\stm32f10x_rcc.c               0x00000000   Number         0  stm32f10x_rcc.o ABSOLUTE
    ..\Lib\src\stm32f10x_sdio.c              0x00000000   Number         0  stm32f10x_sdio.o ABSOLUTE
    ..\Lib\src\stm32f10x_tim.c               0x00000000   Number         0  stm32f10x_tim.o ABSOLUTE
    ..\Lib\src\stm32f10x_usart.c             0x00000000   Number         0  stm32f10x_usart.o ABSOLUTE
    ..\Startup\core_cm3.c                    0x00000000   Number         0  core_cm3.o ABSOLUTE
    ..\Startup\startup_stm32f10x_hd.s        0x00000000   Number         0  startup_stm32f10x_hd.o ABSOLUTE
    ..\Usart\usart.c                         0x00000000   Number         0  usart.o ABSOLUTE
    ..\\Startup\\core_cm3.c                  0x00000000   Number         0  core_cm3.o ABSOLUTE
    dc.s                                     0x00000000   Number         0  dc.o ABSOLUTE
    delay.c                                  0x00000000   Number         0  delay.o ABSOLUTE
    extigroup.c                              0x00000000   Number         0  extigroup.o ABSOLUTE
    key.c                                    0x00000000   Number         0  key.o ABSOLUTE
    led.c                                    0x00000000   Number         0  led.o ABSOLUTE
    main.c                                   0x00000000   Number         0  main.o ABSOLUTE
    pwm.c                                    0x00000000   Number         0  pwm.o ABSOLUTE
    stm32_clock.c                            0x00000000   Number         0  stm32_clock.o ABSOLUTE
    stm32f10x_it.c                           0x00000000   Number         0  stm32f10x_it.o ABSOLUTE
    system_stm32f10x.c                       0x00000000   Number         0  system_stm32f10x.o ABSOLUTE
    wave.c                                   0x00000000   Number         0  wave.o ABSOLUTE
    RESET                                    0x08000000   Section      304  startup_stm32f10x_hd.o(RESET)
    !!!main                                  0x08000130   Section        8  __main.o(!!!main)
    !!!scatter                               0x08000138   Section       52  __scatter.o(!!!scatter)
    !!handler_copy                           0x0800016c   Section       26  __scatter_copy.o(!!handler_copy)
    !!handler_zi                             0x08000188   Section       28  __scatter_zi.o(!!handler_zi)
    .ARM.Collect$$libinit$$00000000          0x080001a4   Section        2  libinit.o(.ARM.Collect$$libinit$$00000000)
    .ARM.Collect$$libinit$$00000002          0x080001a6   Section        0  libinit2.o(.ARM.Collect$$libinit$$00000002)
    .ARM.Collect$$libinit$$00000004          0x080001a6   Section        0  libinit2.o(.ARM.Collect$$libinit$$00000004)
    .ARM.Collect$$libinit$$0000000A          0x080001a6   Section        0  libinit2.o(.ARM.Collect$$libinit$$0000000A)
    .ARM.Collect$$libinit$$0000000C          0x080001a6   Section        0  libinit2.o(.ARM.Collect$$libinit$$0000000C)
    .ARM.Collect$$libinit$$0000000E          0x080001a6   Section        0  libinit2.o(.ARM.Collect$$libinit$$0000000E)
    .ARM.Collect$$libinit$$00000011          0x080001a6   Section        0  libinit2.o(.ARM.Collect$$libinit$$00000011)
    .ARM.Collect$$libinit$$00000013          0x080001a6   Section        0  libinit2.o(.ARM.Collect$$libinit$$00000013)
    .ARM.Collect$$libinit$$00000015          0x080001a6   Section        0  libinit2.o(.ARM.Collect$$libinit$$00000015)
    .ARM.Collect$$libinit$$00000017          0x080001a6   Section        0  libinit2.o(.ARM.Collect$$libinit$$00000017)
    .ARM.Collect$$libinit$$00000019          0x080001a6   Section        0  libinit2.o(.ARM.Collect$$libinit$$00000019)
    .ARM.Collect$$libinit$$0000001B          0x080001a6   Section        0  libinit2.o(.ARM.Collect$$libinit$$0000001B)
    .ARM.Collect$$libinit$$0000001D          0x080001a6   Section        0  libinit2.o(.ARM.Collect$$libinit$$0000001D)
    .ARM.Collect$$libinit$$0000001F          0x080001a6   Section        0  libinit2.o(.ARM.Collect$$libinit$$0000001F)
    .ARM.Collect$$libinit$$00000021          0x080001a6   Section        0  libinit2.o(.ARM.Collect$$libinit$$00000021)
    .ARM.Collect$$libinit$$00000023          0x080001a6   Section        0  libinit2.o(.ARM.Collect$$libinit$$00000023)
    .ARM.Collect$$libinit$$00000025          0x080001a6   Section        0  libinit2.o(.ARM.Collect$$libinit$$00000025)
    .ARM.Collect$$libinit$$0000002C          0x080001a6   Section        0  libinit2.o(.ARM.Collect$$libinit$$0000002C)
    .ARM.Collect$$libinit$$0000002E          0x080001a6   Section        0  libinit2.o(.ARM.Collect$$libinit$$0000002E)
    .ARM.Collect$$libinit$$00000030          0x080001a6   Section        0  libinit2.o(.ARM.Collect$$libinit$$00000030)
    .ARM.Collect$$libinit$$00000032          0x080001a6   Section        0  libinit2.o(.ARM.Collect$$libinit$$00000032)
    .ARM.Collect$$libinit$$00000033          0x080001a6   Section        2  libinit2.o(.ARM.Collect$$libinit$$00000033)
    .ARM.Collect$$libshutdown$$00000000      0x080001a8   Section        2  libshutdown.o(.ARM.Collect$$libshutdown$$00000000)
    .ARM.Collect$$libshutdown$$00000002      0x080001aa   Section        0  libshutdown2.o(.ARM.Collect$$libshutdown$$00000002)
    .ARM.Collect$$libshutdown$$00000004      0x080001aa   Section        0  libshutdown2.o(.ARM.Collect$$libshutdown$$00000004)
    .ARM.Collect$$libshutdown$$00000007      0x080001aa   Section        0  libshutdown2.o(.ARM.Collect$$libshutdown$$00000007)
    .ARM.Collect$$libshutdown$$0000000A      0x080001aa   Section        0  libshutdown2.o(.ARM.Collect$$libshutdown$$0000000A)
    .ARM.Collect$$libshutdown$$0000000C      0x080001aa   Section        0  libshutdown2.o(.ARM.Collect$$libshutdown$$0000000C)
    .ARM.Collect$$libshutdown$$0000000F      0x080001aa   Section        0  libshutdown2.o(.ARM.Collect$$libshutdown$$0000000F)
    .ARM.Collect$$libshutdown$$00000010      0x080001aa   Section        2  libshutdown2.o(.ARM.Collect$$libshutdown$$00000010)
    .ARM.Collect$$rtentry$$00000000          0x080001ac   Section        0  __rtentry.o(.ARM.Collect$$rtentry$$00000000)
    .ARM.Collect$$rtentry$$00000002          0x080001ac   Section        0  __rtentry2.o(.ARM.Collect$$rtentry$$00000002)
    .ARM.Collect$$rtentry$$00000004          0x080001ac   Section        6  __rtentry4.o(.ARM.Collect$$rtentry$$00000004)
    .ARM.Collect$$rtentry$$00000009          0x080001b2   Section        0  __rtentry2.o(.ARM.Collect$$rtentry$$00000009)
    .ARM.Collect$$rtentry$$0000000A          0x080001b2   Section        4  __rtentry2.o(.ARM.Collect$$rtentry$$0000000A)
    .ARM.Collect$$rtentry$$0000000C          0x080001b6   Section        0  __rtentry2.o(.ARM.Collect$$rtentry$$0000000C)
    .ARM.Collect$$rtentry$$0000000D          0x080001b6   Section        8  __rtentry2.o(.ARM.Collect$$rtentry$$0000000D)
    .ARM.Collect$$rtexit$$00000000           0x080001be   Section        2  rtexit.o(.ARM.Collect$$rtexit$$00000000)
    .ARM.Collect$$rtexit$$00000002           0x080001c0   Section        0  rtexit2.o(.ARM.Collect$$rtexit$$00000002)
    .ARM.Collect$$rtexit$$00000003           0x080001c0   Section        4  rtexit2.o(.ARM.Collect$$rtexit$$00000003)
    .ARM.Collect$$rtexit$$00000004           0x080001c4   Section        6  rtexit2.o(.ARM.Collect$$rtexit$$00000004)
    .text                                    0x080001cc   Section       72  startup_stm32f10x_hd.o(.text)
    .text                                    0x08000214   Section        0  main.o(.text)
    .text                                    0x08000298   Section        0  stm32f10x_it.o(.text)
    .text                                    0x080002b4   Section        0  extigroup.o(.text)
    .text                                    0x08000414   Section        0  delay.o(.text)
    .text                                    0x080004b4   Section        0  usart.o(.text)
    .text                                    0x08000594   Section        0  stm32_clock.o(.text)
    .text                                    0x08000620   Section        0  led.o(.text)
    .text                                    0x0800066c   Section        0  pwm.o(.text)
    .text                                    0x080006ec   Section        0  key.o(.text)
    .text                                    0x08000830   Section        0  wave.o(.text)
    .text                                    0x08000ac0   Section        0  stm32f10x_gpio.o(.text)
    .text                                    0x08000e1c   Section        0  stm32f10x_rcc.o(.text)
    .text                                    0x080011c0   Section        0  stm32f10x_dma.o(.text)
    .text                                    0x08001414   Section        0  stm32f10x_usart.o(.text)
    .text                                    0x0800181c   Section        0  stm32f10x_dac.o(.text)
    .text                                    0x080019a8   Section        0  stm32f10x_tim.o(.text)
    TI4_Config                               0x08001e4f   Thumb Code   130  stm32f10x_tim.o(.text)
    TI3_Config                               0x08001ee3   Thumb Code   122  stm32f10x_tim.o(.text)
    TI2_Config                               0x08001f77   Thumb Code   130  stm32f10x_tim.o(.text)
    TI1_Config                               0x0800200b   Thumb Code   108  stm32f10x_tim.o(.text)
    .text                                    0x080027c4   Section        0  stm32f10x_exti.o(.text)
    .text                                    0x080028e0   Section        2  use_no_semi_2.o(.text)
    .text                                    0x080028e4   Section        0  noretval__2printf.o(.text)
    .text                                    0x080028fc   Section        0  heapauxi.o(.text)
    .text                                    0x08002902   Section        2  use_no_semi.o(.text)
    .text                                    0x08002904   Section        0  _rserrno.o(.text)
    .text                                    0x0800291c   Section        0  _printf_char_file.o(.text)
    .text                                    0x08002940   Section        8  rt_errno_addr_intlibspace.o(.text)
    .text                                    0x08002948   Section        0  _printf_char_common.o(.text)
    _printf_input_char                       0x08002949   Thumb Code    10  _printf_char_common.o(.text)
    .text                                    0x08002978   Section        0  ferror.o(.text)
    .text                                    0x08002980   Section        8  libspace.o(.text)
    .text                                    0x08002988   Section       74  sys_stackheap_outer.o(.text)
    .text                                    0x080029d2   Section        0  __printf_nopercent.o(.text)
    .text                                    0x080029fa   Section        0  exit.o(.text)
    i.__ARM_fpclassify                       0x08002a0c   Section        0  fpclassify.o(i.__ARM_fpclassify)
    i.__ieee754_rem_pio2                     0x08002a34   Section        0  rred.o(i.__ieee754_rem_pio2)
    i.__kernel_cos                           0x08002dbc   Section        0  cos_i.o(i.__kernel_cos)
    i.__kernel_poly                          0x08002eb8   Section        0  poly.o(i.__kernel_poly)
    i.__kernel_sin                           0x08002f64   Section        0  sin_i.o(i.__kernel_sin)
    i.__mathlib_dbl_infnan                   0x08003050   Section        0  dunder.o(i.__mathlib_dbl_infnan)
    i.__mathlib_dbl_invalid                  0x08003056   Section        0  dunder.o(i.__mathlib_dbl_invalid)
    i.__mathlib_dbl_underflow                0x08003064   Section        0  dunder.o(i.__mathlib_dbl_underflow)
    i.sin                                    0x08003074   Section        0  sin.o(i.sin)
    x$fpl$d2f                                0x08003114   Section       98  d2f.o(x$fpl$d2f)
    x$fpl$dadd                               0x08003178   Section      336  daddsub_clz.o(x$fpl$dadd)
    _dadd1                                   0x08003189   Thumb Code     0  daddsub_clz.o(x$fpl$dadd)
    x$fpl$dcheck1                            0x080032c8   Section       16  dcheck1.o(x$fpl$dcheck1)
    x$fpl$ddiv                               0x080032d8   Section      688  ddiv.o(x$fpl$ddiv)
    ddiv_entry                               0x080032df   Thumb Code     0  ddiv.o(x$fpl$ddiv)
    x$fpl$dfix                               0x08003588   Section       94  dfix.o(x$fpl$dfix)
    x$fpl$dfixu                              0x080035e8   Section       90  dfixu.o(x$fpl$dfixu)
    x$fpl$dflt                               0x08003642   Section       46  dflt_clz.o(x$fpl$dflt)
    x$fpl$dfltu                              0x08003670   Section       38  dflt_clz.o(x$fpl$dfltu)
    x$fpl$dmul                               0x08003698   Section      340  dmul.o(x$fpl$dmul)
    x$fpl$dnaninf                            0x080037ec   Section      156  dnaninf.o(x$fpl$dnaninf)
    x$fpl$dretinf                            0x08003888   Section       12  dretinf.o(x$fpl$dretinf)
    x$fpl$drsb                               0x08003894   Section       22  daddsub_clz.o(x$fpl$drsb)
    x$fpl$dsub                               0x080038ac   Section      468  daddsub_clz.o(x$fpl$dsub)
    _dsub1                                   0x080038bd   Thumb Code     0  daddsub_clz.o(x$fpl$dsub)
    x$fpl$f2d                                0x08003a80   Section       86  f2d.o(x$fpl$f2d)
    x$fpl$fdiv                               0x08003ad8   Section      388  fdiv.o(x$fpl$fdiv)
    _fdiv1                                   0x08003ad9   Thumb Code     0  fdiv.o(x$fpl$fdiv)
    x$fpl$ffixu                              0x08003c5c   Section       62  ffixu.o(x$fpl$ffixu)
    x$fpl$ffltu                              0x08003c9c   Section       38  fflt_clz.o(x$fpl$ffltu)
    x$fpl$fmul                               0x08003cc4   Section      258  fmul.o(x$fpl$fmul)
    x$fpl$fnaninf                            0x08003dc6   Section      140  fnaninf.o(x$fpl$fnaninf)
    x$fpl$fretinf                            0x08003e52   Section       10  fretinf.o(x$fpl$fretinf)
    x$fpl$retnan                             0x08003e5c   Section      100  retnan.o(x$fpl$retnan)
    x$fpl$scalbn                             0x08003ec0   Section       92  scalbn.o(x$fpl$scalbn)
    x$fpl$trapveneer                         0x08003f1c   Section       48  trapv.o(x$fpl$trapveneer)
    x$fpl$usenofp                            0x08003f4c   Section        0  usenofp.o(x$fpl$usenofp)
    .constdata                               0x08003f50   Section       48  cos_i.o(.constdata)
    C                                        0x08003f50   Data          48  cos_i.o(.constdata)
    .constdata                               0x08003f80   Section      200  rred.o(.constdata)
    pio2s                                    0x08003f80   Data          48  rred.o(.constdata)
    twooverpi                                0x08003fb0   Data         152  rred.o(.constdata)
    .constdata                               0x08004048   Section       40  sin_i.o(.constdata)
    S                                        0x08004048   Data          40  sin_i.o(.constdata)
    .data                                    0x20000000   Section        8  delay.o(.data)
    fac_us                                   0x20000000   Data           4  delay.o(.data)
    fac_ms                                   0x20000004   Data           4  delay.o(.data)
    .data                                    0x20000008   Section        4  usart.o(.data)
    .data                                    0x2000000c   Section       20  stm32f10x_rcc.o(.data)
    APBAHBPrescTable                         0x2000000c   Data          16  stm32f10x_rcc.o(.data)
    ADCPrescTable                            0x2000001c   Data           4  stm32f10x_rcc.o(.data)
    .bss                                     0x20000020   Section     2048  wave.o(.bss)
    sinwave_val                              0x20000020   Data        2048  wave.o(.bss)
    .bss                                     0x20000820   Section       96  libspace.o(.bss)
    HEAP                                     0x20000880   Section        0  startup_stm32f10x_hd.o(HEAP)
    STACK                                    0x20000880   Section     2048  startup_stm32f10x_hd.o(STACK)
    Heap_Mem                                 0x20000880   Data           0  startup_stm32f10x_hd.o(HEAP)
    Stack_Mem                                0x20000880   Data        2048  startup_stm32f10x_hd.o(STACK)
    __initial_sp                             0x20001080   Data           0  startup_stm32f10x_hd.o(STACK)

    Global Symbols

    Symbol Name                              Value     Ov Type        Size  Object(Section)

    BuildAttributes$$THM_ISAv4$P$D$K$B$S$PE$A:L22UL41UL21$X:L11$S22US41US21$IEEE1$IW$USESV6$~STKCKD$USESV7$~SHL$OTIME$ROPI$IEEEX$EBA8$UX$STANDARDLIB$REQ8$PRES8$EABIv2 0x00000000   Number         0  anon$$obj.o ABSOLUTE
    __ARM_use_no_argv                        0x00000000   Number         0  main.o ABSOLUTE
    __ARM_exceptions_init                     - Undefined Weak Reference
    __alloca_initialize                       - Undefined Weak Reference
    __arm_preinit_                            - Undefined Weak Reference
    __cpp_initialize__aeabi_                  - Undefined Weak Reference
    __cxa_finalize                            - Undefined Weak Reference
    __rt_locale                               - Undefined Weak Reference
    __sigvec_lookup                           - Undefined Weak Reference
    _atexit_init                              - Undefined Weak Reference
    _call_atexit_fns                          - Undefined Weak Reference
    _clock_init                               - Undefined Weak Reference
    _fp_trap_init                             - Undefined Weak Reference
    _fp_trap_shutdown                         - Undefined Weak Reference
    _get_lc_collate                           - Undefined Weak Reference
    _get_lc_ctype                             - Undefined Weak Reference
    _get_lc_monetary                          - Undefined Weak Reference
    _get_lc_numeric                           - Undefined Weak Reference
    _get_lc_time                              - Undefined Weak Reference
    _getenv_init                              - Undefined Weak Reference
    _handle_redirection                       - Undefined Weak Reference
    _init_alloc                               - Undefined Weak Reference
    _init_user_alloc                          - Undefined Weak Reference
    _initio                                   - Undefined Weak Reference
    _mutex_acquire                            - Undefined Weak Reference
    _mutex_release                            - Undefined Weak Reference
    _rand_init                                - Undefined Weak Reference
    _signal_finish                            - Undefined Weak Reference
    _signal_init                              - Undefined Weak Reference
    _terminate_alloc                          - Undefined Weak Reference
    _terminate_user_alloc                     - Undefined Weak Reference
    _terminateio                              - Undefined Weak Reference
    __Vectors_Size                           0x00000130   Number         0  startup_stm32f10x_hd.o ABSOLUTE
    __Vectors                                0x08000000   Data           4  startup_stm32f10x_hd.o(RESET)
    __Vectors_End                            0x08000130   Data           0  startup_stm32f10x_hd.o(RESET)
    __main                                   0x08000131   Thumb Code     8  __main.o(!!!main)
    __scatterload                            0x08000139   Thumb Code     0  __scatter.o(!!!scatter)
    __scatterload_rt2                        0x08000139   Thumb Code    44  __scatter.o(!!!scatter)
    __scatterload_rt2_thumb_only             0x08000139   Thumb Code     0  __scatter.o(!!!scatter)
    __scatterload_null                       0x08000147   Thumb Code     0  __scatter.o(!!!scatter)
    __scatterload_copy                       0x0800016d   Thumb Code    26  __scatter_copy.o(!!handler_copy)
    __scatterload_zeroinit                   0x08000189   Thumb Code    28  __scatter_zi.o(!!handler_zi)
    __rt_lib_init                            0x080001a5   Thumb Code     0  libinit.o(.ARM.Collect$$libinit$$00000000)
    __rt_lib_init_alloca_1                   0x080001a7   Thumb Code     0  libinit2.o(.ARM.Collect$$libinit$$0000002E)
    __rt_lib_init_argv_1                     0x080001a7   Thumb Code     0  libinit2.o(.ARM.Collect$$libinit$$0000002C)
    __rt_lib_init_atexit_1                   0x080001a7   Thumb Code     0  libinit2.o(.ARM.Collect$$libinit$$0000001B)
    __rt_lib_init_clock_1                    0x080001a7   Thumb Code     0  libinit2.o(.ARM.Collect$$libinit$$00000021)
    __rt_lib_init_cpp_1                      0x080001a7   Thumb Code     0  libinit2.o(.ARM.Collect$$libinit$$00000032)
    __rt_lib_init_exceptions_1               0x080001a7   Thumb Code     0  libinit2.o(.ARM.Collect$$libinit$$00000030)
    __rt_lib_init_fp_1                       0x080001a7   Thumb Code     0  libinit2.o(.ARM.Collect$$libinit$$00000002)
    __rt_lib_init_fp_trap_1                  0x080001a7   Thumb Code     0  libinit2.o(.ARM.Collect$$libinit$$0000001F)
    __rt_lib_init_getenv_1                   0x080001a7   Thumb Code     0  libinit2.o(.ARM.Collect$$libinit$$00000023)
    __rt_lib_init_heap_1                     0x080001a7   Thumb Code     0  libinit2.o(.ARM.Collect$$libinit$$0000000A)
    __rt_lib_init_lc_collate_1               0x080001a7   Thumb Code     0  libinit2.o(.ARM.Collect$$libinit$$00000011)
    __rt_lib_init_lc_ctype_1                 0x080001a7   Thumb Code     0  libinit2.o(.ARM.Collect$$libinit$$00000013)
    __rt_lib_init_lc_monetary_1              0x080001a7   Thumb Code     0  libinit2.o(.ARM.Collect$$libinit$$00000015)
    __rt_lib_init_lc_numeric_1               0x080001a7   Thumb Code     0  libinit2.o(.ARM.Collect$$libinit$$00000017)
    __rt_lib_init_lc_time_1                  0x080001a7   Thumb Code     0  libinit2.o(.ARM.Collect$$libinit$$00000019)
    __rt_lib_init_preinit_1                  0x080001a7   Thumb Code     0  libinit2.o(.ARM.Collect$$libinit$$00000004)
    __rt_lib_init_rand_1                     0x080001a7   Thumb Code     0  libinit2.o(.ARM.Collect$$libinit$$0000000E)
    __rt_lib_init_return                     0x080001a7   Thumb Code     0  libinit2.o(.ARM.Collect$$libinit$$00000033)
    __rt_lib_init_signal_1                   0x080001a7   Thumb Code     0  libinit2.o(.ARM.Collect$$libinit$$0000001D)
    __rt_lib_init_stdio_1                    0x080001a7   Thumb Code     0  libinit2.o(.ARM.Collect$$libinit$$00000025)
    __rt_lib_init_user_alloc_1               0x080001a7   Thumb Code     0  libinit2.o(.ARM.Collect$$libinit$$0000000C)
    __rt_lib_shutdown                        0x080001a9   Thumb Code     0  libshutdown.o(.ARM.Collect$$libshutdown$$00000000)
    __rt_lib_shutdown_cpp_1                  0x080001ab   Thumb Code     0  libshutdown2.o(.ARM.Collect$$libshutdown$$00000002)
    __rt_lib_shutdown_fp_trap_1              0x080001ab   Thumb Code     0  libshutdown2.o(.ARM.Collect$$libshutdown$$00000007)
    __rt_lib_shutdown_heap_1                 0x080001ab   Thumb Code     0  libshutdown2.o(.ARM.Collect$$libshutdown$$0000000F)
    __rt_lib_shutdown_return                 0x080001ab   Thumb Code     0  libshutdown2.o(.ARM.Collect$$libshutdown$$00000010)
    __rt_lib_shutdown_signal_1               0x080001ab   Thumb Code     0  libshutdown2.o(.ARM.Collect$$libshutdown$$0000000A)
    __rt_lib_shutdown_stdio_1                0x080001ab   Thumb Code     0  libshutdown2.o(.ARM.Collect$$libshutdown$$00000004)
    __rt_lib_shutdown_user_alloc_1           0x080001ab   Thumb Code     0  libshutdown2.o(.ARM.Collect$$libshutdown$$0000000C)
    __rt_entry                               0x080001ad   Thumb Code     0  __rtentry.o(.ARM.Collect$$rtentry$$00000000)
    __rt_entry_presh_1                       0x080001ad   Thumb Code     0  __rtentry2.o(.ARM.Collect$$rtentry$$00000002)
    __rt_entry_sh                            0x080001ad   Thumb Code     0  __rtentry4.o(.ARM.Collect$$rtentry$$00000004)
    __rt_entry_li                            0x080001b3   Thumb Code     0  __rtentry2.o(.ARM.Collect$$rtentry$$0000000A)
    __rt_entry_postsh_1                      0x080001b3   Thumb Code     0  __rtentry2.o(.ARM.Collect$$rtentry$$00000009)
    __rt_entry_main                          0x080001b7   Thumb Code     0  __rtentry2.o(.ARM.Collect$$rtentry$$0000000D)
    __rt_entry_postli_1                      0x080001b7   Thumb Code     0  __rtentry2.o(.ARM.Collect$$rtentry$$0000000C)
    __rt_exit                                0x080001bf   Thumb Code     0  rtexit.o(.ARM.Collect$$rtexit$$00000000)
    __rt_exit_ls                             0x080001c1   Thumb Code     0  rtexit2.o(.ARM.Collect$$rtexit$$00000003)
    __rt_exit_prels_1                        0x080001c1   Thumb Code     0  rtexit2.o(.ARM.Collect$$rtexit$$00000002)
    __rt_exit_exit                           0x080001c5   Thumb Code     0  rtexit2.o(.ARM.Collect$$rtexit$$00000004)
    SystemInit_ExtMemCtl                     0x080001cd   Thumb Code     2  startup_stm32f10x_hd.o(.text)
    Reset_Handler                            0x080001cf   Thumb Code    14  startup_stm32f10x_hd.o(.text)
    ADC1_2_IRQHandler                        0x080001ef   Thumb Code     0  startup_stm32f10x_hd.o(.text)
    ADC3_IRQHandler                          0x080001ef   Thumb Code     0  startup_stm32f10x_hd.o(.text)
    CAN1_RX1_IRQHandler                      0x080001ef   Thumb Code     0  startup_stm32f10x_hd.o(.text)
    CAN1_SCE_IRQHandler                      0x080001ef   Thumb Code     0  startup_stm32f10x_hd.o(.text)
    DMA1_Channel1_IRQHandler                 0x080001ef   Thumb Code     0  startup_stm32f10x_hd.o(.text)
    DMA1_Channel2_IRQHandler                 0x080001ef   Thumb Code     0  startup_stm32f10x_hd.o(.text)
    DMA1_Channel3_IRQHandler                 0x080001ef   Thumb Code     0  startup_stm32f10x_hd.o(.text)
    DMA1_Channel4_IRQHandler                 0x080001ef   Thumb Code     0  startup_stm32f10x_hd.o(.text)
    DMA1_Channel5_IRQHandler                 0x080001ef   Thumb Code     0  startup_stm32f10x_hd.o(.text)
    DMA1_Channel6_IRQHandler                 0x080001ef   Thumb Code     0  startup_stm32f10x_hd.o(.text)
    DMA1_Channel7_IRQHandler                 0x080001ef   Thumb Code     0  startup_stm32f10x_hd.o(.text)
    DMA2_Channel1_IRQHandler                 0x080001ef   Thumb Code     0  startup_stm32f10x_hd.o(.text)
    DMA2_Channel2_IRQHandler                 0x080001ef   Thumb Code     0  startup_stm32f10x_hd.o(.text)
    DMA2_Channel3_IRQHandler                 0x080001ef   Thumb Code     0  startup_stm32f10x_hd.o(.text)
    DMA2_Channel4_5_IRQHandler               0x080001ef   Thumb Code     0  startup_stm32f10x_hd.o(.text)
    EXTI0_IRQHandler                         0x080001ef   Thumb Code     0  startup_stm32f10x_hd.o(.text)
    EXTI15_10_IRQHandler                     0x080001ef   Thumb Code     0  startup_stm32f10x_hd.o(.text)
    EXTI1_IRQHandler                         0x080001ef   Thumb Code     0  startup_stm32f10x_hd.o(.text)
    EXTI9_5_IRQHandler                       0x080001ef   Thumb Code     0  startup_stm32f10x_hd.o(.text)
    FLASH_IRQHandler                         0x080001ef   Thumb Code     0  startup_stm32f10x_hd.o(.text)
    FSMC_IRQHandler                          0x080001ef   Thumb Code     0  startup_stm32f10x_hd.o(.text)
    I2C1_ER_IRQHandler                       0x080001ef   Thumb Code     0  startup_stm32f10x_hd.o(.text)
    I2C1_EV_IRQHandler                       0x080001ef   Thumb Code     0  startup_stm32f10x_hd.o(.text)
    I2C2_ER_IRQHandler                       0x080001ef   Thumb Code     0  startup_stm32f10x_hd.o(.text)
    I2C2_EV_IRQHandler                       0x080001ef   Thumb Code     0  startup_stm32f10x_hd.o(.text)
    PVD_IRQHandler                           0x080001ef   Thumb Code     0  startup_stm32f10x_hd.o(.text)
    RCC_IRQHandler                           0x080001ef   Thumb Code     0  startup_stm32f10x_hd.o(.text)
    RTCAlarm_IRQHandler                      0x080001ef   Thumb Code     0  startup_stm32f10x_hd.o(.text)
    RTC_IRQHandler                           0x080001ef   Thumb Code     0  startup_stm32f10x_hd.o(.text)
    SDIO_IRQHandler                          0x080001ef   Thumb Code     0  startup_stm32f10x_hd.o(.text)
    SPI1_IRQHandler                          0x080001ef   Thumb Code     0  startup_stm32f10x_hd.o(.text)
    SPI2_IRQHandler                          0x080001ef   Thumb Code     0  startup_stm32f10x_hd.o(.text)
    SPI3_IRQHandler                          0x080001ef   Thumb Code     0  startup_stm32f10x_hd.o(.text)
    TAMPER_IRQHandler                        0x080001ef   Thumb Code     0  startup_stm32f10x_hd.o(.text)
    TIM1_BRK_IRQHandler                      0x080001ef   Thumb Code     0  startup_stm32f10x_hd.o(.text)
    TIM1_CC_IRQHandler                       0x080001ef   Thumb Code     0  startup_stm32f10x_hd.o(.text)
    TIM1_TRG_COM_IRQHandler                  0x080001ef   Thumb Code     0  startup_stm32f10x_hd.o(.text)
    TIM1_UP_IRQHandler                       0x080001ef   Thumb Code     0  startup_stm32f10x_hd.o(.text)
    TIM2_IRQHandler                          0x080001ef   Thumb Code     0  startup_stm32f10x_hd.o(.text)
    TIM3_IRQHandler                          0x080001ef   Thumb Code     0  startup_stm32f10x_hd.o(.text)
    TIM4_IRQHandler                          0x080001ef   Thumb Code     0  startup_stm32f10x_hd.o(.text)
    TIM5_IRQHandler                          0x080001ef   Thumb Code     0  startup_stm32f10x_hd.o(.text)
    TIM6_IRQHandler                          0x080001ef   Thumb Code     0  startup_stm32f10x_hd.o(.text)
    TIM7_IRQHandler                          0x080001ef   Thumb Code     0  startup_stm32f10x_hd.o(.text)
    TIM8_BRK_IRQHandler                      0x080001ef   Thumb Code     0  startup_stm32f10x_hd.o(.text)
    TIM8_CC_IRQHandler                       0x080001ef   Thumb Code     0  startup_stm32f10x_hd.o(.text)
    TIM8_TRG_COM_IRQHandler                  0x080001ef   Thumb Code     0  startup_stm32f10x_hd.o(.text)
    TIM8_UP_IRQHandler                       0x080001ef   Thumb Code     0  startup_stm32f10x_hd.o(.text)
    UART4_IRQHandler                         0x080001ef   Thumb Code     0  startup_stm32f10x_hd.o(.text)
    UART5_IRQHandler                         0x080001ef   Thumb Code     0  startup_stm32f10x_hd.o(.text)
    USART1_IRQHandler                        0x080001ef   Thumb Code     0  startup_stm32f10x_hd.o(.text)
    USART2_IRQHandler                        0x080001ef   Thumb Code     0  startup_stm32f10x_hd.o(.text)
    USART3_IRQHandler                        0x080001ef   Thumb Code     0  startup_stm32f10x_hd.o(.text)
    USBWakeUp_IRQHandler                     0x080001ef   Thumb Code     0  startup_stm32f10x_hd.o(.text)
    USB_HP_CAN1_TX_IRQHandler                0x080001ef   Thumb Code     0  startup_stm32f10x_hd.o(.text)
    USB_LP_CAN1_RX0_IRQHandler               0x080001ef   Thumb Code     0  startup_stm32f10x_hd.o(.text)
    WWDG_IRQHandler                          0x080001ef   Thumb Code     0  startup_stm32f10x_hd.o(.text)
    __user_initial_stackheap                 0x080001f1   Thumb Code     0  startup_stm32f10x_hd.o(.text)
    main                                     0x08000215   Thumb Code   110  main.o(.text)
    NMI_Handler                              0x08000299   Thumb Code     2  stm32f10x_it.o(.text)
    HardFault_Handler                        0x0800029b   Thumb Code     4  stm32f10x_it.o(.text)
    MemManage_Handler                        0x0800029f   Thumb Code     4  stm32f10x_it.o(.text)
    BusFault_Handler                         0x080002a3   Thumb Code     4  stm32f10x_it.o(.text)
    UsageFault_Handler                       0x080002a7   Thumb Code     4  stm32f10x_it.o(.text)
    SVC_Handler                              0x080002ab   Thumb Code     2  stm32f10x_it.o(.text)
    DebugMon_Handler                         0x080002ad   Thumb Code     2  stm32f10x_it.o(.text)
    PendSV_Handler                           0x080002af   Thumb Code     2  stm32f10x_it.o(.text)
    SysTick_Handler                          0x080002b1   Thumb Code     2  stm32f10x_it.o(.text)
    MY_NVIC_PriorityGroupConfig              0x080002b5   Thumb Code    32  extigroup.o(.text)
    MY_NVIC_Init                             0x080002d5   Thumb Code   146  extigroup.o(.text)
    Ex_NVIC_Config                           0x08000367   Thumb Code   146  extigroup.o(.text)
    delay_init                               0x08000415   Thumb Code    38  delay.o(.text)
    delay_us                                 0x0800043b   Thumb Code    56  delay.o(.text)
    delay_ms                                 0x08000473   Thumb Code    56  delay.o(.text)
    _sys_exit                                0x080004b5   Thumb Code     4  usart.o(.text)
    fputc                                    0x080004b9   Thumb Code    32  usart.o(.text)
    USART1_Send_Byte                         0x080004d9   Thumb Code    28  usart.o(.text)
    USART1_Receive_Byte                      0x080004f5   Thumb Code    26  usart.o(.text)
    Init_Usart                               0x0800050f   Thumb Code    64  usart.o(.text)
    Usart_Configuration                      0x0800054f   Thumb Code    60  usart.o(.text)
    Stm32_Clock_Init                         0x08000595   Thumb Code   132  stm32_clock.o(.text)
    LED_Init                                 0x08000621   Thumb Code    68  led.o(.text)
    TIM3_PWM_Init                            0x0800066d   Thumb Code   118  pwm.o(.text)
    KEY_Init                                 0x080006ed   Thumb Code    32  key.o(.text)
    EXTIX_Init                               0x0800070d   Thumb Code    70  key.o(.text)
    EXTI2_IRQHandler                         0x08000753   Thumb Code    66  key.o(.text)
    EXTI3_IRQHandler                         0x08000795   Thumb Code    66  key.o(.text)
    EXTI4_IRQHandler                         0x080007d7   Thumb Code    74  key.o(.text)
    DAC1_Enable                              0x08000831   Thumb Code    18  wave.o(.text)
    DAC1_Disable                             0x08000843   Thumb Code    18  wave.o(.text)
    DAC1_WAVE_Enable                         0x08000855   Thumb Code    28  wave.o(.text)
    DAC1_WAVE_Disable                        0x08000871   Thumb Code    28  wave.o(.text)
    DAC1_Init                                0x0800088d   Thumb Code   104  wave.o(.text)
    SinWave_DMA_Init                         0x080008f5   Thumb Code    94  wave.o(.text)
    TIM4_Init                                0x08000953   Thumb Code    74  wave.o(.text)
    SinWave_Val_Init                         0x0800099d   Thumb Code   160  wave.o(.text)
    Dac1_Set_Vol                             0x08000a3d   Thumb Code    80  wave.o(.text)
    GPIO_DeInit                              0x08000ac1   Thumb Code   172  stm32f10x_gpio.o(.text)
    GPIO_AFIODeInit                          0x08000b6d   Thumb Code    20  stm32f10x_gpio.o(.text)
    GPIO_Init                                0x08000b81   Thumb Code   278  stm32f10x_gpio.o(.text)
    GPIO_StructInit                          0x08000c97   Thumb Code    16  stm32f10x_gpio.o(.text)
    GPIO_ReadInputDataBit                    0x08000ca7   Thumb Code    18  stm32f10x_gpio.o(.text)
    GPIO_ReadInputData                       0x08000cb9   Thumb Code     8  stm32f10x_gpio.o(.text)
    GPIO_ReadOutputDataBit                   0x08000cc1   Thumb Code    18  stm32f10x_gpio.o(.text)
    GPIO_ReadOutputData                      0x08000cd3   Thumb Code     8  stm32f10x_gpio.o(.text)
    GPIO_SetBits                             0x08000cdb   Thumb Code     4  stm32f10x_gpio.o(.text)
    GPIO_ResetBits                           0x08000cdf   Thumb Code     4  stm32f10x_gpio.o(.text)
    GPIO_WriteBit                            0x08000ce3   Thumb Code    10  stm32f10x_gpio.o(.text)
    GPIO_Write                               0x08000ced   Thumb Code     4  stm32f10x_gpio.o(.text)
    GPIO_PinLockConfig                       0x08000cf1   Thumb Code    18  stm32f10x_gpio.o(.text)
    GPIO_EventOutputConfig                   0x08000d03   Thumb Code    26  stm32f10x_gpio.o(.text)
    GPIO_EventOutputCmd                      0x08000d1d   Thumb Code     6  stm32f10x_gpio.o(.text)
    GPIO_PinRemapConfig                      0x08000d23   Thumb Code   138  stm32f10x_gpio.o(.text)
    GPIO_EXTILineConfig                      0x08000dad   Thumb Code    66  stm32f10x_gpio.o(.text)
    GPIO_ETH_MediaInterfaceConfig            0x08000def   Thumb Code     8  stm32f10x_gpio.o(.text)
    RCC_DeInit                               0x08000e1d   Thumb Code    64  stm32f10x_rcc.o(.text)
    RCC_HSEConfig                            0x08000e5d   Thumb Code    70  stm32f10x_rcc.o(.text)
    RCC_GetFlagStatus                        0x08000ea3   Thumb Code    56  stm32f10x_rcc.o(.text)
    RCC_WaitForHSEStartUp                    0x08000edb   Thumb Code    56  stm32f10x_rcc.o(.text)
    RCC_AdjustHSICalibrationValue            0x08000f13   Thumb Code    20  stm32f10x_rcc.o(.text)
    RCC_HSICmd                               0x08000f27   Thumb Code     6  stm32f10x_rcc.o(.text)
    RCC_PLLConfig                            0x08000f2d   Thumb Code    24  stm32f10x_rcc.o(.text)
    RCC_PLLCmd                               0x08000f45   Thumb Code     6  stm32f10x_rcc.o(.text)
    RCC_SYSCLKConfig                         0x08000f4b   Thumb Code    18  stm32f10x_rcc.o(.text)
    RCC_GetSYSCLKSource                      0x08000f5d   Thumb Code    10  stm32f10x_rcc.o(.text)
    RCC_HCLKConfig                           0x08000f67   Thumb Code    18  stm32f10x_rcc.o(.text)
    RCC_PCLK1Config                          0x08000f79   Thumb Code    18  stm32f10x_rcc.o(.text)
    RCC_PCLK2Config                          0x08000f8b   Thumb Code    20  stm32f10x_rcc.o(.text)
    RCC_ITConfig                             0x08000f9f   Thumb Code    26  stm32f10x_rcc.o(.text)
    RCC_USBCLKConfig                         0x08000fb9   Thumb Code     8  stm32f10x_rcc.o(.text)
    RCC_ADCCLKConfig                         0x08000fc1   Thumb Code    18  stm32f10x_rcc.o(.text)
    RCC_LSEConfig                            0x08000fd3   Thumb Code    50  stm32f10x_rcc.o(.text)
    RCC_LSICmd                               0x08001005   Thumb Code     6  stm32f10x_rcc.o(.text)
    RCC_RTCCLKConfig                         0x0800100b   Thumb Code    12  stm32f10x_rcc.o(.text)
    RCC_RTCCLKCmd                            0x08001017   Thumb Code     8  stm32f10x_rcc.o(.text)
    RCC_GetClocksFreq                        0x0800101f   Thumb Code   192  stm32f10x_rcc.o(.text)
    RCC_AHBPeriphClockCmd                    0x080010df   Thumb Code    26  stm32f10x_rcc.o(.text)
    RCC_APB2PeriphClockCmd                   0x080010f9   Thumb Code    26  stm32f10x_rcc.o(.text)
    RCC_APB1PeriphClockCmd                   0x08001113   Thumb Code    26  stm32f10x_rcc.o(.text)
    RCC_APB2PeriphResetCmd                   0x0800112d   Thumb Code    26  stm32f10x_rcc.o(.text)
    RCC_APB1PeriphResetCmd                   0x08001147   Thumb Code    26  stm32f10x_rcc.o(.text)
    RCC_BackupResetCmd                       0x08001161   Thumb Code     8  stm32f10x_rcc.o(.text)
    RCC_ClockSecuritySystemCmd               0x08001169   Thumb Code     6  stm32f10x_rcc.o(.text)
    RCC_MCOConfig                            0x0800116f   Thumb Code     6  stm32f10x_rcc.o(.text)
    RCC_ClearFlag                            0x08001175   Thumb Code    14  stm32f10x_rcc.o(.text)
    RCC_GetITStatus                          0x08001183   Thumb Code    20  stm32f10x_rcc.o(.text)
    RCC_ClearITPendingBit                    0x08001197   Thumb Code     6  stm32f10x_rcc.o(.text)
    DMA_DeInit                               0x080011c1   Thumb Code   324  stm32f10x_dma.o(.text)
    DMA_Init                                 0x08001305   Thumb Code    60  stm32f10x_dma.o(.text)
    DMA_StructInit                           0x08001341   Thumb Code    26  stm32f10x_dma.o(.text)
    DMA_Cmd                                  0x0800135b   Thumb Code    24  stm32f10x_dma.o(.text)
    DMA_ITConfig                             0x08001373   Thumb Code    18  stm32f10x_dma.o(.text)
    DMA_SetCurrDataCounter                   0x08001385   Thumb Code     4  stm32f10x_dma.o(.text)
    DMA_GetCurrDataCounter                   0x08001389   Thumb Code     8  stm32f10x_dma.o(.text)
    DMA_GetFlagStatus                        0x08001391   Thumb Code    40  stm32f10x_dma.o(.text)
    DMA_ClearFlag                            0x080013b9   Thumb Code    22  stm32f10x_dma.o(.text)
    DMA_GetITStatus                          0x080013cf   Thumb Code    40  stm32f10x_dma.o(.text)
    DMA_ClearITPendingBit                    0x080013f7   Thumb Code    22  stm32f10x_dma.o(.text)
    USART_DeInit                             0x08001415   Thumb Code   134  stm32f10x_usart.o(.text)
    USART_Init                               0x0800149b   Thumb Code   210  stm32f10x_usart.o(.text)
    USART_StructInit                         0x0800156d   Thumb Code    24  stm32f10x_usart.o(.text)
    USART_ClockInit                          0x08001585   Thumb Code    34  stm32f10x_usart.o(.text)
    USART_ClockStructInit                    0x080015a7   Thumb Code    12  stm32f10x_usart.o(.text)
    USART_Cmd                                0x080015b3   Thumb Code    24  stm32f10x_usart.o(.text)
    USART_ITConfig                           0x080015cb   Thumb Code    74  stm32f10x_usart.o(.text)
    USART_DMACmd                             0x08001615   Thumb Code    18  stm32f10x_usart.o(.text)
    USART_SetAddress                         0x08001627   Thumb Code    18  stm32f10x_usart.o(.text)
    USART_WakeUpConfig                       0x08001639   Thumb Code    18  stm32f10x_usart.o(.text)
    USART_ReceiverWakeUpCmd                  0x0800164b   Thumb Code    24  stm32f10x_usart.o(.text)
    USART_LINBreakDetectLengthConfig         0x08001663   Thumb Code    18  stm32f10x_usart.o(.text)
    USART_LINCmd                             0x08001675   Thumb Code    24  stm32f10x_usart.o(.text)
    USART_SendData                           0x0800168d   Thumb Code     8  stm32f10x_usart.o(.text)
    USART_ReceiveData                        0x08001695   Thumb Code    10  stm32f10x_usart.o(.text)
    USART_SendBreak                          0x0800169f   Thumb Code    10  stm32f10x_usart.o(.text)
    USART_SetGuardTime                       0x080016a9   Thumb Code    16  stm32f10x_usart.o(.text)
    USART_SetPrescaler                       0x080016b9   Thumb Code    16  stm32f10x_usart.o(.text)
    USART_SmartCardCmd                       0x080016c9   Thumb Code    24  stm32f10x_usart.o(.text)
    USART_SmartCardNACKCmd                   0x080016e1   Thumb Code    24  stm32f10x_usart.o(.text)
    USART_HalfDuplexCmd                      0x080016f9   Thumb Code    24  stm32f10x_usart.o(.text)
    USART_OverSampling8Cmd                   0x08001711   Thumb Code    22  stm32f10x_usart.o(.text)
    USART_OneBitMethodCmd                    0x08001727   Thumb Code    24  stm32f10x_usart.o(.text)
    USART_IrDAConfig                         0x0800173f   Thumb Code    18  stm32f10x_usart.o(.text)
    USART_IrDACmd                            0x08001751   Thumb Code    24  stm32f10x_usart.o(.text)
    USART_GetFlagStatus                      0x08001769   Thumb Code    26  stm32f10x_usart.o(.text)
    USART_ClearFlag                          0x08001783   Thumb Code    18  stm32f10x_usart.o(.text)
    USART_GetITStatus                        0x08001795   Thumb Code    84  stm32f10x_usart.o(.text)
    USART_ClearITPendingBit                  0x080017e9   Thumb Code    52  stm32f10x_usart.o(.text)
    DAC_DeInit                               0x0800181d   Thumb Code    22  stm32f10x_dac.o(.text)
    DAC_Init                                 0x08001833   Thumb Code    46  stm32f10x_dac.o(.text)
    DAC_StructInit                           0x08001861   Thumb Code    12  stm32f10x_dac.o(.text)
    DAC_Cmd                                  0x0800186d   Thumb Code    34  stm32f10x_dac.o(.text)
    DAC_DMACmd                               0x0800188f   Thumb Code    38  stm32f10x_dac.o(.text)
    DAC_SoftwareTriggerCmd                   0x080018b5   Thumb Code    48  stm32f10x_dac.o(.text)
    DAC_DualSoftwareTriggerCmd               0x080018e5   Thumb Code    38  stm32f10x_dac.o(.text)
    DAC_WaveGenerationCmd                    0x0800190b   Thumb Code    36  stm32f10x_dac.o(.text)
    DAC_SetChannel1Data                      0x0800192f   Thumb Code    26  stm32f10x_dac.o(.text)
    DAC_SetChannel2Data                      0x08001949   Thumb Code    26  stm32f10x_dac.o(.text)
    DAC_SetDualChannelData                   0x08001963   Thumb Code    32  stm32f10x_dac.o(.text)
    DAC_GetDataOutputValue                   0x08001983   Thumb Code    32  stm32f10x_dac.o(.text)
    TIM_DeInit                               0x080019a9   Thumb Code   424  stm32f10x_tim.o(.text)
    TIM_TimeBaseInit                         0x08001b51   Thumb Code   122  stm32f10x_tim.o(.text)
    TIM_OC1Init                              0x08001bcb   Thumb Code   132  stm32f10x_tim.o(.text)
    TIM_OC2Init                              0x08001c4f   Thumb Code   154  stm32f10x_tim.o(.text)
    TIM_OC3Init                              0x08001ce9   Thumb Code   150  stm32f10x_tim.o(.text)
    TIM_OC4Init                              0x08001d7f   Thumb Code   182  stm32f10x_tim.o(.text)
    TIM_SetIC4Prescaler                      0x08001e35   Thumb Code    26  stm32f10x_tim.o(.text)
    TIM_SetIC3Prescaler                      0x08001ed1   Thumb Code    18  stm32f10x_tim.o(.text)
    TIM_SetIC2Prescaler                      0x08001f5d   Thumb Code    26  stm32f10x_tim.o(.text)
    TIM_SetIC1Prescaler                      0x08001ff9   Thumb Code    18  stm32f10x_tim.o(.text)
    TIM_ICInit                               0x08002077   Thumb Code   150  stm32f10x_tim.o(.text)
    TIM_PWMIConfig                           0x0800210d   Thumb Code   124  stm32f10x_tim.o(.text)
    TIM_BDTRConfig                           0x08002189   Thumb Code    32  stm32f10x_tim.o(.text)
    TIM_TimeBaseStructInit                   0x080021a9   Thumb Code    18  stm32f10x_tim.o(.text)
    TIM_OCStructInit                         0x080021bb   Thumb Code    20  stm32f10x_tim.o(.text)
    TIM_ICStructInit                         0x080021cf   Thumb Code    18  stm32f10x_tim.o(.text)
    TIM_BDTRStructInit                       0x080021e1   Thumb Code    40  stm32f10x_tim.o(.text)
    TIM_Cmd                                  0x08002209   Thumb Code    24  stm32f10x_tim.o(.text)
    TIM_CtrlPWMOutputs                       0x08002221   Thumb Code    30  stm32f10x_tim.o(.text)
    TIM_ITConfig                             0x0800223f   Thumb Code    18  stm32f10x_tim.o(.text)
    TIM_GenerateEvent                        0x08002251   Thumb Code     4  stm32f10x_tim.o(.text)
    TIM_DMAConfig                            0x08002255   Thumb Code    10  stm32f10x_tim.o(.text)
    TIM_DMACmd                               0x0800225f   Thumb Code    18  stm32f10x_tim.o(.text)
    TIM_InternalClockConfig                  0x08002271   Thumb Code    12  stm32f10x_tim.o(.text)
    TIM_SelectInputTrigger                   0x0800227d   Thumb Code    18  stm32f10x_tim.o(.text)
    TIM_ITRxExternalClockConfig              0x0800228f   Thumb Code    24  stm32f10x_tim.o(.text)
    TIM_TIxExternalClockConfig               0x080022a7   Thumb Code    62  stm32f10x_tim.o(.text)
    TIM_ETRConfig                            0x080022e5   Thumb Code    28  stm32f10x_tim.o(.text)
    TIM_ETRClockMode1Config                  0x08002301   Thumb Code    54  stm32f10x_tim.o(.text)
    TIM_ETRClockMode2Config                  0x08002337   Thumb Code    32  stm32f10x_tim.o(.text)
    TIM_PrescalerConfig                      0x08002357   Thumb Code     6  stm32f10x_tim.o(.text)
    TIM_CounterModeConfig                    0x0800235d   Thumb Code    18  stm32f10x_tim.o(.text)
    TIM_EncoderInterfaceConfig               0x0800236f   Thumb Code    66  stm32f10x_tim.o(.text)
    TIM_ForcedOC1Config                      0x080023b1   Thumb Code    18  stm32f10x_tim.o(.text)
    TIM_ForcedOC2Config                      0x080023c3   Thumb Code    26  stm32f10x_tim.o(.text)
    TIM_ForcedOC3Config                      0x080023dd   Thumb Code    18  stm32f10x_tim.o(.text)
    TIM_ForcedOC4Config                      0x080023ef   Thumb Code    26  stm32f10x_tim.o(.text)
    TIM_ARRPreloadConfig                     0x08002409   Thumb Code    24  stm32f10x_tim.o(.text)
    TIM_SelectCOM                            0x08002421   Thumb Code    24  stm32f10x_tim.o(.text)
    TIM_SelectCCDMA                          0x08002439   Thumb Code    24  stm32f10x_tim.o(.text)
    TIM_CCPreloadControl                     0x08002451   Thumb Code    24  stm32f10x_tim.o(.text)
    TIM_OC1PreloadConfig                     0x08002469   Thumb Code    18  stm32f10x_tim.o(.text)
    TIM_OC2PreloadConfig                     0x0800247b   Thumb Code    26  stm32f10x_tim.o(.text)
    TIM_OC3PreloadConfig                     0x08002495   Thumb Code    18  stm32f10x_tim.o(.text)
    TIM_OC4PreloadConfig                     0x080024a7   Thumb Code    26  stm32f10x_tim.o(.text)
    TIM_OC1FastConfig                        0x080024c1   Thumb Code    18  stm32f10x_tim.o(.text)
    TIM_OC2FastConfig                        0x080024d3   Thumb Code    26  stm32f10x_tim.o(.text)
    TIM_OC3FastConfig                        0x080024ed   Thumb Code    18  stm32f10x_tim.o(.text)
    TIM_OC4FastConfig                        0x080024ff   Thumb Code    26  stm32f10x_tim.o(.text)
    TIM_ClearOC1Ref                          0x08002519   Thumb Code    18  stm32f10x_tim.o(.text)
    TIM_ClearOC2Ref                          0x0800252b   Thumb Code    24  stm32f10x_tim.o(.text)
    TIM_ClearOC3Ref                          0x08002543   Thumb Code    18  stm32f10x_tim.o(.text)
    TIM_ClearOC4Ref                          0x08002555   Thumb Code    24  stm32f10x_tim.o(.text)
    TIM_OC1PolarityConfig                    0x0800256d   Thumb Code    18  stm32f10x_tim.o(.text)
    TIM_OC1NPolarityConfig                   0x0800257f   Thumb Code    18  stm32f10x_tim.o(.text)
    TIM_OC2PolarityConfig                    0x08002591   Thumb Code    26  stm32f10x_tim.o(.text)
    TIM_OC2NPolarityConfig                   0x080025ab   Thumb Code    26  stm32f10x_tim.o(.text)
    TIM_OC3PolarityConfig                    0x080025c5   Thumb Code    26  stm32f10x_tim.o(.text)
    TIM_OC3NPolarityConfig                   0x080025df   Thumb Code    26  stm32f10x_tim.o(.text)
    TIM_OC4PolarityConfig                    0x080025f9   Thumb Code    26  stm32f10x_tim.o(.text)
    TIM_CCxCmd                               0x08002613   Thumb Code    30  stm32f10x_tim.o(.text)
    TIM_CCxNCmd                              0x08002631   Thumb Code    30  stm32f10x_tim.o(.text)
    TIM_SelectOCxM                           0x0800264f   Thumb Code    82  stm32f10x_tim.o(.text)
    TIM_UpdateDisableConfig                  0x080026a1   Thumb Code    24  stm32f10x_tim.o(.text)
    TIM_UpdateRequestConfig                  0x080026b9   Thumb Code    24  stm32f10x_tim.o(.text)
    TIM_SelectHallSensor                     0x080026d1   Thumb Code    24  stm32f10x_tim.o(.text)
    TIM_SelectOnePulseMode                   0x080026e9   Thumb Code    18  stm32f10x_tim.o(.text)
    TIM_SelectOutputTrigger                  0x080026fb   Thumb Code    18  stm32f10x_tim.o(.text)
    TIM_SelectSlaveMode                      0x0800270d   Thumb Code    18  stm32f10x_tim.o(.text)
    TIM_SelectMasterSlaveMode                0x0800271f   Thumb Code    18  stm32f10x_tim.o(.text)
    TIM_SetCounter                           0x08002731   Thumb Code     4  stm32f10x_tim.o(.text)
    TIM_SetAutoreload                        0x08002735   Thumb Code     4  stm32f10x_tim.o(.text)
    TIM_SetCompare1                          0x08002739   Thumb Code     4  stm32f10x_tim.o(.text)
    TIM_SetCompare2                          0x0800273d   Thumb Code     4  stm32f10x_tim.o(.text)
    TIM_SetCompare3                          0x08002741   Thumb Code     4  stm32f10x_tim.o(.text)
    TIM_SetCompare4                          0x08002745   Thumb Code     6  stm32f10x_tim.o(.text)
    TIM_SetClockDivision                     0x0800274b   Thumb Code    18  stm32f10x_tim.o(.text)
    TIM_GetCapture1                          0x0800275d   Thumb Code     6  stm32f10x_tim.o(.text)
    TIM_GetCapture2                          0x08002763   Thumb Code     6  stm32f10x_tim.o(.text)
    TIM_GetCapture3                          0x08002769   Thumb Code     6  stm32f10x_tim.o(.text)
    TIM_GetCapture4                          0x0800276f   Thumb Code     8  stm32f10x_tim.o(.text)
    TIM_GetCounter                           0x08002777   Thumb Code     6  stm32f10x_tim.o(.text)
    TIM_GetPrescaler                         0x0800277d   Thumb Code     6  stm32f10x_tim.o(.text)
    TIM_GetFlagStatus                        0x08002783   Thumb Code    18  stm32f10x_tim.o(.text)
    TIM_ClearFlag                            0x08002795   Thumb Code     6  stm32f10x_tim.o(.text)
    TIM_GetITStatus                          0x0800279b   Thumb Code    34  stm32f10x_tim.o(.text)
    TIM_ClearITPendingBit                    0x080027bd   Thumb Code     6  stm32f10x_tim.o(.text)
    EXTI_DeInit                              0x080027c5   Thumb Code    28  stm32f10x_exti.o(.text)
    EXTI_Init                                0x080027e1   Thumb Code   142  stm32f10x_exti.o(.text)
    EXTI_StructInit                          0x0800286f   Thumb Code    16  stm32f10x_exti.o(.text)
    EXTI_GenerateSWInterrupt                 0x0800287f   Thumb Code    16  stm32f10x_exti.o(.text)
    EXTI_GetFlagStatus                       0x0800288f   Thumb Code    22  stm32f10x_exti.o(.text)
    EXTI_ClearFlag                           0x080028a5   Thumb Code     8  stm32f10x_exti.o(.text)
    EXTI_GetITStatus                         0x080028ad   Thumb Code    34  stm32f10x_exti.o(.text)
    EXTI_ClearITPendingBit                   0x080028cf   Thumb Code     8  stm32f10x_exti.o(.text)
    __use_no_semihosting                     0x080028e1   Thumb Code     2  use_no_semi_2.o(.text)
    __2printf                                0x080028e5   Thumb Code    20  noretval__2printf.o(.text)
    __use_two_region_memory                  0x080028fd   Thumb Code     2  heapauxi.o(.text)
    __rt_heap_escrow$2region                 0x080028ff   Thumb Code     2  heapauxi.o(.text)
    __rt_heap_expand$2region                 0x08002901   Thumb Code     2  heapauxi.o(.text)
    __I$use$semihosting                      0x08002903   Thumb Code     0  use_no_semi.o(.text)
    __use_no_semihosting_swi                 0x08002903   Thumb Code     2  use_no_semi.o(.text)
    __read_errno                             0x08002905   Thumb Code    10  _rserrno.o(.text)
    __set_errno                              0x0800290f   Thumb Code    12  _rserrno.o(.text)
    _printf_char_file                        0x0800291d   Thumb Code    32  _printf_char_file.o(.text)
    __aeabi_errno_addr                       0x08002941   Thumb Code     8  rt_errno_addr_intlibspace.o(.text)
    __errno$intlibspace                      0x08002941   Thumb Code     0  rt_errno_addr_intlibspace.o(.text)
    __rt_errno_addr$intlibspace              0x08002941   Thumb Code     0  rt_errno_addr_intlibspace.o(.text)
    _printf_char_common                      0x08002953   Thumb Code    32  _printf_char_common.o(.text)
    ferror                                   0x08002979   Thumb Code     8  ferror.o(.text)
    __user_libspace                          0x08002981   Thumb Code     8  libspace.o(.text)
    __user_perproc_libspace                  0x08002981   Thumb Code     0  libspace.o(.text)
    __user_perthread_libspace                0x08002981   Thumb Code     0  libspace.o(.text)
    __user_setup_stackheap                   0x08002989   Thumb Code    74  sys_stackheap_outer.o(.text)
    __printf                                 0x080029d3   Thumb Code    40  __printf_nopercent.o(.text)
    exit                                     0x080029fb   Thumb Code    18  exit.o(.text)
    __ARM_fpclassify                         0x08002a0d   Thumb Code    40  fpclassify.o(i.__ARM_fpclassify)
    __ieee754_rem_pio2                       0x08002a35   Thumb Code   828  rred.o(i.__ieee754_rem_pio2)
    __kernel_cos                             0x08002dbd   Thumb Code   230  cos_i.o(i.__kernel_cos)
    __kernel_poly                            0x08002eb9   Thumb Code   170  poly.o(i.__kernel_poly)
    __kernel_sin                             0x08002f65   Thumb Code   224  sin_i.o(i.__kernel_sin)
    __mathlib_dbl_infnan                     0x08003051   Thumb Code     6  dunder.o(i.__mathlib_dbl_infnan)
    __mathlib_dbl_invalid                    0x08003057   Thumb Code    12  dunder.o(i.__mathlib_dbl_invalid)
    __mathlib_dbl_underflow                  0x08003065   Thumb Code    10  dunder.o(i.__mathlib_dbl_underflow)
    sin                                      0x08003075   Thumb Code   150  sin.o(i.sin)
    __aeabi_d2f                              0x08003115   Thumb Code     0  d2f.o(x$fpl$d2f)
    _d2f                                     0x08003115   Thumb Code    98  d2f.o(x$fpl$d2f)
    __aeabi_dadd                             0x08003179   Thumb Code     0  daddsub_clz.o(x$fpl$dadd)
    _dadd                                    0x08003179   Thumb Code   332  daddsub_clz.o(x$fpl$dadd)
    __fpl_dcheck_NaN1                        0x080032c9   Thumb Code    10  dcheck1.o(x$fpl$dcheck1)
    __aeabi_ddiv                             0x080032d9   Thumb Code     0  ddiv.o(x$fpl$ddiv)
    _ddiv                                    0x080032d9   Thumb Code   552  ddiv.o(x$fpl$ddiv)
    __aeabi_d2iz                             0x08003589   Thumb Code     0  dfix.o(x$fpl$dfix)
    _dfix                                    0x08003589   Thumb Code    94  dfix.o(x$fpl$dfix)
    __aeabi_d2uiz                            0x080035e9   Thumb Code     0  dfixu.o(x$fpl$dfixu)
    _dfixu                                   0x080035e9   Thumb Code    90  dfixu.o(x$fpl$dfixu)
    __aeabi_i2d                              0x08003643   Thumb Code     0  dflt_clz.o(x$fpl$dflt)
    _dflt                                    0x08003643   Thumb Code    46  dflt_clz.o(x$fpl$dflt)
    __aeabi_ui2d                             0x08003671   Thumb Code     0  dflt_clz.o(x$fpl$dfltu)
    _dfltu                                   0x08003671   Thumb Code    38  dflt_clz.o(x$fpl$dfltu)
    __aeabi_dmul                             0x08003699   Thumb Code     0  dmul.o(x$fpl$dmul)
    _dmul                                    0x08003699   Thumb Code   332  dmul.o(x$fpl$dmul)
    __fpl_dnaninf                            0x080037ed   Thumb Code   156  dnaninf.o(x$fpl$dnaninf)
    __fpl_dretinf                            0x08003889   Thumb Code    12  dretinf.o(x$fpl$dretinf)
    __aeabi_drsub                            0x08003895   Thumb Code     0  daddsub_clz.o(x$fpl$drsb)
    _drsb                                    0x08003895   Thumb Code    22  daddsub_clz.o(x$fpl$drsb)
    __aeabi_dsub                             0x080038ad   Thumb Code     0  daddsub_clz.o(x$fpl$dsub)
    _dsub                                    0x080038ad   Thumb Code   464  daddsub_clz.o(x$fpl$dsub)
    __aeabi_f2d                              0x08003a81   Thumb Code     0  f2d.o(x$fpl$f2d)
    _f2d                                     0x08003a81   Thumb Code    86  f2d.o(x$fpl$f2d)
    __aeabi_fdiv                             0x08003ad9   Thumb Code     0  fdiv.o(x$fpl$fdiv)
    _fdiv                                    0x08003ad9   Thumb Code   384  fdiv.o(x$fpl$fdiv)
    __aeabi_f2uiz                            0x08003c5d   Thumb Code     0  ffixu.o(x$fpl$ffixu)
    _ffixu                                   0x08003c5d   Thumb Code    62  ffixu.o(x$fpl$ffixu)
    __aeabi_ui2f                             0x08003c9d   Thumb Code     0  fflt_clz.o(x$fpl$ffltu)
    _ffltu                                   0x08003c9d   Thumb Code    38  fflt_clz.o(x$fpl$ffltu)
    __aeabi_fmul                             0x08003cc5   Thumb Code     0  fmul.o(x$fpl$fmul)
    _fmul                                    0x08003cc5   Thumb Code   258  fmul.o(x$fpl$fmul)
    __fpl_fnaninf                            0x08003dc7   Thumb Code   140  fnaninf.o(x$fpl$fnaninf)
    __fpl_fretinf                            0x08003e53   Thumb Code    10  fretinf.o(x$fpl$fretinf)
    __fpl_return_NaN                         0x08003e5d   Thumb Code   100  retnan.o(x$fpl$retnan)
    __ARM_scalbn                             0x08003ec1   Thumb Code    92  scalbn.o(x$fpl$scalbn)
    __fpl_cmpreturn                          0x08003f1d   Thumb Code    48  trapv.o(x$fpl$trapveneer)
    __I$use$fp                               0x08003f4c   Number         0  usenofp.o(x$fpl$usenofp)
    Region$$Table$$Base                      0x08004070   Number         0  anon$$obj.o(Region$$Table)
    Region$$Table$$Limit                     0x08004090   Number         0  anon$$obj.o(Region$$Table)
    __stdout                                 0x20000008   Data           4  usart.o(.data)
    __libspace_start                         0x20000820   Data          96  libspace.o(.bss)
    __temporary_stack_top$libspace           0x20000880   Data           0  libspace.o(.bss)



==============================================================================

Memory Map of the image

  Image Entry point : 0x08000131

  Load Region LR_IROM1 (Base: 0x08000000, Size: 0x000040b0, Max: 0x00080000, ABSOLUTE)

    Execution Region ER_IROM1 (Base: 0x08000000, Size: 0x00004090, Max: 0x00080000, ABSOLUTE)

    Base Addr    Size         Type   Attr      Idx    E Section Name        Object

    0x08000000   0x00000130   Data   RO           19    RESET               startup_stm32f10x_hd.o
    0x08000130   0x00000008   Code   RO          425  * !!!main             c_w.l(__main.o)
    0x08000138   0x00000034   Code   RO          700    !!!scatter          c_w.l(__scatter.o)
    0x0800016c   0x0000001a   Code   RO          702    !!handler_copy      c_w.l(__scatter_copy.o)
    0x08000186   0x00000002   PAD
    0x08000188   0x0000001c   Code   RO          704    !!handler_zi        c_w.l(__scatter_zi.o)
    0x080001a4   0x00000002   Code   RO          571    .ARM.Collect$$libinit$$00000000  c_w.l(libinit.o)
    0x080001a6   0x00000000   Code   RO          577    .ARM.Collect$$libinit$$00000002  c_w.l(libinit2.o)
    0x080001a6   0x00000000   Code   RO          579    .ARM.Collect$$libinit$$00000004  c_w.l(libinit2.o)
    0x080001a6   0x00000000   Code   RO          582    .ARM.Collect$$libinit$$0000000A  c_w.l(libinit2.o)
    0x080001a6   0x00000000   Code   RO          584    .ARM.Collect$$libinit$$0000000C  c_w.l(libinit2.o)
    0x080001a6   0x00000000   Code   RO          586    .ARM.Collect$$libinit$$0000000E  c_w.l(libinit2.o)
    0x080001a6   0x00000000   Code   RO          589    .ARM.Collect$$libinit$$00000011  c_w.l(libinit2.o)
    0x080001a6   0x00000000   Code   RO          591    .ARM.Collect$$libinit$$00000013  c_w.l(libinit2.o)
    0x080001a6   0x00000000   Code   RO          593    .ARM.Collect$$libinit$$00000015  c_w.l(libinit2.o)
    0x080001a6   0x00000000   Code   RO          595    .ARM.Collect$$libinit$$00000017  c_w.l(libinit2.o)
    0x080001a6   0x00000000   Code   RO          597    .ARM.Collect$$libinit$$00000019  c_w.l(libinit2.o)
    0x080001a6   0x00000000   Code   RO          599    .ARM.Collect$$libinit$$0000001B  c_w.l(libinit2.o)
    0x080001a6   0x00000000   Code   RO          601    .ARM.Collect$$libinit$$0000001D  c_w.l(libinit2.o)
    0x080001a6   0x00000000   Code   RO          603    .ARM.Collect$$libinit$$0000001F  c_w.l(libinit2.o)
    0x080001a6   0x00000000   Code   RO          605    .ARM.Collect$$libinit$$00000021  c_w.l(libinit2.o)
    0x080001a6   0x00000000   Code   RO          607    .ARM.Collect$$libinit$$00000023  c_w.l(libinit2.o)
    0x080001a6   0x00000000   Code   RO          609    .ARM.Collect$$libinit$$00000025  c_w.l(libinit2.o)
    0x080001a6   0x00000000   Code   RO          613    .ARM.Collect$$libinit$$0000002C  c_w.l(libinit2.o)
    0x080001a6   0x00000000   Code   RO          615    .ARM.Collect$$libinit$$0000002E  c_w.l(libinit2.o)
    0x080001a6   0x00000000   Code   RO          617    .ARM.Collect$$libinit$$00000030  c_w.l(libinit2.o)
    0x080001a6   0x00000000   Code   RO          619    .ARM.Collect$$libinit$$00000032  c_w.l(libinit2.o)
    0x080001a6   0x00000002   Code   RO          620    .ARM.Collect$$libinit$$00000033  c_w.l(libinit2.o)
    0x080001a8   0x00000002   Code   RO          642    .ARM.Collect$$libshutdown$$00000000  c_w.l(libshutdown.o)
    0x080001aa   0x00000000   Code   RO          652    .ARM.Collect$$libshutdown$$00000002  c_w.l(libshutdown2.o)
    0x080001aa   0x00000000   Code   RO          654    .ARM.Collect$$libshutdown$$00000004  c_w.l(libshutdown2.o)
    0x080001aa   0x00000000   Code   RO          657    .ARM.Collect$$libshutdown$$00000007  c_w.l(libshutdown2.o)
    0x080001aa   0x00000000   Code   RO          660    .ARM.Collect$$libshutdown$$0000000A  c_w.l(libshutdown2.o)
    0x080001aa   0x00000000   Code   RO          662    .ARM.Collect$$libshutdown$$0000000C  c_w.l(libshutdown2.o)
    0x080001aa   0x00000000   Code   RO          665    .ARM.Collect$$libshutdown$$0000000F  c_w.l(libshutdown2.o)
    0x080001aa   0x00000002   Code   RO          666    .ARM.Collect$$libshutdown$$00000010  c_w.l(libshutdown2.o)
    0x080001ac   0x00000000   Code   RO          479    .ARM.Collect$$rtentry$$00000000  c_w.l(__rtentry.o)
    0x080001ac   0x00000000   Code   RO          522    .ARM.Collect$$rtentry$$00000002  c_w.l(__rtentry2.o)
    0x080001ac   0x00000006   Code   RO          534    .ARM.Collect$$rtentry$$00000004  c_w.l(__rtentry4.o)
    0x080001b2   0x00000000   Code   RO          524    .ARM.Collect$$rtentry$$00000009  c_w.l(__rtentry2.o)
    0x080001b2   0x00000004   Code   RO          525    .ARM.Collect$$rtentry$$0000000A  c_w.l(__rtentry2.o)
    0x080001b6   0x00000000   Code   RO          527    .ARM.Collect$$rtentry$$0000000C  c_w.l(__rtentry2.o)
    0x080001b6   0x00000008   Code   RO          528    .ARM.Collect$$rtentry$$0000000D  c_w.l(__rtentry2.o)
    0x080001be   0x00000002   Code   RO          574    .ARM.Collect$$rtexit$$00000000  c_w.l(rtexit.o)
    0x080001c0   0x00000000   Code   RO          624    .ARM.Collect$$rtexit$$00000002  c_w.l(rtexit2.o)
    0x080001c0   0x00000004   Code   RO          625    .ARM.Collect$$rtexit$$00000003  c_w.l(rtexit2.o)
    0x080001c4   0x00000006   Code   RO          626    .ARM.Collect$$rtexit$$00000004  c_w.l(rtexit2.o)
    0x080001ca   0x00000002   PAD
    0x080001cc   0x00000048   Code   RO           20    .text               startup_stm32f10x_hd.o
    0x08000214   0x00000084   Code   RO           24    .text               main.o
    0x08000298   0x0000001a   Code   RO          114    .text               stm32f10x_it.o
    0x080002b2   0x00000002   PAD
    0x080002b4   0x00000160   Code   RO          147    .text               extigroup.o
    0x08000414   0x000000a0   Code   RO          188    .text               delay.o
    0x080004b4   0x000000e0   Code   RO          202    .text               usart.o
    0x08000594   0x0000008c   Code   RO          221    .text               stm32_clock.o
    0x08000620   0x0000004c   Code   RO          233    .text               led.o
    0x0800066c   0x00000080   Code   RO          245    .text               pwm.o
    0x080006ec   0x00000144   Code   RO          260    .text               key.o
    0x08000830   0x00000290   Code   RO          272    .text               wave.o
    0x08000ac0   0x0000035c   Code   RO          302    .text               stm32f10x_gpio.o
    0x08000e1c   0x000003a4   Code   RO          314    .text               stm32f10x_rcc.o
    0x080011c0   0x00000254   Code   RO          328    .text               stm32f10x_dma.o
    0x08001414   0x00000408   Code   RO          340    .text               stm32f10x_usart.o
    0x0800181c   0x0000018c   Code   RO          367    .text               stm32f10x_dac.o
    0x080019a8   0x00000e1a   Code   RO          391    .text               stm32f10x_tim.o
    0x080027c2   0x00000002   PAD
    0x080027c4   0x0000011c   Code   RO          403    .text               stm32f10x_exti.o
    0x080028e0   0x00000002   Code   RO          417    .text               c_w.l(use_no_semi_2.o)
    0x080028e2   0x00000002   PAD
    0x080028e4   0x00000018   Code   RO          421    .text               c_w.l(noretval__2printf.o)
    0x080028fc   0x00000006   Code   RO          423    .text               c_w.l(heapauxi.o)
    0x08002902   0x00000002   Code   RO          477    .text               c_w.l(use_no_semi.o)
    0x08002904   0x00000016   Code   RO          480    .text               c_w.l(_rserrno.o)
    0x0800291a   0x00000002   PAD
    0x0800291c   0x00000024   Code   RO          482    .text               c_w.l(_printf_char_file.o)
    0x08002940   0x00000008   Code   RO          539    .text               c_w.l(rt_errno_addr_intlibspace.o)
    0x08002948   0x00000030   Code   RO          541    .text               c_w.l(_printf_char_common.o)
    0x08002978   0x00000008   Code   RO          543    .text               c_w.l(ferror.o)
    0x08002980   0x00000008   Code   RO          557    .text               c_w.l(libspace.o)
    0x08002988   0x0000004a   Code   RO          560    .text               c_w.l(sys_stackheap_outer.o)
    0x080029d2   0x00000028   Code   RO          562    .text               c_w.l(__printf_nopercent.o)
    0x080029fa   0x00000012   Code   RO          564    .text               c_w.l(exit.o)
    0x08002a0c   0x00000028   Code   RO          553    i.__ARM_fpclassify  m_ws.l(fpclassify.o)
    0x08002a34   0x00000388   Code   RO          510    i.__ieee754_rem_pio2  m_ws.l(rred.o)
    0x08002dbc   0x000000fc   Code   RO          493    i.__kernel_cos      m_ws.l(cos_i.o)
    0x08002eb8   0x000000aa   Code   RO          555    i.__kernel_poly     m_ws.l(poly.o)
    0x08002f62   0x00000002   PAD
    0x08002f64   0x000000ec   Code   RO          515    i.__kernel_sin      m_ws.l(sin_i.o)
    0x08003050   0x00000006   Code   RO          497    i.__mathlib_dbl_infnan  m_ws.l(dunder.o)
    0x08003056   0x0000000c   Code   RO          499    i.__mathlib_dbl_invalid  m_ws.l(dunder.o)
    0x08003062   0x00000002   PAD
    0x08003064   0x00000010   Code   RO          502    i.__mathlib_dbl_underflow  m_ws.l(dunder.o)
    0x08003074   0x000000a0   Code   RO          470    i.sin               m_ws.l(sin.o)
    0x08003114   0x00000062   Code   RO          427    x$fpl$d2f           fz_ws.l(d2f.o)
    0x08003176   0x00000002   PAD
    0x08003178   0x00000150   Code   RO          429    x$fpl$dadd          fz_ws.l(daddsub_clz.o)
    0x080032c8   0x00000010   Code   RO          572    x$fpl$dcheck1       fz_ws.l(dcheck1.o)
    0x080032d8   0x000002b0   Code   RO          436    x$fpl$ddiv          fz_ws.l(ddiv.o)
    0x08003588   0x0000005e   Code   RO          547    x$fpl$dfix          fz_ws.l(dfix.o)
    0x080035e6   0x00000002   PAD
    0x080035e8   0x0000005a   Code   RO          439    x$fpl$dfixu         fz_ws.l(dfixu.o)
    0x08003642   0x0000002e   Code   RO          444    x$fpl$dflt          fz_ws.l(dflt_clz.o)
    0x08003670   0x00000026   Code   RO          443    x$fpl$dfltu         fz_ws.l(dflt_clz.o)
    0x08003696   0x00000002   PAD
    0x08003698   0x00000154   Code   RO          449    x$fpl$dmul          fz_ws.l(dmul.o)
    0x080037ec   0x0000009c   Code   RO          484    x$fpl$dnaninf       fz_ws.l(dnaninf.o)
    0x08003888   0x0000000c   Code   RO          486    x$fpl$dretinf       fz_ws.l(dretinf.o)
    0x08003894   0x00000016   Code   RO          430    x$fpl$drsb          fz_ws.l(daddsub_clz.o)
    0x080038aa   0x00000002   PAD
    0x080038ac   0x000001d4   Code   RO          431    x$fpl$dsub          fz_ws.l(daddsub_clz.o)
    0x08003a80   0x00000056   Code   RO          451    x$fpl$f2d           fz_ws.l(f2d.o)
    0x08003ad6   0x00000002   PAD
    0x08003ad8   0x00000184   Code   RO          454    x$fpl$fdiv          fz_ws.l(fdiv.o)
    0x08003c5c   0x0000003e   Code   RO          457    x$fpl$ffixu         fz_ws.l(ffixu.o)
    0x08003c9a   0x00000002   PAD
    0x08003c9c   0x00000026   Code   RO          461    x$fpl$ffltu         fz_ws.l(fflt_clz.o)
    0x08003cc2   0x00000002   PAD
    0x08003cc4   0x00000102   Code   RO          467    x$fpl$fmul          fz_ws.l(fmul.o)
    0x08003dc6   0x0000008c   Code   RO          488    x$fpl$fnaninf       fz_ws.l(fnaninf.o)
    0x08003e52   0x0000000a   Code   RO          490    x$fpl$fretinf       fz_ws.l(fretinf.o)
    0x08003e5c   0x00000064   Code   RO          621    x$fpl$retnan        fz_ws.l(retnan.o)
    0x08003ec0   0x0000005c   Code   RO          551    x$fpl$scalbn        fz_ws.l(scalbn.o)
    0x08003f1c   0x00000030   Code   RO          634    x$fpl$trapveneer    fz_ws.l(trapv.o)
    0x08003f4c   0x00000000   Code   RO          492    x$fpl$usenofp       fz_ws.l(usenofp.o)
    0x08003f4c   0x00000004   PAD
    0x08003f50   0x00000030   Data   RO          494    .constdata          m_ws.l(cos_i.o)
    0x08003f80   0x000000c8   Data   RO          512    .constdata          m_ws.l(rred.o)
    0x08004048   0x00000028   Data   RO          516    .constdata          m_ws.l(sin_i.o)
    0x08004070   0x00000020   Data   RO          698    Region$$Table       anon$$obj.o


    Execution Region RW_IRAM1 (Base: 0x20000000, Size: 0x00001080, Max: 0x00010000, ABSOLUTE)

    Base Addr    Size         Type   Attr      Idx    E Section Name        Object

    0x20000000   0x00000008   Data   RW          189    .data               delay.o
    0x20000008   0x00000004   Data   RW          203    .data               usart.o
    0x2000000c   0x00000014   Data   RW          315    .data               stm32f10x_rcc.o
    0x20000020   0x00000800   Zero   RW          273    .bss                wave.o
    0x20000820   0x00000060   Zero   RW          558    .bss                c_w.l(libspace.o)
    0x20000880   0x00000000   Zero   RW           18    HEAP                startup_stm32f10x_hd.o
    0x20000880   0x00000800   Zero   RW           17    STACK               startup_stm32f10x_hd.o


==============================================================================

Image component sizes


      Code (inc. data)   RO Data    RW Data    ZI Data      Debug   Object Name

         0          0          0          0          0       4540   core_cm3.o
       160         10          0          8          0        959   delay.o
       352         28          0          0          0     206462   extigroup.o
       324         16          0          0          0       1005   key.o
        76          8          0          0          0        423   led.o
       132         22          0          0          0     261087   main.o
       128         10          0          0          0        700   pwm.o
        72         26        304          0       2048        816   startup_stm32f10x_hd.o
       140          8          0          0          0        507   stm32_clock.o
       396          6          0          0          0       3518   stm32f10x_dac.o
       596          8          0          0          0       4218   stm32f10x_dma.o
       284         10          0          0          0       2107   stm32f10x_exti.o
       860         38          0          0          0       5585   stm32f10x_gpio.o
        26          0          0          0          0       1146   stm32f10x_it.o
       932         36          0         20          0       8708   stm32f10x_rcc.o
      3610         88          0          0          0      22692   stm32f10x_tim.o
      1032         22          0          0          0       8312   stm32f10x_usart.o
       224         10          0          4          0       3140   usart.o
       656         52          0          0       2048       2461   wave.o

    ----------------------------------------------------------------------
     10004        398        336         32       4096     538386   Object Totals
         0          0         32          0          0          0   (incl. Generated)
         4          0          0          0          0          0   (incl. Padding)

    ----------------------------------------------------------------------

      Code (inc. data)   RO Data    RW Data    ZI Data      Debug   Library Member Name

         8          0          0          0          0         68   __main.o
        40          0          0          0          0         84   __printf_nopercent.o
         0          0          0          0          0          0   __rtentry.o
        12          0          0          0          0          0   __rtentry2.o
         6          0          0          0          0          0   __rtentry4.o
        52          8          0          0          0          0   __scatter.o
        26          0          0          0          0          0   __scatter_copy.o
        28          0          0          0          0          0   __scatter_zi.o
        48          6          0          0          0         96   _printf_char_common.o
        36          4          0          0          0         80   _printf_char_file.o
        22          0          0          0          0        100   _rserrno.o
        18          0          0          0          0         80   exit.o
         8          0          0          0          0         68   ferror.o
         6          0          0          0          0        152   heapauxi.o
         2          0          0          0          0          0   libinit.o
         2          0          0          0          0          0   libinit2.o
         2          0          0          0          0          0   libshutdown.o
         2          0          0          0          0          0   libshutdown2.o
         8          4          0          0         96         68   libspace.o
        24          4          0          0          0         84   noretval__2printf.o
         8          4          0          0          0         68   rt_errno_addr_intlibspace.o
         2          0          0          0          0          0   rtexit.o
        10          0          0          0          0          0   rtexit2.o
        74          0          0          0          0         80   sys_stackheap_outer.o
         2          0          0          0          0         68   use_no_semi.o
         2          0          0          0          0         68   use_no_semi_2.o
        98          4          0          0          0         92   d2f.o
       826         16          0          0          0        348   daddsub_clz.o
        16          4          0          0          0         68   dcheck1.o
       688        140          0          0          0        208   ddiv.o
        94          4          0          0          0         92   dfix.o
        90          4          0          0          0         92   dfixu.o
        84          0          0          0          0        136   dflt_clz.o
       340         12          0          0          0        104   dmul.o
       156          4          0          0          0         92   dnaninf.o
        12          0          0          0          0         68   dretinf.o
        86          4          0          0          0         84   f2d.o
       388         76          0          0          0         96   fdiv.o
        62          4          0          0          0         84   ffixu.o
        38          0          0          0          0         68   fflt_clz.o
       258          4          0          0          0         84   fmul.o
       140          4          0          0          0         84   fnaninf.o
        10          0          0          0          0         68   fretinf.o
       100          0          0          0          0         68   retnan.o
        92          0          0          0          0         68   scalbn.o
        48          0          0          0          0         68   trapv.o
         0          0          0          0          0          0   usenofp.o
       252         22         48          0          0        124   cos_i.o
        34          6          0          0          0        204   dunder.o
        40          0          0          0          0         68   fpclassify.o
       170          0          0          0          0         96   poly.o
       904         76        200          0          0        140   rred.o
       160         10          0          0          0        108   sin.o
       236         12         40          0          0        128   sin_i.o

    ----------------------------------------------------------------------
      5900        436        288          0         96       4104   Library Totals
        30          0          0          0          0          0   (incl. Padding)

    ----------------------------------------------------------------------

      Code (inc. data)   RO Data    RW Data    ZI Data      Debug   Library Name

       448         30          0          0         96       1164   c_w.l
      3626        280          0          0          0       2072   fz_ws.l
      1796        126        288          0          0        868   m_ws.l

    ----------------------------------------------------------------------
      5900        436        288          0         96       4104   Library Totals

    ----------------------------------------------------------------------

==============================================================================


      Code (inc. data)   RO Data    RW Data    ZI Data      Debug   

     15904        834        624         32       4192     538742   Grand Totals
     15904        834        624         32       4192     538742   ELF Image Totals
     15904        834        624         32          0          0   ROM Totals

==============================================================================

    Total RO  Size (Code + RO Data)                16528 (  16.14kB)
    Total RW  Size (RW Data + ZI Data)              4224 (   4.13kB)
    Total ROM Size (Code + RO Data + RW Data)      16560 (  16.17kB)

==============================================================================

